###############################################################################
#
# IAR ELF Linker V8.32.3.193/W32 for ARM                  02/May/2019  11:58:01
# Copyright 2007-2019 IAR Systems AB.
#
#    Output file  =  
#        C:\projects\switchTouchGFX\switch_touchgfx\EWARM\switch_touchgfx\Exe\switch_touchgfx.out
#    Map file     =  
#        C:\projects\switchTouchGFX\switch_touchgfx\EWARM\switch_touchgfx\List\switch_touchgfx.map
#    Command line =  
#        -f C:\Users\user\AppData\Local\Temp\EW60DA.tmp
#        (C:\projects\switchTouchGFX\switch_touchgfx\EWARM\switch_touchgfx\Obj\AllScenesContainer.o
#        C:\projects\switchTouchGFX\switch_touchgfx\EWARM\switch_touchgfx\Obj\AllScenesContainerBase.o
#        C:\projects\switchTouchGFX\switch_touchgfx\EWARM\switch_touchgfx\Obj\AllZonesContainer.o
#        C:\projects\switchTouchGFX\switch_touchgfx\EWARM\switch_touchgfx\Obj\AllZonesContainerBase.o
#        C:\projects\switchTouchGFX\switch_touchgfx\EWARM\switch_touchgfx\Obj\ApplicationFontProvider.o
#        C:\projects\switchTouchGFX\switch_touchgfx\EWARM\switch_touchgfx\Obj\autoTintButtonNotPressedNew.o
#        C:\projects\switchTouchGFX\switch_touchgfx\EWARM\switch_touchgfx\Obj\autoTintButtonPressedNew.o
#        C:\projects\switchTouchGFX\switch_touchgfx\EWARM\switch_touchgfx\Obj\backButton.o
#        C:\projects\switchTouchGFX\switch_touchgfx\EWARM\switch_touchgfx\Obj\background_image.o
#        C:\projects\switchTouchGFX\switch_touchgfx\EWARM\switch_touchgfx\Obj\BitmapDatabase.o
#        C:\projects\switchTouchGFX\switch_touchgfx\EWARM\switch_touchgfx\Obj\blue_buttons_round_edge_small.o
#        C:\projects\switchTouchGFX\switch_touchgfx\EWARM\switch_touchgfx\Obj\BoardConfiguration.o
#        C:\projects\switchTouchGFX\switch_touchgfx\EWARM\switch_touchgfx\Obj\closeButton.o
#        C:\projects\switchTouchGFX\switch_touchgfx\EWARM\switch_touchgfx\Obj\cmsis_os.o
#        C:\projects\switchTouchGFX\switch_touchgfx\EWARM\switch_touchgfx\Obj\combinedGraphicNew.o
#        C:\projects\switchTouchGFX\switch_touchgfx\EWARM\switch_touchgfx\Obj\croutine.o
#        C:\projects\switchTouchGFX\switch_touchgfx\EWARM\switch_touchgfx\Obj\event_groups.o
#        C:\projects\switchTouchGFX\switch_touchgfx\EWARM\switch_touchgfx\Obj\exc7200.o
#        C:\projects\switchTouchGFX\switch_touchgfx\EWARM\switch_touchgfx\Obj\Font_verdana_10_4bpp.o
#        C:\projects\switchTouchGFX\switch_touchgfx\EWARM\switch_touchgfx\Obj\Font_verdana_20_4bpp.o
#        C:\projects\switchTouchGFX\switch_touchgfx\EWARM\switch_touchgfx\Obj\Font_verdana_40_4bpp.o
#        C:\projects\switchTouchGFX\switch_touchgfx\EWARM\switch_touchgfx\Obj\FontGetters.o
#        C:\projects\switchTouchGFX\switch_touchgfx\EWARM\switch_touchgfx\Obj\freertos.o
#        C:\projects\switchTouchGFX\switch_touchgfx\EWARM\switch_touchgfx\Obj\FrontendApplication.o
#        C:\projects\switchTouchGFX\switch_touchgfx\EWARM\switch_touchgfx\Obj\FrontendApplicationBase.o
#        C:\projects\switchTouchGFX\switch_touchgfx\EWARM\switch_touchgfx\Obj\ft5436.o
#        C:\projects\switchTouchGFX\switch_touchgfx\EWARM\switch_touchgfx\Obj\GPIO.o
#        C:\projects\switchTouchGFX\switch_touchgfx\EWARM\switch_touchgfx\Obj\heap_4.o
#        C:\projects\switchTouchGFX\switch_touchgfx\EWARM\switch_touchgfx\Obj\HW_Init.o
#        C:\projects\switchTouchGFX\switch_touchgfx\EWARM\switch_touchgfx\Obj\Kerning_verdana_10_4bpp.o
#        C:\projects\switchTouchGFX\switch_touchgfx\EWARM\switch_touchgfx\Obj\Kerning_verdana_20_4bpp.o
#        C:\projects\switchTouchGFX\switch_touchgfx\EWARM\switch_touchgfx\Obj\Kerning_verdana_40_4bpp.o
#        C:\projects\switchTouchGFX\switch_touchgfx\EWARM\switch_touchgfx\Obj\LanguageGb.o
#        C:\projects\switchTouchGFX\switch_touchgfx\EWARM\switch_touchgfx\Obj\list.o
#        C:\projects\switchTouchGFX\switch_touchgfx\EWARM\switch_touchgfx\Obj\main.o
#        C:\projects\switchTouchGFX\switch_touchgfx\EWARM\switch_touchgfx\Obj\MainPresenter.o
#        C:\projects\switchTouchGFX\switch_touchgfx\EWARM\switch_touchgfx\Obj\MainView.o
#        C:\projects\switchTouchGFX\switch_touchgfx\EWARM\switch_touchgfx\Obj\MainViewBase.o
#        C:\projects\switchTouchGFX\switch_touchgfx\EWARM\switch_touchgfx\Obj\manualTintButtonNotPressedNew.o
#        C:\projects\switchTouchGFX\switch_touchgfx\EWARM\switch_touchgfx\Obj\manualTintButtonPressedNew.o
#        C:\projects\switchTouchGFX\switch_touchgfx\EWARM\switch_touchgfx\Obj\Model.o
#        C:\projects\switchTouchGFX\switch_touchgfx\EWARM\switch_touchgfx\Obj\OSWrappers.o
#        C:\projects\switchTouchGFX\switch_touchgfx\EWARM\switch_touchgfx\Obj\panelBase.o
#        C:\projects\switchTouchGFX\switch_touchgfx\EWARM\switch_touchgfx\Obj\panelSettingsButtonIcon.o
#        C:\projects\switchTouchGFX\switch_touchgfx\EWARM\switch_touchgfx\Obj\PanelSettingsContainer.o
#        C:\projects\switchTouchGFX\switch_touchgfx\EWARM\switch_touchgfx\Obj\PanelSettingsContainerBase.o
#        C:\projects\switchTouchGFX\switch_touchgfx\EWARM\switch_touchgfx\Obj\port.o
#        C:\projects\switchTouchGFX\switch_touchgfx\EWARM\switch_touchgfx\Obj\portasm.o
#        C:\projects\switchTouchGFX\switch_touchgfx\EWARM\switch_touchgfx\Obj\presentScenesButtonNotPressedNew.o
#        C:\projects\switchTouchGFX\switch_touchgfx\EWARM\switch_touchgfx\Obj\presentScenesButtonPressedNew.o
#        C:\projects\switchTouchGFX\switch_touchgfx\EWARM\switch_touchgfx\Obj\queue.o
#        C:\projects\switchTouchGFX\switch_touchgfx\EWARM\switch_touchgfx\Obj\sdram.o
#        C:\projects\switchTouchGFX\switch_touchgfx\EWARM\switch_touchgfx\Obj\SingleZoneContainer.o
#        C:\projects\switchTouchGFX\switch_touchgfx\EWARM\switch_touchgfx\Obj\SingleZoneContainerBase.o
#        C:\projects\switchTouchGFX\switch_touchgfx\EWARM\switch_touchgfx\Obj\startup_stm32f429xx.o
#        C:\projects\switchTouchGFX\switch_touchgfx\EWARM\switch_touchgfx\Obj\STM32F4DMA.o
#        C:\projects\switchTouchGFX\switch_touchgfx\EWARM\switch_touchgfx\Obj\STM32F4HAL.o
#        C:\projects\switchTouchGFX\switch_touchgfx\EWARM\switch_touchgfx\Obj\STM32F4Instrumentation.o
#        C:\projects\switchTouchGFX\switch_touchgfx\EWARM\switch_touchgfx\Obj\STM32F4TouchController.o
#        C:\projects\switchTouchGFX\switch_touchgfx\EWARM\switch_touchgfx\Obj\stm32f4xx_hal.o
#        C:\projects\switchTouchGFX\switch_touchgfx\EWARM\switch_touchgfx\Obj\stm32f4xx_hal_cortex.o
#        C:\projects\switchTouchGFX\switch_touchgfx\EWARM\switch_touchgfx\Obj\stm32f4xx_hal_crc.o
#        C:\projects\switchTouchGFX\switch_touchgfx\EWARM\switch_touchgfx\Obj\stm32f4xx_hal_dma.o
#        C:\projects\switchTouchGFX\switch_touchgfx\EWARM\switch_touchgfx\Obj\stm32f4xx_hal_dma2d.o
#        C:\projects\switchTouchGFX\switch_touchgfx\EWARM\switch_touchgfx\Obj\stm32f4xx_hal_dma_ex.o
#        C:\projects\switchTouchGFX\switch_touchgfx\EWARM\switch_touchgfx\Obj\stm32f4xx_hal_dsi.o
#        C:\projects\switchTouchGFX\switch_touchgfx\EWARM\switch_touchgfx\Obj\stm32f4xx_hal_exti.o
#        C:\projects\switchTouchGFX\switch_touchgfx\EWARM\switch_touchgfx\Obj\stm32f4xx_hal_flash.o
#        C:\projects\switchTouchGFX\switch_touchgfx\EWARM\switch_touchgfx\Obj\stm32f4xx_hal_flash_ex.o
#        C:\projects\switchTouchGFX\switch_touchgfx\EWARM\switch_touchgfx\Obj\stm32f4xx_hal_flash_ramfunc.o
#        C:\projects\switchTouchGFX\switch_touchgfx\EWARM\switch_touchgfx\Obj\stm32f4xx_hal_gpio.o
#        C:\projects\switchTouchGFX\switch_touchgfx\EWARM\switch_touchgfx\Obj\stm32f4xx_hal_i2c.o
#        C:\projects\switchTouchGFX\switch_touchgfx\EWARM\switch_touchgfx\Obj\stm32f4xx_hal_i2c_ex.o
#        C:\projects\switchTouchGFX\switch_touchgfx\EWARM\switch_touchgfx\Obj\stm32f4xx_hal_ltdc.o
#        C:\projects\switchTouchGFX\switch_touchgfx\EWARM\switch_touchgfx\Obj\stm32f4xx_hal_ltdc_ex.o
#        C:\projects\switchTouchGFX\switch_touchgfx\EWARM\switch_touchgfx\Obj\stm32f4xx_hal_msp.o
#        C:\projects\switchTouchGFX\switch_touchgfx\EWARM\switch_touchgfx\Obj\stm32f4xx_hal_pwr.o
#        C:\projects\switchTouchGFX\switch_touchgfx\EWARM\switch_touchgfx\Obj\stm32f4xx_hal_pwr_ex.o
#        C:\projects\switchTouchGFX\switch_touchgfx\EWARM\switch_touchgfx\Obj\stm32f4xx_hal_rcc.o
#        C:\projects\switchTouchGFX\switch_touchgfx\EWARM\switch_touchgfx\Obj\stm32f4xx_hal_rcc_ex.o
#        C:\projects\switchTouchGFX\switch_touchgfx\EWARM\switch_touchgfx\Obj\stm32f4xx_hal_sdram.o
#        C:\projects\switchTouchGFX\switch_touchgfx\EWARM\switch_touchgfx\Obj\stm32f4xx_hal_tim.o
#        C:\projects\switchTouchGFX\switch_touchgfx\EWARM\switch_touchgfx\Obj\stm32f4xx_hal_tim_ex.o
#        C:\projects\switchTouchGFX\switch_touchgfx\EWARM\switch_touchgfx\Obj\stm32f4xx_hal_uart.o
#        C:\projects\switchTouchGFX\switch_touchgfx\EWARM\switch_touchgfx\Obj\stm32f4xx_it.o
#        C:\projects\switchTouchGFX\switch_touchgfx\EWARM\switch_touchgfx\Obj\stm32f4xx_ll_fmc.o
#        C:\projects\switchTouchGFX\switch_touchgfx\EWARM\switch_touchgfx\Obj\stmpe811.o
#        C:\projects\switchTouchGFX\switch_touchgfx\EWARM\switch_touchgfx\Obj\stream_buffer.o
#        C:\projects\switchTouchGFX\switch_touchgfx\EWARM\switch_touchgfx\Obj\sun-icon.o
#        C:\projects\switchTouchGFX\switch_touchgfx\EWARM\switch_touchgfx\Obj\system_stm32f4xx.o
#        C:\projects\switchTouchGFX\switch_touchgfx\EWARM\switch_touchgfx\Obj\Table_verdana_10_4bpp.o
#        C:\projects\switchTouchGFX\switch_touchgfx\EWARM\switch_touchgfx\Obj\Table_verdana_20_4bpp.o
#        C:\projects\switchTouchGFX\switch_touchgfx\EWARM\switch_touchgfx\Obj\Table_verdana_40_4bpp.o
#        C:\projects\switchTouchGFX\switch_touchgfx\EWARM\switch_touchgfx\Obj\tasks.o
#        C:\projects\switchTouchGFX\switch_touchgfx\EWARM\switch_touchgfx\Obj\Texts.o
#        C:\projects\switchTouchGFX\switch_touchgfx\EWARM\switch_touchgfx\Obj\timers.o
#        C:\projects\switchTouchGFX\switch_touchgfx\EWARM\switch_touchgfx\Obj\toggleNotPressed.o
#        C:\projects\switchTouchGFX\switch_touchgfx\EWARM\switch_touchgfx\Obj\togglePressed.o
#        C:\projects\switchTouchGFX\switch_touchgfx\Middlewares\ST\TouchGFX\touchgfx\lib\core\cortex_m4f\IAR8.x\touchgfx_core_release.a
#        C:\projects\switchTouchGFX\switch_touchgfx\EWARM\switch_touchgfx\Obj\ts3510.o
#        C:\projects\switchTouchGFX\switch_touchgfx\EWARM\switch_touchgfx\Obj\TypedTextDatabase.o
#        C:\projects\switchTouchGFX\switch_touchgfx\EWARM\switch_touchgfx\Obj\WindowSettingsContainer.o
#        C:\projects\switchTouchGFX\switch_touchgfx\EWARM\switch_touchgfx\Obj\WindowSettingsContainerBase.o
#        C:\projects\switchTouchGFX\switch_touchgfx\EWARM\switch_touchgfx\Obj\zoneGrad1NotPressed.o
#        C:\projects\switchTouchGFX\switch_touchgfx\EWARM\switch_touchgfx\Obj\zoneGrad1Pressed.o
#        C:\projects\switchTouchGFX\switch_touchgfx\EWARM\switch_touchgfx\Obj\zoneGrad2NotPressed.o
#        C:\projects\switchTouchGFX\switch_touchgfx\EWARM\switch_touchgfx\Obj\zoneGrad2Pressed.o
#        C:\projects\switchTouchGFX\switch_touchgfx\EWARM\switch_touchgfx\Obj\zoneGrad3NotPressed.o
#        C:\projects\switchTouchGFX\switch_touchgfx\EWARM\switch_touchgfx\Obj\zoneGrad3Pressed.o
#        C:\projects\switchTouchGFX\switch_touchgfx\EWARM\switch_touchgfx\Obj\zoneGrad4NotPressed.o
#        C:\projects\switchTouchGFX\switch_touchgfx\EWARM\switch_touchgfx\Obj\zoneGrad4Pressed.o
#        C:\projects\switchTouchGFX\switch_touchgfx\EWARM\switch_touchgfx\Obj\zoneGrey1NotPressed.o
#        C:\projects\switchTouchGFX\switch_touchgfx\EWARM\switch_touchgfx\Obj\zoneGrey1Pressed.o
#        C:\projects\switchTouchGFX\switch_touchgfx\EWARM\switch_touchgfx\Obj\zoneGrey2NotPressed.o
#        C:\projects\switchTouchGFX\switch_touchgfx\EWARM\switch_touchgfx\Obj\zoneGrey2Pressed.o
#        C:\projects\switchTouchGFX\switch_touchgfx\EWARM\switch_touchgfx\Obj\zoneGrey3NotPressed.o
#        C:\projects\switchTouchGFX\switch_touchgfx\EWARM\switch_touchgfx\Obj\zoneGrey3Pressed.o
#        C:\projects\switchTouchGFX\switch_touchgfx\EWARM\switch_touchgfx\Obj\zoneWhiteNotPressed.o
#        C:\projects\switchTouchGFX\switch_touchgfx\EWARM\switch_touchgfx\Obj\zoneWhitePressed.o
#        --redirect _Printf=_PrintfFull --redirect _Scanf=_ScanfFull
#        --no_out_extension -o
#        C:\projects\switchTouchGFX\switch_touchgfx\EWARM\switch_touchgfx\Exe\switch_touchgfx.out
#        --map
#        C:\projects\switchTouchGFX\switch_touchgfx\EWARM\switch_touchgfx\List\switch_touchgfx.map
#        --config
#        C:\projects\switchTouchGFX\switch_touchgfx\EWARM/stm32f429xx_flash.icf
#        --semihosting --entry __iar_program_start --vfe --text_out locale)
#
###############################################################################

*******************************************************************************
*** RUNTIME MODEL ATTRIBUTES
***

CppFlavor                     = *
__CPP_Exceptions              = Disabled
__CPP_Language                = C++14
__Heap_Handler                = Basic
__SystemLibrary               = DLib
__dlib_dynamic_initialization = normal
__dlib_version                = 6


*******************************************************************************
*** HEAP SELECTION
***

The basic heap was selected because no calls to memory allocation
functions were found in the application outside of system library
functions, and there are calls to deallocation functions in the
application.


*******************************************************************************
*** PLACEMENT SUMMARY
***

"A0":  place at 0x800'0000 { ro section .intvec };
"P1":  place in [from 0x800'0000 to 0x81f'ffff] { ro };
define block CSTACK with size = 1K, alignment = 8 { };
define block HEAP with size = 512, alignment = 8 { };
"P2":  place in [from 0x2000'0000 to 0x2002'ffff] {
          rw, block CSTACK, block HEAP };
initialize by copy { rw };

  Section                Kind         Address      Size  Object
  -------                ----         -------      ----  ------
"A0":                                             0x1ac
  .intvec                ro code   0x800'0000     0x1ac  startup_stm32f429xx.o [1]
                                 - 0x800'01ac     0x1ac

"P1":                                          0x167f83
  ExtFlashSection        const     0x800'01ac   0x66594  panelBase.o [1]
  ExtFlashSection        const     0x806'6740   0x5fa00  background_image.o [1]
  ExtFlashSection        const     0x80c'6140   0x152c0  combinedGraphicNew.o [1]
  ExtFlashSection        const     0x80d'b400    0xb9f0  autoTintButtonNotPressedNew.o [1]
  ExtFlashSection        const     0x80e'6df0    0xb9f0  autoTintButtonPressedNew.o [1]
  ExtFlashSection        const     0x80f'27e0    0xb9f0  manualTintButtonNotPressedNew.o [1]
  ExtFlashSection        const     0x80f'e1d0    0xb9f0  manualTintButtonPressedNew.o [1]
  ExtFlashSection        const     0x810'9bc0    0xb9f0  presentScenesButtonNotPressedNew.o [1]
  ExtFlashSection        const     0x811'55b0    0xb9f0  presentScenesButtonPressedNew.o [1]
  ExtFlashSection        const     0x812'0fa0    0x9f60  blue_buttons_round_edge_small.o [1]
  FontFlashSection       const     0x812'af00    0x4f00  Font_verdana_40_4bpp.o [1]
  ExtFlashSection        const     0x812'fe00    0x2198  zoneGrad1NotPressed.o [1]
  ExtFlashSection        const     0x813'1f98    0x2198  zoneGrad1Pressed.o [1]
  ExtFlashSection        const     0x813'4130    0x2198  zoneGrad2NotPressed.o [1]
  ExtFlashSection        const     0x813'62c8    0x2198  zoneGrad2Pressed.o [1]
  ExtFlashSection        const     0x813'8460    0x2198  zoneGrad3NotPressed.o [1]
  ExtFlashSection        const     0x813'a5f8    0x2198  zoneGrad3Pressed.o [1]
  ExtFlashSection        const     0x813'c790    0x2198  zoneGrad4NotPressed.o [1]
  ExtFlashSection        const     0x813'e928    0x2198  zoneGrad4Pressed.o [1]
  ExtFlashSection        const     0x814'0ac0    0x2198  zoneGrey1NotPressed.o [1]
  ExtFlashSection        const     0x814'2c58    0x2198  zoneGrey1Pressed.o [1]
  ExtFlashSection        const     0x814'4df0    0x2198  zoneGrey2NotPressed.o [1]
  ExtFlashSection        const     0x814'6f88    0x2198  zoneGrey2Pressed.o [1]
  ExtFlashSection        const     0x814'9120    0x2198  zoneGrey3NotPressed.o [1]
  ExtFlashSection        const     0x814'b2b8    0x2198  zoneGrey3Pressed.o [1]
  ExtFlashSection        const     0x814'd450    0x2198  zoneWhiteNotPressed.o [1]
  ExtFlashSection        const     0x814'f5e8    0x2198  zoneWhitePressed.o [1]
  FontFlashSection       const     0x815'1780    0x13b8  Font_verdana_20_4bpp.o [1]
  .text                  ro code   0x815'2b38     0xf46  xprintffull.o [2]
  .text                  ro code   0x815'3a7e      0x7a  lz77_init_single.o [5]
  .text                  ro code   0x815'3af8      0x78  xlocale_c.o [2]
  .text                  ro code   0x815'3b70      0x16  strchr.o [5]
  .text                  ro code   0x815'3b86      0x4a  ScrollableContainer.o [7]
  .text                  ro code   0x815'3bd0      0x40  xfail_s.o [2]
  .text                  ro code   0x815'3c10      0x36  strlen.o [5]
  .text                  ro code   0x815'3c46      0x3a  zero_init3.o [5]
  .text                  ro code   0x815'3c80      0x58  memchr.o [5]
  .text                  ro code   0x815'3cd8       0xa  xmbcurmax.o [2]
  .text                  ro code   0x815'3ce2      0x1e  xencoding_8859_1.o [2]
  .text                  ro code   0x815'3d00      0xa6  ABImemcpy.o [5]
  .text                  ro code   0x815'3da6      0x1a  AllScenesContainerBase.o [1]
  .text                  ro code   0x815'3dc0     0x106  I64DivMod_small.o [5]
  .text                  ro code   0x815'3ec6      0x1a  AllZonesContainerBase.o [1]
  .text                  ro code   0x815'3ee0     0x1a2  DblMul.o [4]
  .text                  ro code   0x815'4082      0x1a  FrontendApplicationBase.o [1]
  .text                  ro code   0x815'409c      0x70  frexp.o [4]
  .text                  ro code   0x815'410c      0x2e  DblCmpLe.o [4]
  .text                  ro code   0x815'413a      0x1a  MainView.o [1]
  .text                  ro code   0x815'4154      0x2e  DblCmpGe.o [4]
  .text                  ro code   0x815'4182      0x1a  MainViewBase.o [1]
  .text                  ro code   0x815'419c     0x13a  ldexp.o [4]
  .text                  ro code   0x815'42d6      0x1a  PanelSettingsContainerBase.o [1]
  .text                  ro code   0x815'42f0      0x3a  DblToS32.o [4]
  .text                  ro code   0x815'432a      0x1a  SingleZoneContainerBase.o [1]
  .text                  ro code   0x815'4344      0x22  S32ToDbl.o [4]
  .text                  ro code   0x815'4366      0x1a  WindowSettingsContainerBase.o [1]
  .text                  ro code   0x815'4380      0xe2  DblSub.o [4]
  .text                  ro code   0x815'4462      0x1a  ConstFont.o [7]
  .text                  ro code   0x815'447c     0x246  DblDiv.o [4]
  .text                  ro code   0x815'46c2      0x12  SingleZoneContainerBase.o [1]
  .text                  ro code   0x815'46d4      0x28  DblToU32.o [4]
  .text                  ro code   0x815'46fc      0x1a  U32ToDbl.o [4]
  .text                  ro code   0x815'4716       0x6  abort.o [2]
  .text                  ro code   0x815'471c       0x2  I64DivZer.o [5]
  .text                  ro code   0x815'471e      0x12  SingleZoneContainerBase.o [1]
  .text                  ro code   0x815'4730     0x16a  DblAdd.o [4]
  .text                  ro code   0x815'489a       0xa  BoardConfiguration.o [1]
  .text                  ro code   0x815'48a4      0x14  exit.o [6]
  .text                  ro code   0x815'48b8     0xe7c  ScrollableContainer.o [7]
  .text                  ro code   0x815'5734      0x34  WindowSettingsContainerBase.o [1]
  .text                  ro code   0x815'5768      0xb0  Color.o [7]
  .text                  ro code   0x815'5818     0x69c  Application.o [7]
  .text                  ro code   0x815'5eb4     0x1c8  Container.o [7]
  .text                  ro code   0x815'607c     0x174  Drawable.o [7]
  .text                  ro code   0x815'61f0      0x20  ScrollableContainer.o [7]
  .text                  ro code   0x815'6210      0x28  WindowSettingsContainerBase.o [1]
  .text                  ro code   0x815'6238      0xd0  EasingEquations.o [7]
  .text                  ro code   0x815'6308      0x10  WindowSettingsContainerBase.o [1]
  .text                  ro code   0x815'6318       0xc  WindowSettingsContainerBase.o [1]
  .text                  ro code   0x815'6324      0x28  cxxabi.o [3]
  .text                  ro code   0x815'634c      0x58  stm32_crc_lock.o [7]
  .text                  ro code   0x815'63a4     0x664  Screen.o [7]
  .text                  ro code   0x815'6a08      0x86  Screen.o [7]
  .text                  ro code   0x815'6a8e      0x44  Application.o [7]
  .text                  ro code   0x815'6ad2      0x50  Application.o [7]
  .text                  ro code   0x815'6b22      0x44  Screen.o [7]
  .text                  ro code   0x815'6b66      0x90  Application.o [7]
  .text                  ro code   0x815'6bf6      0x28  Application.o [7]
  .text                  ro code   0x815'6c1e       0xa  STM32F4HAL.o [1]
  .text                  ro code   0x815'6c28       0x6  ABImemclr4.o [5]
  .text                  ro code   0x815'6c2e       0xa  ConstFont.o [7]
  .text                  ro code   0x815'6c38      0x34  Screen.o [7]
  .text                  ro code   0x815'6c6c      0x3e  Screen.o [7]
  .text                  ro code   0x815'6caa      0x28  Screen.o [7]
  .text                  ro code   0x815'6cd2      0x28  Screen.o [7]
  .text                  ro code   0x815'6cfa       0x6  FrontendApplicationBase.o [1]
  .text                  ro code   0x815'6d00      0x20  Screen.o [7]
  .text                  ro code   0x815'6d20      0x1c  Screen.o [7]
  .text                  ro code   0x815'6d3c      0x3a  ABImemset48.o [5]
  .text                  ro code   0x815'6d76       0x6  STM32F4DMA.o [1]
  ExtFlashSection        const     0x815'6d7c     0xa90  sun-icon.o [1]
  .text                  ro code   0x815'780c     0x8e4  tasks.o [1]
  .text                  ro code   0x815'80f0     0x1b8  heap_4.o [1]
  .text                  ro code   0x815'82a8      0x92  list.o [1]
  .text                  ro code   0x815'833a       0x6  STM32F4DMA.o [1]
  .text                  ro code   0x815'8340     0x2b4  port.o [1]
  .text                  ro code   0x815'85f4      0xf0  OSWrappers.o [1]
  .text                  ro code   0x815'86e4      0x48  port.o [1]
  CODE                   ro code   0x815'872c      0xb0  portasm.o [1]
  .text                  ro code   0x815'87dc       0x2  freertos.o [1]
  .text                  ro code   0x815'87de       0x2  freertos.o [1]
  .text                  ro code   0x815'87e0     0x708  queue.o [1]
  .text                  ro code   0x815'8ee8     0x4e4  HAL.o [7]
  .text                  ro code   0x815'93cc       0x8  GPIO.o [1]
  .text                  ro code   0x815'93d4     0x15c  Gestures.o [7]
  .text                  ro code   0x815'9530     0x1fc  DMA.o [7]
  .text                  ro code   0x815'972c      0x24  HAL.o [7]
  .text                  ro code   0x815'9750      0xfc  TouchCalibration.o [7]
  .text                  ro code   0x815'984c      0xb0  DisplayTransformation.o [7]
  .text                  ro code   0x815'98fc       0xc  memcpy.o [5]
  .text                  ro code   0x815'9908     0x85c  LCD24bpp.o [7]
  .text                  ro code   0x815'a164     0x308  Bitmap.o [7]
  .text                  ro code   0x815'a46c     0x846  LCD.o [7]
  .text                  ro code   0x815'acb2       0x6  STM32F4DMA.o [1]
  .text                  ro code   0x815'acb8     0x134  TextProvider.o [7]
  .text                  ro code   0x815'adec      0x86  LCD.o [7]
  .rodata                const     0x815'ae72       0x2  Unicode.o [7]
  ExtFlashSection        const     0x815'ae74     0x844  toggleNotPressed.o [1]
  ExtFlashSection        const     0x815'b6b8     0x844  togglePressed.o [1]
  .text                  ro code   0x815'befc     0x828  stm32f4xx_hal_i2c.o [1]
  .text                  ro code   0x815'c724     0x170  stm32f4xx_hal_msp.o [1]
  .text                  ro code   0x815'c894     0x1e4  stm32f4xx_hal_rcc.o [1]
  .text                  ro code   0x815'ca78       0xc  stm32f4xx_hal.o [1]
  .text                  ro code   0x815'ca84      0xe8  stm32f4xx_hal_cortex.o [1]
  .text                  ro code   0x815'cb6c     0x308  stm32f4xx_hal_gpio.o [1]
  .text                  ro code   0x815'ce74      0x40  stm32f4xx_hal.o [1]
  ExtFlashSection        const     0x815'ceb4     0x640  backButton.o [1]
  ExtFlashSection        const     0x815'd4f4     0x640  closeButton.o [1]
  FontFlashSection       const     0x815'db34     0x610  Font_verdana_10_4bpp.o [1]
  .text                  ro code   0x815'e144     0x608  MainView.o [1]
  .text                  ro code   0x815'e74c     0x3a4  MainViewBase.o [1]
  .text                  ro code   0x815'eaf0      0x14  MainView.o [1]
  .text                  ro code   0x815'eb04      0x5a  MainView.o [1]
  .text                  ro code   0x815'eb5e       0x2  AllScenesContainerBase.o [1]
  .text                  ro code   0x815'eb60      0x68  MainView.o [1]
  .text                  ro code   0x815'ebc8      0x5e  MainViewBase.o [1]
  .text                  ro code   0x815'ec26      0x16  WindowSettingsContainerBase.o [1]
  .text                  ro code   0x815'ec3c      0x4a  MainView.o [1]
  .text                  ro code   0x815'ec86      0x5a  MainView.o [1]
  .text                  ro code   0x815'ece0     0x572  Unicode.o [7]
  .text                  ro code   0x815'f252      0x5e  MainView.o [1]
  .text                  ro code   0x815'f2b0      0x2c  WindowSettingsContainerBase.o [1]
  .text                  ro code   0x815'f2dc      0x2c  MainViewBase.o [1]
  .text                  ro code   0x815'f308      0x1c  MainViewBase.o [1]
  .text                  ro code   0x815'f324      0x18  MainViewBase.o [1]
  .text                  ro code   0x815'f33c      0x30  WindowSettingsContainerBase.o [1]
  .text                  ro code   0x815'f36c      0x2c  MainViewBase.o [1]
  .text                  ro code   0x815'f398      0x30  MainViewBase.o [1]
  .text                  ro code   0x815'f3c8      0x28  MainViewBase.o [1]
  .text                  ro code   0x815'f3f0      0x24  MainViewBase.o [1]
  .text                  ro code   0x815'f414      0x24  MainViewBase.o [1]
  .text                  ro code   0x815'f438      0x14  MainViewBase.o [1]
  .text                  ro code   0x815'f44c      0x1a  WindowSettingsContainerBase.o [1]
  .text                  ro code   0x815'f466       0x2  AllScenesContainerBase.o [1]
  .text                  ro code   0x815'f468      0xea  Image.o [7]
  .text                  ro code   0x815'f552       0x2  AllScenesContainerBase.o [1]
  .text                  ro code   0x815'f554      0x18  SingleZoneContainerBase.o [1]
  .text                  ro code   0x815'f56c     0x1d4  TextArea.o [7]
  .text                  ro code   0x815'f740      0xe8  Button.o [7]
  .text                  ro code   0x815'f828       0x6  MainViewBase.o [1]
  .text                  ro code   0x815'f82e       0x2  AllScenesContainerBase.o [1]
  .text                  ro code   0x815'f830     0x18c  AllZonesContainer.o [1]
  .text                  ro code   0x815'f9bc     0x19e  WindowSettingsContainer.o [1]
  .text                  ro code   0x815'fb5a       0x2  AllScenesContainerBase.o [1]
  .text                  ro code   0x815'fb5c     0x10a  AllScenesContainer.o [1]
  .text                  ro code   0x815'fc66       0x2  AllScenesContainerBase.o [1]
  .text                  ro code   0x815'fc68      0x26  PanelSettingsContainer.o [1]
  .text                  ro code   0x815'fc8e      0x9e  MainViewBase.o [1]
  .text                  ro code   0x815'fd2c      0xb4  MainViewBase.o [1]
  .text                  ro code   0x815'fde0      0xac  MainViewBase.o [1]
  .text                  ro code   0x815'fe8c      0x7e  MainViewBase.o [1]
  .text                  ro code   0x815'ff0a      0x9e  MainViewBase.o [1]
  .text                  ro code   0x815'ffa8       0xe  Utils.o [7]
  .text                  ro code   0x815'ffb6      0xa8  MainViewBase.o [1]
  .text                  ro code   0x816'005e       0xc  WindowSettingsContainerBase.o [1]
  .text                  ro code   0x816'006a       0x4  MainViewBase.o [1]
  .text                  ro code   0x816'006e       0x2  AllScenesContainerBase.o [1]
  .text                  ro code   0x816'0070      0x14  MainViewBase.o [1]
  .text                  ro code   0x816'0084      0x48  SingleZoneContainerBase.o [1]
  .text                  ro code   0x816'00cc      0x36  SingleZoneContainerBase.o [1]
  .text                  ro code   0x816'0102       0x2  AllZonesContainerBase.o [1]
  .text                  ro code   0x816'0104     0x18c  AllZonesContainerBase.o [1]
  .text                  ro code   0x816'0290     0x108  SingleZoneContainer.o [1]
  .text                  ro code   0x816'0398     0x280  WindowSettingsContainerBase.o [1]
  .text                  ro code   0x816'0618      0x8a  ToggleButton.o [7]
  .text                  ro code   0x816'06a2      0x10  WindowSettingsContainer.o [1]
  .text                  ro code   0x816'06b2       0x2  AllZonesContainerBase.o [1]
  .text                  ro code   0x816'06b4     0x3cc  AllScenesContainerBase.o [1]
  .text                  ro code   0x816'0a80      0xd0  PanelSettingsContainerBase.o [1]
  .text                  ro code   0x816'0b50      0x66  ABImemset.o [5]
  .text                  ro code   0x816'0bb6       0x2  FrontendApplicationBase.o [1]
  .text                  ro code   0x816'0bb8      0x30  WindowSettingsContainerBase.o [1]
  .text                  ro code   0x816'0be8      0x24  ABIassert.o [6]
  .text                  ro code   0x816'0c0c      0x14  AllZonesContainerBase.o [1]
  .text                  ro code   0x816'0c20     0x2cc  SingleZoneContainerBase.o [1]
  .text                  ro code   0x816'0eec      0x14  WindowSettingsContainerBase.o [1]
  .text                  ro code   0x816'0f00       0x8  WindowSettingsContainerBase.o [1]
  .text                  ro code   0x816'0f08      0x4e  AbstractButton.o [7]
  .text                  ro code   0x816'0f56       0x2  FrontendApplicationBase.o [1]
  .text                  ro code   0x816'0f58      0x14  AllScenesContainerBase.o [1]
  .text                  ro code   0x816'0f6c      0x14  PanelSettingsContainerBase.o [1]
  .text                  ro code   0x816'0f80      0x14  SingleZoneContainerBase.o [1]
  ExtFlashSection        const     0x816'0f94     0x484  panelSettingsButtonIcon.o [1]
  .text                  ro code   0x816'1418     0x434  HW_Init.o [1]
  .text                  ro code   0x816'184c     0x400  stm32f4xx_hal_ltdc.o [1]
  .text                  ro code   0x816'1c4c     0x390  main.o [1]
  .text                  ro code   0x816'1fdc      0xba  stm32f4xx_hal_sdram.o [1]
  .text                  ro code   0x816'2096       0x2  FrontendApplicationBase.o [1]
  .text                  ro code   0x816'2098     0x168  STM32F4HAL.o [1]
  .text                  ro code   0x816'2200       0x2  stm32f4xx_hal_ltdc.o [1]
  .text                  ro code   0x816'2202       0x2  stm32f4xx_hal_ltdc.o [1]
  .text                  ro code   0x816'2204     0x2c8  cmsis_os.o [1]
  .text                  ro code   0x816'24cc     0x318  stm32f4xx_hal_uart.o [1]
  .text                  ro code   0x816'27e4      0x34  stm32f4xx_hal.o [1]
  .text                  ro code   0x816'2818      0x24  stm32f4xx_hal_crc.o [1]
  .text                  ro code   0x816'283c      0x7a  stm32f4xx_hal_i2c_ex.o [1]
  .text                  ro code   0x816'28b6       0x2  FrontendApplicationBase.o [1]
  .text                  ro code   0x816'28b8      0x28  printf.o [2]
  .text                  ro code   0x816'28e0      0xa8  BoardConfiguration.o [1]
  .text                  ro code   0x816'2988     0x2f8  stm32f4xx_hal_rcc.o [1]
  .text                  ro code   0x816'2c80      0x78  stm32f4xx_hal_pwr_ex.o [1]
  .text                  ro code   0x816'2cf8     0x21c  stm32f4xx_hal_rcc_ex.o [1]
  .text                  ro code   0x816'2f14     0x14e  stm32f4xx_ll_fmc.o [1]
  .text                  ro code   0x816'3062       0x2  stm32f4xx_hal_sdram.o [1]
  .text                  ro code   0x816'3064     0x306  STM32F4DMA.o [1]
  .text                  ro code   0x816'336a       0x2  FrontendApplicationBase.o [1]
  .text                  ro code   0x816'336c      0x9c  sdram.o [1]
  .text                  ro code   0x816'3408      0x78  BoardConfiguration.o [1]
  .text                  ro code   0x816'3480      0xf0  STM32F4Instrumentation.o [1]
  .text                  ro code   0x816'3570     0x30e  stm32f4xx_hal_dma2d.o [1]
  .text                  ro code   0x816'387e       0x2  MainPresenter.o [1]
  .text                  ro code   0x816'3880      0x28  stm32f4xx_hal.o [1]
  .text                  ro code   0x816'38a8      0x2c  BoardConfiguration.o [1]
  .text                  ro code   0x816'38d4       0xc  BitmapDatabase.o [1]
  .text                  ro code   0x816'38e0      0x54  Texts.o [1]
  .text                  ro code   0x816'3934       0xc  FontManager.o [7]
  .text                  ro code   0x816'3940      0x64  BoardConfiguration.o [1]
  .text                  ro code   0x816'39a4     0x250  stm32f4xx_hal_tim.o [1]
  .text                  ro code   0x816'3bf4      0x3e  stm32f4xx_hal_tim_ex.o [1]
  .text                  ro code   0x816'3c32       0x2  stm32f4xx_hal_dma2d.o [1]
  .text                  ro code   0x816'3c34       0x2  stm32f4xx_hal_dma2d.o [1]
  .text                  ro code   0x816'3c36       0x2  MainPresenter.o [1]
  .text                  ro code   0x816'3c38      0x20  BoardConfiguration.o [1]
  .text                  ro code   0x816'3c58      0x30  TypedTextDatabase.o [1]
  .text                  ro code   0x816'3c88       0xc  BoardConfiguration.o [1]
  .text                  ro code   0x816'3c94      0x14  BoardConfiguration.o [1]
  .text                  ro code   0x816'3ca8      0x14  BoardConfiguration.o [1]
  .text                  ro code   0x816'3cbc      0x14  BoardConfiguration.o [1]
  .text                  ro code   0x816'3cd0      0x18  FrontendApplication.o [1]
  .text                  ro code   0x816'3ce8      0x68  Model.o [1]
  .text                  ro code   0x816'3d50      0xa8  FrontendApplicationBase.o [1]
  .text                  ro code   0x816'3df8      0x10  BoardConfiguration.o [1]
  .text                  ro code   0x816'3e08      0xdc  FontGetters.o [1]
  .text                  ro code   0x816'3ee4      0x1c  BoardConfiguration.o [1]
  .text                  ro code   0x816'3f00       0x8  AbstractPartition.o [7]
  .text                  ro code   0x816'3f08      0x20  FrontendApplicationBase.o [1]
  .text                  ro code   0x816'3f28      0x14  FrontendApplicationBase.o [1]
  .text                  ro code   0x816'3f3c     0x14c  FrontendApplicationBase.o [1]
  .text                  ro code   0x816'4088      0x8c  BoardConfiguration.o [1]
  .text                  ro code   0x816'4114      0x96  InternalFlashFont.o [7]
  .text                  ro code   0x816'41aa       0xc  BoardConfiguration.o [1]
  .text                  ro code   0x816'41b6       0x2  MainPresenter.o [1]
  .text                  ro code   0x816'41b8      0x18  FrontendApplicationBase.o [1]
  .text                  ro code   0x816'41d0      0x44  MainPresenter.o [1]
  .text                  ro code   0x816'4214      0x12  BoardConfiguration.o [1]
  .text                  ro code   0x816'4226      0xbe  ConstFont.o [7]
  .text                  ro code   0x816'42e4      0x18  BoardConfiguration.o [1]
  .text                  ro code   0x816'42fc      0x14  BoardConfiguration.o [1]
  FontFlashSection       const     0x816'4310     0x390  Table_verdana_20_4bpp.o [1]
  FontFlashSection       const     0x816'46a0     0x380  Table_verdana_40_4bpp.o [1]
  FontFlashSection       const     0x816'4a20     0x374  Table_verdana_10_4bpp.o [1]
  .rodata                const     0x816'4d94     0x280  BitmapDatabase.o [1]
  FontFlashSection       const     0x816'5014     0x1ac  Kerning_verdana_40_4bpp.o [1]
  .text                  ro code   0x816'51c0     0x140  heap0.o [2]
  .text                  ro code   0x816'5300      0x2c  xgetmemchunk.o [2]
  FontFlashSection       const     0x816'532c      0xe0  Kerning_verdana_20_4bpp.o [1]
  .text                  ro code   0x816'540c      0xd8  xfspos.o [2]
  .text                  ro code   0x816'54e4      0xac  fflush.o [2]
  .text                  ro code   0x816'5590       0xc  xfgpos.o [2]
  .text                  ro code   0x816'559c      0x4a  lseek.o [6]
  .text                  ro code   0x816'55e6       0x2  MainPresenter.o [1]
  .text                  ro code   0x816'55e8      0xcc  XShHandles.o [2]
  .rodata                const     0x816'56b4      0xc0  MainViewBase.o [1]
  .rodata                const     0x816'5774      0xb4  MainViewBase.o [1]
  .rodata                const     0x816'5828      0xb4  SingleZoneContainer.o [1]
  .rodata                const     0x816'58dc      0xb4  SingleZoneContainerBase.o [1]
  .text                  ro code   0x816'5990      0xb4  xfwprep.o [2]
  .text                  ro code   0x816'5a44      0x24  fseek.o [2]
  .rodata                const     0x816'5a68      0xb0  AllScenesContainer.o [1]
  .rodata                const     0x816'5b18      0xb0  AllScenesContainerBase.o [1]
  .rodata                const     0x816'5bc8      0xb0  MainViewBase.o [1]
  .rodata                const     0x816'5c78      0xa8  MainViewBase.o [1]
  .rodata                const     0x816'5d20      0xa8  STM32F4HAL.o [1]
  .text                  ro code   0x816'5dc8      0xa8  Font.o [7]
  .rodata                const     0x816'5e70      0xa4  FrontendApplicationBase.o [1]
  .rodata                const     0x816'5f14      0xa4  FrontendApplicationBase.o [1]
  .rodata                const     0x816'5fb8      0xa4  WindowSettingsContainer.o [1]
  .rodata                const     0x816'605c      0xa4  WindowSettingsContainerBase.o [1]
  .rodata                const     0x816'6100      0xa0  AllZonesContainer.o [1]
  .rodata                const     0x816'61a0      0x9c  AllZonesContainerBase.o [1]
  .text                  ro code   0x816'623c      0x9c  STM32F4HAL.o [1]
  .rodata                const     0x816'62d8      0x98  PanelSettingsContainer.o [1]
  .rodata                const     0x816'6370      0x98  PanelSettingsContainerBase.o [1]
  .rodata                const     0x816'6408      0x98  ScrollableContainer.o [7]
  .text                  ro code   0x816'64a0      0x94  ft5436.o [1]
  .text                  ro code   0x816'6534      0x94  MainViewBase.o [1]
  .text                  ro code   0x816'65c8      0x24  SingleZoneContainerBase.o [1]
  .text                  ro code   0x816'65ec      0x20  SingleZoneContainerBase.o [1]
  .text                  ro code   0x816'660c      0x20  MainViewBase.o [1]
  .rodata                const     0x816'662c      0x90  FrontendApplicationBase.o [1]
  .rodata                const     0x816'66bc      0x90  Container.o [7]
  .text                  ro code   0x816'674c      0x90  TextAreaWithWildcard.o [7]
  .text                  ro code   0x816'67dc      0x8c  MainViewBase.o [1]
  .text                  ro code   0x816'6868      0x8c  xfofind.o [2]
  .text                  ro code   0x816'68f4       0x4  heaptramp0.o [2]
  .rodata                const     0x816'68f8      0x80  FrontendApplicationBase.o [1]
  .rodata                const     0x816'6978      0x80  MainViewBase.o [1]
  .rodata                const     0x816'69f8      0x80  MainViewBase.o [1]
  .rodata                const     0x816'6a78      0x80  SingleZoneContainerBase.o [1]
  .text                  ro code   0x816'6af8      0x7e  fclose.o [2]
  .text                  ro code   0x816'6b76      0x18  close.o [6]
  .text                  ro code   0x816'6b8e      0x14  remove.o [6]
  .text                  ro code   0x816'6ba2       0x2  MainPresenter.o [1]
  .rodata                const     0x816'6ba4      0x7c  MainViewBase.o [1]
  .rodata                const     0x816'6c20      0x7c  SingleZoneContainerBase.o [1]
  .rodata                const     0x816'6c9c      0x7c  SingleZoneContainerBase.o [1]
  .rodata                const     0x816'6d18      0x7c  STM32F4HAL.o [1]
  .rodata                const     0x816'6d94      0x7c  TextArea.o [7]
  .rodata                const     0x816'6e10      0x74  ToggleButton.o [7]
  .rodata                const     0x816'6e84      0x74  Button.o [7]
  .rodata                const     0x816'6ef8      0x70  Image.o [7]
  .rodata                const     0x816'6f68      0x6c  Box.o [7]
  .text                  ro code   0x816'6fd4      0x64  Box.o [7]
  .rodata                const     0x816'7038      0x60  main.o [1]
  .text                  ro code   0x816'7098      0x60  system_stm32f4xx.o [1]
  .text                  ro code   0x816'70f8      0x58  STM32F4HAL.o [1]
  .rodata                const     0x816'7150      0x54  SingleZoneContainerBase.o [1]
  .text                  ro code   0x816'71a4      0x54  fputc.o [2]
  TextFlashSection       const     0x816'71f8      0x54  LanguageGb.o [1]
  .rodata                const     0x816'724c      0x4c  STM32F4DMA.o [1]
  .rodata                const     0x816'7298      0x4c  InternalFlashFont.o [7]
  .rodata                const     0x816'72e4      0x44  SingleZoneContainerBase.o [1]
  .text                  ro code   0x816'7328      0x42  MainViewBase.o [1]
  .text                  ro code   0x816'736a       0x2  MainView.o [1]
  .text                  ro code   0x816'736c      0x40  stm32f4xx_it.o [1]
  .text                  ro code   0x816'73ac      0x10  stm32f4xx_hal.o [1]
  .text                  ro code   0x816'73bc      0x3e  SingleZoneContainerBase.o [1]
  .text                  ro code   0x816'73fa       0x2  MainViewBase.o [1]
  .rodata                const     0x816'73fc      0x3c  FrontendApplication.o [1]
  .rodata                const     0x816'7438      0x3c  FrontendApplicationBase.o [1]
  .rodata                const     0x816'7474      0x3c  FrontendApplicationBase.o [1]
  .rodata                const     0x816'74b0      0x3c  MainView.o [1]
  .rodata                const     0x816'74ec      0x3c  MainViewBase.o [1]
  .rodata                const     0x816'7528      0x3c  Application.o [7]
  .text                  ro code   0x816'7564      0x3c  STM32F4TouchController.o [1]
  .text                  ro code   0x816'75a0      0x3c  xcloseall.o [2]
  .rodata                const     0x816'75dc      0x34  BoardConfiguration.o [1]
  .rodata                const     0x816'7610      0x34  BoardConfiguration.o [1]
  .rodata                const     0x816'7644      0x34  BoardConfiguration.o [1]
  .rodata                const     0x816'7678      0x34  MainViewBase.o [1]
  .rodata                const     0x816'76ac      0x34  LCD24bpp.o [7]
  .rodata                const     0x816'76e0      0x34  Screen.o [7]
  .rodata                const     0x816'7714      0x30  MainPresenter.o [1]
  TextFlashSection       const     0x816'7744      0x2c  TypedTextDatabase.o [1]
  .text                  ro code   0x816'7770      0x2a  MainViewBase.o [1]
  .text                  ro code   0x816'779a       0x2  MainViewBase.o [1]
  .rodata                const     0x816'779c      0x28  STM32F4Instrumentation.o [1]
  .rodata                const     0x816'77c4      0x28  Application.o [7]
  .text                  ro code   0x816'77ec      0x28  SingleZoneContainerBase.o [1]
  .text                  ro code   0x816'7814      0x28  data_init.o [5]
  .rodata                const     0x816'783c      0x24  DMA.o [7]
  .text                  ro code   0x816'7860      0x24  FrontendApplicationBase.o [1]
  TextFlashSection       const     0x816'7884      0x24  LanguageGb.o [1]
  .text                  ro code   0x816'78a8      0x22  fpinit_M.o [4]
  .iar.init_table        const     0x816'78cc      0x24  - Linker created -
  .text                  ro code   0x816'78f0       0x2  MainViewBase.o [1]
  .rodata                const     0x816'78f4      0x20  FrontendApplicationBase.o [1]
  .rodata                const     0x816'7914      0x20  FrontendApplicationBase.o [1]
  .rodata                const     0x816'7934      0x20  STM32F4HAL.o [1]
  .text                  ro code   0x816'7954      0x20  SingleZoneContainerBase.o [1]
  .text                  ro code   0x816'7974      0x20  cmain_call_ctors.o [5]
  .text                  ro code   0x816'7994      0x18  cppinit.o [2]
  TextFlashSection       const     0x816'79ac      0x20  LanguageGb.o [1]
  TextFlashSection       const     0x816'79cc      0x20  LanguageGb.o [1]
  TextFlashSection       const     0x816'79ec      0x20  LanguageGb.o [1]
  TextFlashSection       const     0x816'7a0c      0x20  LanguageGb.o [1]
  .text                  ro code   0x816'7a2c      0x1e  ScrollableContainer.o [7]
  .text                  ro code   0x816'7a4a       0x2  MainViewBase.o [1]
  .text                  ro code   0x816'7a4c      0x1e  cmain.o [5]
  .text                  ro code   0x816'7a6a       0x4  low_level_init.o [2]
  .text                  ro code   0x816'7a6e       0x4  exit.o [2]
  .text                  ro code   0x816'7a72       0x2  MainViewBase.o [1]
  .text                  ro code   0x816'7a74       0xe  cexit.o [5]
  .text                  ro code   0x816'7a82       0x2  MainViewBase.o [1]
  TextFlashSection       const     0x816'7a84      0x1c  LanguageGb.o [1]
  TextFlashSection       const     0x816'7aa0      0x1c  LanguageGb.o [1]
  .rodata                const     0x816'7abc      0x18  AllScenesContainerBase.o [1]
  .rodata                const     0x816'7ad4      0x18  AllZonesContainerBase.o [1]
  .rodata                const     0x816'7aec      0x18  FrontendApplicationBase.o [1]
  .rodata                const     0x816'7b04      0x18  MainPresenter.o [1]
  .rodata                const     0x816'7b1c      0x18  MainView.o [1]
  .rodata                const     0x816'7b34      0x18  MainViewBase.o [1]
  .rodata                const     0x816'7b4c      0x18  PanelSettingsContainerBase.o [1]
  .rodata                const     0x816'7b64      0x18  SingleZoneContainerBase.o [1]
  .rodata                const     0x816'7b7c      0x18  STM32F4TouchController.o [1]
  .rodata                const     0x816'7b94      0x18  WindowSettingsContainerBase.o [1]
  .text                  ro code   0x816'7bac      0x18  AllScenesContainerBase.o [1]
  .text                  ro code   0x816'7bc4      0x18  AllZonesContainerBase.o [1]
  .text                  ro code   0x816'7bdc      0x18  FrontendApplicationBase.o [1]
  .text                  ro code   0x816'7bf4      0x18  MainView.o [1]
  .text                  ro code   0x816'7c0c      0x18  MainViewBase.o [1]
  .text                  ro code   0x816'7c24      0x18  PanelSettingsContainerBase.o [1]
  .text                  ro code   0x816'7c3c      0x18  SingleZoneContainerBase.o [1]
  .text                  ro code   0x816'7c54      0x18  WindowSettingsContainerBase.o [1]
  TextFlashSection       const     0x816'7c6c      0x18  LanguageGb.o [1]
  .text                  ro code   0x816'7c84      0x16  FrontendApplication.o [1]
  .text                  ro code   0x816'7c9a      0x16  STM32F4HAL.o [1]
  .text                  ro code   0x816'7cb0      0x16  xprout.o [2]
  .text                  ro code   0x816'7cc6       0x2  MainViewBase.o [1]
  .text                  ro code   0x816'7cc8       0xc  putchar.o [2]
  .rodata                const     0x816'7cd4      0x14  ApplicationFontProvider.o [1]
  .rodata                const     0x816'7ce8      0x14  BoardConfiguration.o [1]
  .rodata                const     0x816'7cfc      0x14  BoardConfiguration.o [1]
  .rodata                const     0x816'7d10      0x14  main.o [1]
  .rodata                const     0x816'7d24      0x14  MainPresenter.o [1]
  .rodata                const     0x816'7d38      0x14  Gestures.o [7]
  .rodata                const     0x816'7d4c      0x14  Gestures.o [7]
  .rodata                const     0x816'7d60      0x14  Gestures.o [7]
  TextFlashSection       const     0x816'7d74      0x14  LanguageGb.o [1]
  TextFlashSection       const     0x816'7d88      0x14  LanguageGb.o [1]
  TextFlashSection       const     0x816'7d9c      0x14  LanguageGb.o [1]
  TextFlashSection       const     0x816'7db0      0x14  LanguageGb.o [1]
  .rodata                const     0x816'7dc4      0x10  BoardConfiguration.o [1]
  .text                  ro code   0x816'7dd4      0x10  BoardConfiguration.o [1]
  .text                  ro code   0x816'7de4      0x10  startup_stm32f429xx.o [1]
  .text                  ro code   0x816'7df4       0xc  AllZonesContainer.o [1]
  .text                  ro code   0x816'7e00       0xc  STM32F4HAL.o [1]
  .text                  ro code   0x816'7e0c       0xc  cstartup_M.o [5]
  TextFlashSection       const     0x816'7e18       0xc  LanguageGb.o [1]
  SHT$$PREINIT_ARRAY               0x816'7e24       0x0  <Block>
  SHT$$INIT_ARRAY                  0x816'7e24       0xc  <Block>
    .init_array          const     0x816'7e24       0x4  BoardConfiguration.o [1]
    .init_array          const     0x816'7e28       0x4  Texts.o [1]
    .init_array          const     0x816'7e2c       0x4  TypedTextDatabase.o [1]
  __iar_tls$$INIT_ARRAY            0x816'7e30       0x0  <Block>
  .rodata                const     0x816'7e30       0x8  FrontendApplicationBase.o [1]
  .rodata                const     0x816'7e38       0x8  system_stm32f4xx.o [1]
  .text                  ro code   0x816'7e40       0x8  BoardConfiguration.o [1]
  .text                  ro code   0x816'7e48       0x8  BoardConfiguration.o [1]
  .text                  ro code   0x816'7e50       0x8  STM32F4HAL.o [1]
  TextFlashSection       const     0x816'7e58       0x8  LanguageGb.o [1]
  TextFlashSection       const     0x816'7e60       0x8  LanguageGb.o [1]
  TextFlashSection       const     0x816'7e68       0x8  LanguageGb.o [1]
  .rodata                const     0x816'7e70       0x6  xlocale_c.o [2]
  .text                  ro code   0x816'7e76       0x4  BoardConfiguration.o [1]
  .text                  ro code   0x816'7e7a       0x4  BoardConfiguration.o [1]
  .text                  ro code   0x816'7e7e       0x4  FrontendApplicationBase.o [1]
  .text                  ro code   0x816'7e82       0x4  MainViewBase.o [1]
  .text                  ro code   0x816'7e86       0x4  MainViewBase.o [1]
  .text                  ro code   0x816'7e8a       0x4  MainViewBase.o [1]
  .text                  ro code   0x816'7e8e       0x4  MainViewBase.o [1]
  .text                  ro code   0x816'7e92       0x4  MainViewBase.o [1]
  .text                  ro code   0x816'7e96       0x4  MainViewBase.o [1]
  .text                  ro code   0x816'7e9a       0x4  startup_stm32f429xx.o [1]
  .text                  ro code   0x816'7e9e       0x4  startup_stm32f429xx.o [1]
  .text                  ro code   0x816'7ea2       0x4  startup_stm32f429xx.o [1]
  .text                  ro code   0x816'7ea6       0x4  startup_stm32f429xx.o [1]
  .text                  ro code   0x816'7eaa       0x4  startup_stm32f429xx.o [1]
  .text                  ro code   0x816'7eae       0x4  startup_stm32f429xx.o [1]
  .text                  ro code   0x816'7eb2       0x4  startup_stm32f429xx.o [1]
  .text                  ro code   0x816'7eb6       0x4  startup_stm32f429xx.o [1]
  .text                  ro code   0x816'7eba       0x4  startup_stm32f429xx.o [1]
  .text                  ro code   0x816'7ebe       0x4  startup_stm32f429xx.o [1]
  .text                  ro code   0x816'7ec2       0x4  startup_stm32f429xx.o [1]
  .text                  ro code   0x816'7ec6       0x4  startup_stm32f429xx.o [1]
  .text                  ro code   0x816'7eca       0x4  startup_stm32f429xx.o [1]
  .text                  ro code   0x816'7ece       0x4  startup_stm32f429xx.o [1]
  .text                  ro code   0x816'7ed2       0x4  startup_stm32f429xx.o [1]
  .text                  ro code   0x816'7ed6       0x4  startup_stm32f429xx.o [1]
  .text                  ro code   0x816'7eda       0x4  startup_stm32f429xx.o [1]
  .text                  ro code   0x816'7ede       0x4  startup_stm32f429xx.o [1]
  .text                  ro code   0x816'7ee2       0x4  startup_stm32f429xx.o [1]
  .text                  ro code   0x816'7ee6       0x4  startup_stm32f429xx.o [1]
  .text                  ro code   0x816'7eea       0x4  startup_stm32f429xx.o [1]
  .text                  ro code   0x816'7eee       0x4  startup_stm32f429xx.o [1]
  .text                  ro code   0x816'7ef2       0x4  startup_stm32f429xx.o [1]
  .text                  ro code   0x816'7ef6       0x4  startup_stm32f429xx.o [1]
  .text                  ro code   0x816'7efa       0x4  startup_stm32f429xx.o [1]
  .text                  ro code   0x816'7efe       0x4  startup_stm32f429xx.o [1]
  .text                  ro code   0x816'7f02       0x4  startup_stm32f429xx.o [1]
  .text                  ro code   0x816'7f06       0x4  startup_stm32f429xx.o [1]
  .text                  ro code   0x816'7f0a       0x4  startup_stm32f429xx.o [1]
  .text                  ro code   0x816'7f0e       0x4  startup_stm32f429xx.o [1]
  .text                  ro code   0x816'7f12       0x4  startup_stm32f429xx.o [1]
  .text                  ro code   0x816'7f16       0x4  startup_stm32f429xx.o [1]
  .text                  ro code   0x816'7f1a       0x4  startup_stm32f429xx.o [1]
  .text                  ro code   0x816'7f1e       0x4  startup_stm32f429xx.o [1]
  .text                  ro code   0x816'7f22       0x4  startup_stm32f429xx.o [1]
  .text                  ro code   0x816'7f26       0x4  startup_stm32f429xx.o [1]
  .text                  ro code   0x816'7f2a       0x4  startup_stm32f429xx.o [1]
  .text                  ro code   0x816'7f2e       0x4  startup_stm32f429xx.o [1]
  .text                  ro code   0x816'7f32       0x4  startup_stm32f429xx.o [1]
  .text                  ro code   0x816'7f36       0x4  startup_stm32f429xx.o [1]
  .text                  ro code   0x816'7f3a       0x4  startup_stm32f429xx.o [1]
  .text                  ro code   0x816'7f3e       0x4  startup_stm32f429xx.o [1]
  .text                  ro code   0x816'7f42       0x4  startup_stm32f429xx.o [1]
  .text                  ro code   0x816'7f46       0x4  startup_stm32f429xx.o [1]
  .text                  ro code   0x816'7f4a       0x4  startup_stm32f429xx.o [1]
  .text                  ro code   0x816'7f4e       0x4  startup_stm32f429xx.o [1]
  .text                  ro code   0x816'7f52       0x4  startup_stm32f429xx.o [1]
  .text                  ro code   0x816'7f56       0x4  startup_stm32f429xx.o [1]
  .text                  ro code   0x816'7f5a       0x4  startup_stm32f429xx.o [1]
  .text                  ro code   0x816'7f5e       0x4  startup_stm32f429xx.o [1]
  .text                  ro code   0x816'7f62       0x4  startup_stm32f429xx.o [1]
  .text                  ro code   0x816'7f66       0x4  startup_stm32f429xx.o [1]
  .text                  ro code   0x816'7f6a       0x4  startup_stm32f429xx.o [1]
  .text                  ro code   0x816'7f6e       0x4  startup_stm32f429xx.o [1]
  .text                  ro code   0x816'7f72       0x4  startup_stm32f429xx.o [1]
  .text                  ro code   0x816'7f76       0x4  startup_stm32f429xx.o [1]
  .text                  ro code   0x816'7f7a       0x4  startup_stm32f429xx.o [1]
  .text                  ro code   0x816'7f7e       0x4  startup_stm32f429xx.o [1]
  .text                  ro code   0x816'7f82       0x4  startup_stm32f429xx.o [1]
  .text                  ro code   0x816'7f86       0x4  startup_stm32f429xx.o [1]
  .text                  ro code   0x816'7f8a       0x4  startup_stm32f429xx.o [1]
  .text                  ro code   0x816'7f8e       0x4  startup_stm32f429xx.o [1]
  .text                  ro code   0x816'7f92       0x4  startup_stm32f429xx.o [1]
  .text                  ro code   0x816'7f96       0x4  startup_stm32f429xx.o [1]
  .text                  ro code   0x816'7f9a       0x4  startup_stm32f429xx.o [1]
  .text                  ro code   0x816'7f9e       0x4  startup_stm32f429xx.o [1]
  .text                  ro code   0x816'7fa2       0x4  startup_stm32f429xx.o [1]
  .text                  ro code   0x816'7fa6       0x4  startup_stm32f429xx.o [1]
  .text                  ro code   0x816'7faa       0x4  startup_stm32f429xx.o [1]
  .text                  ro code   0x816'7fae       0x4  startup_stm32f429xx.o [1]
  .text                  ro code   0x816'7fb2       0x4  startup_stm32f429xx.o [1]
  .text                  ro code   0x816'7fb6       0x4  startup_stm32f429xx.o [1]
  .text                  ro code   0x816'7fba       0x4  startup_stm32f429xx.o [1]
  .text                  ro code   0x816'7fbe       0x4  startup_stm32f429xx.o [1]
  .text                  ro code   0x816'7fc2       0x4  startup_stm32f429xx.o [1]
  .text                  ro code   0x816'7fc6       0x4  startup_stm32f429xx.o [1]
  .text                  ro code   0x816'7fca       0x4  startup_stm32f429xx.o [1]
  .text                  ro code   0x816'7fce       0x4  startup_stm32f429xx.o [1]
  .text                  ro code   0x816'7fd2       0x4  startup_stm32f429xx.o [1]
  .text                  ro code   0x816'7fd6       0x4  startup_stm32f429xx.o [1]
  .text                  ro code   0x816'7fda       0x4  startup_stm32f429xx.o [1]
  .text                  ro code   0x816'7fde       0x4  startup_stm32f429xx.o [1]
  .text                  ro code   0x816'7fe2       0x4  startup_stm32f429xx.o [1]
  .text                  ro code   0x816'7fe6       0x4  startup_stm32f429xx.o [1]
  .text                  ro code   0x816'7fea       0x4  startup_stm32f429xx.o [1]
  .text                  ro code   0x816'7fee       0x4  startup_stm32f429xx.o [1]
  .text                  ro code   0x816'7ff2       0x4  STM32F4Instrumentation.o [1]
  .text                  ro code   0x816'7ff6       0x4  STM32F4Instrumentation.o [1]
  .text                  ro code   0x816'7ffa       0x4  WindowSettingsContainerBase.o [1]
  .text                  ro code   0x816'7ffe       0x4  WindowSettingsContainerBase.o [1]
  .text                  ro code   0x816'8002       0x4  WindowSettingsContainerBase.o [1]
  .text                  ro code   0x816'8006       0x4  WindowSettingsContainerBase.o [1]
  .text                  ro code   0x816'800a       0x4  LCD24bpp.o [7]
  .text                  ro code   0x816'800e       0x4  ConstFont.o [7]
  .text                  ro code   0x816'8012       0x4  ConstFont.o [7]
  .text                  ro code   0x816'8016       0x4  ConstFont.o [7]
  .text                  ro code   0x816'801a       0x4  ConstFont.o [7]
  .text                  ro code   0x816'801e       0x2  MainViewBase.o [1]
  FontFlashSection       const     0x816'8020       0x4  Kerning_verdana_10_4bpp.o [1]
  TextFlashSection       const     0x816'8024       0x4  Texts.o [1]
  TextFlashSection       const     0x816'8028       0x4  TypedTextDatabase.o [1]
  .text                  ro code   0x816'802c       0x2  MainViewBase.o [1]
  .text                  ro code   0x816'802e       0x2  PanelSettingsContainerBase.o [1]
  .text                  ro code   0x816'8030       0x2  SingleZoneContainerBase.o [1]
  .text                  ro code   0x816'8032       0x2  SingleZoneContainerBase.o [1]
  .text                  ro code   0x816'8034       0x2  SingleZoneContainerBase.o [1]
  .text                  ro code   0x816'8036       0x2  SingleZoneContainerBase.o [1]
  .text                  ro code   0x816'8038       0x2  SingleZoneContainerBase.o [1]
  .text                  ro code   0x816'803a       0x2  SingleZoneContainerBase.o [1]
  .text                  ro code   0x816'803c       0x2  SingleZoneContainerBase.o [1]
  .text                  ro code   0x816'803e       0x2  SingleZoneContainerBase.o [1]
  .text                  ro code   0x816'8040       0x2  WindowSettingsContainerBase.o [1]
  .text                  ro code   0x816'8042       0x2  WindowSettingsContainerBase.o [1]
  .text                  ro code   0x816'8044       0x2  WindowSettingsContainerBase.o [1]
  .text                  ro code   0x816'8046       0x2  WindowSettingsContainerBase.o [1]
  .text                  ro code   0x816'8048       0x2  WindowSettingsContainerBase.o [1]
  .text                  ro code   0x816'804a       0x2  WindowSettingsContainerBase.o [1]
  .text                  ro code   0x816'804c       0x2  WindowSettingsContainerBase.o [1]
  .text                  ro code   0x816'804e       0x2  WindowSettingsContainerBase.o [1]
  .text                  ro code   0x816'8050       0x2  Application.o [7]
  .text                  ro code   0x816'8052       0x2  Application.o [7]
  .text                  ro code   0x816'8054       0x2  Application.o [7]
  .text                  ro code   0x816'8056       0x2  Application.o [7]
  .text                  ro code   0x816'8058       0x2  Application.o [7]
  .text                  ro code   0x816'805a       0x2  Screen.o [7]
  .rodata                const     0x816'805c       0x1  unwind_debug.o [6]
  .text                  ro code   0x816'8060       0x0  cstart_closeall.o [5]
  .rodata                const     0x816'8060       0x0  zero_init3.o [5]
  .rodata                const     0x816'8060       0x0  lz77_init_single.o [5]
  Initializer bytes      const     0x816'8060      0xcf  <for P2-1>
                                 - 0x816'812f  0x167f83

"P2", part 1 of 3:                                0xc80
  P2-1                            0x2000'0000     0xc80  <Init block>
    .data                inited   0x2000'0000       0x8  BoardConfiguration.o [1]
    .data                inited   0x2000'0008     0xab8  BoardConfiguration.o [1]
    .data                inited   0x2000'0ac0       0x9  OSWrappers.o [1]
    .data                inited   0x2000'0acc       0xc  port.o [1]
    .data                inited   0x2000'0ad8       0xc  stm32f4xx_hal.o [1]
    .data                inited   0x2000'0ae4       0x4  system_stm32f4xx.o [1]
    .data                inited   0x2000'0ae8       0x8  Texts.o [1]
    .data                inited   0x2000'0af0       0x8  Texts.o [1]
    .data                inited   0x2000'0af8      0x10  Application.o [7]
    .data                inited   0x2000'0b08      0x38  xlocale_c.o [2]
    .data                inited   0x2000'0b40      0x48  xlocale_c.o [2]
    .data                inited   0x2000'0b88      0x48  xfiles.o [2]
    .data                inited   0x2000'0bd0      0x48  xfiles.o [2]
    .data                inited   0x2000'0c18      0x48  xfiles.o [2]
    .data                inited   0x2000'0c60      0x20  xfiles.o [2]
                                - 0x2000'0c80     0xc80

"P2", part 2 of 3:                              0x19ce0
  .bss                   zero     0x2000'0c80   0x11688  BoardConfiguration.o [1]
  .bss                   zero     0x2001'2308    0x8018  heap_4.o [1]
  .bss                   zero     0x2001'a320      0xa8  HW_Init.o [1]
  .bss                   zero     0x2001'a3c8      0xa0  tasks.o [1]
  .bss                   zero     0x2001'a468      0x8c  tasks.o [1]
  .bss                   zero     0x2001'a4f4      0x80  XShHandles.o [2]
  .bss                   zero     0x2001'a574      0x6c  BoardConfiguration.o [1]
  .bss                   zero     0x2001'a5e0      0x64  main.o [1]
  .bss                   zero     0x2001'a644      0x50  xfiles.o [2]
  .bss                   zero     0x2001'a694      0x50  xfiles.o [2]
  .bss                   zero     0x2001'a6e4      0x4c  TouchCalibration.o [7]
  .bss                   zero     0x2001'a730      0x44  HW_Init.o [1]
  .bss                   zero     0x2001'a774      0x40  HW_Init.o [1]
  .bss                   zero     0x2001'a7b4      0x40  main.o [1]
  .bss                   zero     0x2001'a7f4      0x40  STM32F4Instrumentation.o [1]
  .bss                   zero     0x2001'a834      0x24  FontGetters.o [1]
  .bss                   zero     0x2001'a858      0x24  FontGetters.o [1]
  .bss                   zero     0x2001'a87c      0x24  FontGetters.o [1]
  .bss                   zero     0x2001'a8a0      0x24  Bitmap.o [7]
  .bss                   zero     0x2001'a8c4      0x14  Model.o [1]
  .bss                   zero     0x2001'a8d8      0x10  sdram.o [1]
  .bss                   zero     0x2001'a8e8      0x10  HAL.o [7]
  .bss                   zero     0x2001'a8f8       0xc  port.o [1]
  .bss                   zero     0x2001'a904       0xc  TypedTextDatabase.o [1]
  .bss                   zero     0x2001'a910       0x8  Texts.o [1]
  .bss                   zero     0x2001'a918       0x8  Texts.o [1]
  .bss                   zero     0x2001'a920       0x8  Texts.o [1]
  .bss                   zero     0x2001'a928       0x8  heap0.o [2]
  .bss                   zero     0x2001'a930       0x4  HW_Init.o [1]
  .bss                   zero     0x2001'a934       0x4  main.o [1]
  .bss                   zero     0x2001'a938       0x4  main.o [1]
  .bss                   zero     0x2001'a93c       0x4  STM32F4HAL.o [1]
  .bss                   zero     0x2001'a940       0x4  FontManager.o [7]
  .bss                   zero     0x2001'a944       0x4  TypedText.o [7]
  .bss                   zero     0x2001'a948       0x4  TypedText.o [7]
  .bss                   zero     0x2001'a94c       0x4  TypedText.o [7]
  .bss                   zero     0x2001'a950       0x4  xfail_s.o [2]
  .bss                   zero     0x2001'a954       0x4  xgetmemchunk.o [2]
  .bss                   zero     0x2001'a958       0x2  HAL.o [7]
  .bss                   zero     0x2001'a95a       0x2  TypedText.o [7]
  .bss                   zero     0x2001'a95c       0x1  BoardConfiguration.o [1]
  .bss                   zero     0x2001'a95d       0x1  STM32F4DMA.o [1]
                                - 0x2001'a95e   0x19cde

"P2", part 3 of 3:                                0x600
  CSTACK                          0x2001'a960     0x400  <Block>
    CSTACK               uninit   0x2001'a960     0x400  <Block tail>
  HEAP                            0x2001'ad60     0x200  <Block>
    HEAP                 uninit   0x2001'ad60     0x200  <Block tail>
                                - 0x2001'af60     0x600

Unused ranges:

         From           To      Size
         ----           --      ----
   0x816'812f   0x81f'ffff  0x9'7ed1
  0x2001'af60  0x2002'ffff  0x1'50a0


*******************************************************************************
*** INIT TABLE
***

          Address      Size
          -------      ----
Zero (__iar_zero_init3)
    1 destination range, total size 0x19cde:
          0x2000'0c80  0x19cde

Copy/lz77 (__iar_lz77_init_single3)
    1 source range, total size 0xcf (6% of destination):
           0x816'8060     0xcf
    1 destination range, total size 0xc80:
          0x2000'0000    0xc80

Extra (__iar_cstart_call_ctors)



*******************************************************************************
*** MODULE SUMMARY
***

    Module                              ro code    ro data  rw data
    ------                              -------    -------  -------
command line/config:
    ---------------------------------------------------------------
    Total:

C:\projects\switchTouchGFX\switch_touchgfx\EWARM\switch_touchgfx\Obj: [1]
    AllScenesContainer.o                    266        176
    AllScenesContainerBase.o              1 056        200
    AllZonesContainer.o                     408        160
    AllZonesContainerBase.o                 470        180
    ApplicationFontProvider.o                           20
    BitmapDatabase.o                         12        640
    BoardConfiguration.o                    844        394   74 165
    FontGetters.o                           220                 108
    Font_verdana_10_4bpp.o                           1 552
    Font_verdana_20_4bpp.o                           5 048
    Font_verdana_40_4bpp.o                          20 224
    FrontendApplication.o                    46         60
    FrontendApplicationBase.o               682        816
    GPIO.o                                    8
    HW_Init.o                             1 076                 304
    Kerning_verdana_10_4bpp.o                            4
    Kerning_verdana_20_4bpp.o                          224
    Kerning_verdana_40_4bpp.o                          428
    LanguageGb.o                                       444
    MainPresenter.o                          78         92
    MainView.o                            2 068         84
    MainViewBase.o                        2 858      1 232
    Model.o                                 104                  20
    OSWrappers.o                            240                   9
    PanelSettingsContainer.o                 38        152
    PanelSettingsContainerBase.o            280        176
    STM32F4DMA.o                            792         76        1
    STM32F4HAL.o                            656        324        4
    STM32F4Instrumentation.o                248         40       64
    STM32F4TouchController.o                 60         24
    SingleZoneContainer.o                   264        180
    SingleZoneContainerBase.o             1 190        732
    Table_verdana_10_4bpp.o                            884
    Table_verdana_20_4bpp.o                            912
    Table_verdana_40_4bpp.o                            896
    Texts.o                                  84          9       40
    TypedTextDatabase.o                      48         52       12
    WindowSettingsContainer.o               430        164
    WindowSettingsContainerBase.o         1 070        188
    autoTintButtonNotPressedNew.o                   47 600
    autoTintButtonPressedNew.o                      47 600
    backButton.o                                     1 600
    background_image.o                             391 680
    blue_buttons_round_edge_small.o                 40 800
    closeButton.o                                    1 600
    cmsis_os.o                              712
    combinedGraphicNew.o                            86 720
    freertos.o                                4
    ft5436.o                                148
    heap_4.o                                440              32 792
    list.o                                  146
    main.o                                  912        116      172
    manualTintButtonNotPressedNew.o                 47 600
    manualTintButtonPressedNew.o                    47 600
    panelBase.o                                    419 220
    panelSettingsButtonIcon.o                        1 156
    port.o                                  764          1       24
    portasm.o                               176
    presentScenesButtonNotPressedNew.o              47 600
    presentScenesButtonPressedNew.o                 47 600
    queue.o                               1 800
    sdram.o                                 156                  16
    startup_stm32f429xx.o                   788
    stm32f4xx_hal.o                         184          1       12
    stm32f4xx_hal_cortex.o                  232
    stm32f4xx_hal_crc.o                      36
    stm32f4xx_hal_dma2d.o                   786
    stm32f4xx_hal_gpio.o                    776
    stm32f4xx_hal_i2c.o                   2 088
    stm32f4xx_hal_i2c_ex.o                  122
    stm32f4xx_hal_ltdc.o                  1 028
    stm32f4xx_hal_msp.o                     368
    stm32f4xx_hal_pwr_ex.o                  120
    stm32f4xx_hal_rcc.o                   1 244
    stm32f4xx_hal_rcc_ex.o                  540
    stm32f4xx_hal_sdram.o                   188
    stm32f4xx_hal_tim.o                     592
    stm32f4xx_hal_tim_ex.o                   62
    stm32f4xx_hal_uart.o                    792
    stm32f4xx_it.o                           64
    stm32f4xx_ll_fmc.o                      334
    sun-icon.o                                       2 704
    system_stm32f4xx.o                       96          8        4
    tasks.o                               2 276                 300
    toggleNotPressed.o                               2 116
    togglePressed.o                                  2 116
    zoneGrad1NotPressed.o                            8 600
    zoneGrad1Pressed.o                               8 600
    zoneGrad2NotPressed.o                            8 600
    zoneGrad2Pressed.o                               8 600
    zoneGrad3NotPressed.o                            8 600
    zoneGrad3Pressed.o                               8 600
    zoneGrad4NotPressed.o                            8 600
    zoneGrad4Pressed.o                               8 600
    zoneGrey1NotPressed.o                            8 600
    zoneGrey1Pressed.o                               8 600
    zoneGrey2NotPressed.o                            8 600
    zoneGrey2Pressed.o                               8 600
    zoneGrey3NotPressed.o                            8 600
    zoneGrey3Pressed.o                               8 600
    zoneWhiteNotPressed.o                            8 600
    zoneWhitePressed.o                               8 600
    ---------------------------------------------------------------
    Total:                               33 570  1 409 825  108 047

dl7M_tlf.a: [2]
    XShHandles.o                            204                 128
    abort.o                                   6
    cppinit.o                                24
    exit.o                                    4
    fclose.o                                126
    fflush.o                                172
    fputc.o                                  84
    fseek.o                                  36
    heap0.o                                 320                   8
    heaptramp0.o                              4
    low_level_init.o                          4
    printf.o                                 40
    putchar.o                                12
    xcloseall.o                              60
    xencoding_8859_1.o                       30
    xfail_s.o                                64                   4
    xfgpos.o                                 12
    xfiles.o                                            16      408
    xfofind.o                               140
    xfspos.o                                216
    xfwprep.o                               180
    xgetmemchunk.o                           44                   4
    xlocale_c.o                             120         14      128
    xmbcurmax.o                              10
    xprintffull.o                         3 910
    xprout.o                                 22
    ---------------------------------------------------------------
    Total:                                5 844         30      680

dlpp7M_tl_fc.a: [3]
    cxxabi.o                                 40
    ---------------------------------------------------------------
    Total:                                   40

m7M_tls.a: [4]
    DblAdd.o                                362
    DblCmpGe.o                               46
    DblCmpLe.o                               46
    DblDiv.o                                582
    DblMul.o                                418
    DblSub.o                                226
    DblToS32.o                               58
    DblToU32.o                               40
    S32ToDbl.o                               34
    U32ToDbl.o                               26
    fpinit_M.o                               34
    frexp.o                                 112
    ldexp.o                                 314
    ---------------------------------------------------------------
    Total:                                2 298

rt7M_tl.a: [5]
    ABImemclr4.o                              6
    ABImemcpy.o                             166
    ABImemset.o                             102
    ABImemset48.o                            58
    I64DivMod_small.o                       262
    I64DivZer.o                               2
    cexit.o                                  14
    cmain.o                                  30
    cmain_call_ctors.o                       32
    cstart_closeall.o
    cstartup_M.o                             12
    data_init.o                              40
    lz77_init_single.o                      122
    memchr.o                                 88
    memcpy.o                                 12
    strchr.o                                 22
    strlen.o                                 54
    zero_init3.o                             58
    ---------------------------------------------------------------
    Total:                                1 080

shb_l.a: [6]
    ABIassert.o                              36
    close.o                                  24
    exit.o                                   20
    lseek.o                                  74
    remove.o                                 20
    unwind_debug.o                                       1
    ---------------------------------------------------------------
    Total:                                  174          1

touchgfx_core_release.a: [7]
    AbstractButton.o                         78
    AbstractPartition.o                       8
    Application.o                         2 034        101       16
    Bitmap.o                                776                  36
    Box.o                                   100        108
    Button.o                                232        116
    Color.o                                 176
    ConstFont.o                             242
    Container.o                             456        144
    DMA.o                                   508         36
    DisplayTransformation.o                 176
    Drawable.o                              372
    EasingEquations.o                       208
    Font.o                                  168
    FontManager.o                            12                   4
    Gestures.o                              348         60
[...]
touchgfx::ScrollableContainer::childGeometryChanged()
                         0x815'53ed     0xba  Code  Gb  ScrollableContainer.o [7]
touchgfx::ScrollableContainer::doScroll(short, short)
                         0x815'5321     0xcc  Code  Gb  ScrollableContainer.o [7]
touchgfx::ScrollableContainer::getContainedArea() const
                         0x815'54e3     0xe6  Code  Gb  ScrollableContainer.o [7]
touchgfx::ScrollableContainer::getLastChild(short, short, touchgfx::Drawable **)
                         0x816'7a2d     0x1e  Code  Gb  ScrollableContainer.o [7]
touchgfx::ScrollableContainer::getXBorder(touchgfx::Rect const &, touchgfx::Rect const &) const
                         0x815'5159     0x5e  Code  Gb  ScrollableContainer.o [7]
touchgfx::ScrollableContainer::getXScrollbar() const
                         0x815'4fdd     0xba  Code  Gb  ScrollableContainer.o [7]
touchgfx::ScrollableContainer::getYBorder(touchgfx::Rect const &, touchgfx::Rect const &) const
                         0x815'51b7     0x5e  Code  Gb  ScrollableContainer.o [7]
touchgfx::ScrollableContainer::getYScrollbar() const
                         0x815'5097     0xb4  Code  Gb  ScrollableContainer.o [7]
touchgfx::ScrollableContainer::handleClickEvent(touchgfx::ClickEvent const &)
                         0x815'4993    0x302  Code  Gb  ScrollableContainer.o [7]
touchgfx::ScrollableContainer::handleClickEvent(touchgfx::ClickEvent const &){1}{3}{7}{8}::samplePoints
                         0x815'56e4     0x50  Data  Lc  ScrollableContainer.o [7]
touchgfx::ScrollableContainer::handleDragEvent(touchgfx::DragEvent const &)
                         0x815'4c95    0x236  Code  Gb  ScrollableContainer.o [7]
touchgfx::ScrollableContainer::handleGestureEvent(touchgfx::GestureEvent const &)
                         0x815'4ed1     0xec  Code  Gb  ScrollableContainer.o [7]
touchgfx::ScrollableContainer::handleTickEvent()
                         0x815'5629     0xac  Code  Gb  ScrollableContainer.o [7]
touchgfx::ScrollableContainer::invalidateScrollbars()
                         0x815'5221    0x100  Code  Gb  ScrollableContainer.o [7]
touchgfx::ScrollableContainer::isScrollableXY(bool &, bool &)
                         0x815'3b87     0x4a  Code  Gb  ScrollableContainer.o [7]
touchgfx::ScrollableContainer::moveChildrenRelative(short, short)
                         0x815'55f7     0x32  Code  Gb  ScrollableContainer.o [7]
touchgfx::ScrollableContainer::reset()
                         0x815'55c9     0x2e  Code  Gb  ScrollableContainer.o [7]
touchgfx::ScrollableContainer::setScrollbarsColor(touchgfx::colortype)
                         0x815'56d5      0xa  Code  Gb  ScrollableContainer.o [7]
touchgfx::ScrollableContainer::setScrollbarsVisible(bool)
                         0x815'56df      0x6  Code  Gb  ScrollableContainer.o [7]
touchgfx::TextArea::TextArea()
                         0x816'0bb9     0x30  Code  Gb  WindowSettingsContainerBase.o [1]
touchgfx::TextArea::draw(touchgfx::Rect const &) const
                         0x815'f5bf     0x84  Code  Gb  TextArea.o [7]
touchgfx::TextArea::getSolidRect() const
                         0x816'7955     0x20  Code  Gb  SingleZoneContainerBase.o [1]
touchgfx::TextArea::getTextHeight()
                         0x815'f56d     0x18  Code  Gb  TextArea.o [7]
touchgfx::TextArea::getTextHeightInternal(unsigned short const *, ...) const
                         0x815'f6bb     0x72  Code  Gb  TextArea.o [7]
touchgfx::TextArea::getTextWidth() const
                         0x815'f585     0x3a  Code  Gb  TextArea.o [7]
touchgfx::TextArea::resizeToCurrentText()
                         0x815'f665     0x56  Code  Gb  TextArea.o [7]
touchgfx::TextArea::setTypedText(touchgfx::TypedText)
                         0x815'f643     0x22  Code  Gb  TextArea.o [7]
touchgfx::TextAreaWithOneWildcard::TextAreaWithOneWildcard()
                         0x815'f325     0x18  Code  Gb  MainViewBase.o [1]
touchgfx::TextAreaWithOneWildcard::draw(touchgfx::Rect const &) const
                         0x816'67dd     0x8c  Code  Gb  MainViewBase.o [1]
touchgfx::TextAreaWithOneWildcard::getTextHeight()
                         0x816'77ed     0x28  Code  Gb  SingleZoneContainerBase.o [1]
touchgfx::TextAreaWithOneWildcard::getTextWidth() const
                         0x816'73bd     0x3e  Code  Gb  SingleZoneContainerBase.o [1]
touchgfx::TextAreaWithTwoWildcards::TextAreaWithTwoWildcards()
                         0x815'f309     0x1c  Code  Gb  MainViewBase.o [1]
touchgfx::TextAreaWithTwoWildcards::draw(touchgfx::Rect const &) const
                         0x816'6535     0x94  Code  Gb  MainViewBase.o [1]
touchgfx::TextAreaWithTwoWildcards::getTextHeight()
                         0x816'7771     0x2a  Code  Gb  MainViewBase.o [1]
touchgfx::TextAreaWithTwoWildcards::getTextWidth() const
                         0x816'7329     0x42  Code  Gb  MainViewBase.o [1]
touchgfx::TextAreaWithWildcardBase::TextAreaWithWildcardBase() [subobject]
                         0x816'0071     0x14  Code  Gb  MainViewBase.o [1]
touchgfx::TextAreaWithWildcardBase::calculateTextHeight(unsigned short const *, ...) const
                         0x816'674d     0x90  Code  Gb  TextAreaWithWildcard.o [7]
touchgfx::TextProvider::TextProvider()
                         0x815'acb9      0x2  Code  Gb  TextProvider.o [7]
touchgfx::TextProvider::getNextChar()
                         0x815'accd     0x16  Code  Gb  TextProvider.o [7]
touchgfx::TextProvider::getNextCharInternal()
                         0x815'ad17     0x84  Code  Gb  TextProvider.o [7]
touchgfx::TextProvider::getNextLigature(unsigned char)
                         0x815'ace3     0x34  Code  Gb  TextProvider.o [7]
touchgfx::TextProvider::initialize(unsigned short const *, __va_list)
                         0x815'ad9b      0x4  Code  Gb  TextProvider.o [7]
touchgfx::TextProvider::initializeInternal()
                         0x815'ad9f     0x42  Code  Gb  TextProvider.o [7]
touchgfx::TextProvider::unicodeConverterFunction
                        0x2001'a918      0x8  Data  Gb  Texts.o [1]
touchgfx::TextProvider::unicodeConverterInitFunction
                        0x2001'a910      0x8  Data  Gb  Texts.o [1]
touchgfx::Texts::currentLanguage
                        0x2001'a920      0x2  Data  Gb  Texts.o [1]
touchgfx::Texts::currentLanguagePtr
                        0x2001'a924      0x4  Data  Gb  Texts.o [1]
touchgfx::Texts::setLanguage(unsigned short)
                         0x816'38ef     0x30  Code  Gb  Texts.o [1]
touchgfx::ToggleButton::ToggleButton()
                         0x816'0619     0x46  Code  Gb  ToggleButton.o [7]
touchgfx::ToggleButton::forceState(bool)
                         0x816'0669     0x1c  Code  Gb  ToggleButton.o [7]
touchgfx::ToggleButton::getState() const
                         0x816'06a3     0x10  Code  Gb  WindowSettingsContainer.o [1]
touchgfx::ToggleButton::handleClickEvent(touchgfx::ClickEvent const &)
                         0x816'0685     0x1e  Code  Gb  ToggleButton.o [7]
touchgfx::ToggleButton::setBitmaps(touchgfx::Bitmap const &, touchgfx::Bitmap const &)
                         0x816'0f01      0x8  Code  Gb  WindowSettingsContainerBase.o [1]
touchgfx::TouchCalibration::matrix
                        0x2001'a6e4     0x4c  Data  Gb  TouchCalibration.o [7]
touchgfx::TouchCalibration::muldiv(int, int, int, int, int, int, int &)
                         0x815'9751     0x60  Code  Gb  TouchCalibration.o [7]
touchgfx::TouchCalibration::translatePoint(touchgfx::Point &)
                         0x815'97b1     0x98  Code  Gb  TouchCalibration.o [7]
touchgfx::Transition::handleTickEvent()
                         0x816'0f57      0x2  Code  Gb  FrontendApplicationBase.o [1]
touchgfx::Transition::init()
                         0x816'28b7      0x2  Code  Gb  FrontendApplicationBase.o [1]
touchgfx::Transition::setScreenContainer(touchgfx::Container &)
                         0x816'7e7f      0x4  Code  Gb  FrontendApplicationBase.o [1]
touchgfx::Transition::tearDown()
                         0x816'2097      0x2  Code  Gb  FrontendApplicationBase.o [1]
touchgfx::Transition::~Transition()
                         0x816'0bb7      0x2  Code  Gb  FrontendApplicationBase.o [1]
touchgfx::TypedText::assertValid() const
                         0x816'0085     0x48  Code  Gb  SingleZoneContainerBase.o [1]
touchgfx::TypedText::assertValid() const::string (instance 2)
                         0x816'72e4     0x44  Data  Gb  SingleZoneContainerBase.o [1]
touchgfx::TypedText::assertValid() const::string (instance 3)
                         0x816'6a78     0x80  Data  Gb  SingleZoneContainerBase.o [1]
touchgfx::TypedText::assertValid() const::string (instance 5)
                         0x816'7150     0x54  Data  Gb  SingleZoneContainerBase.o [1]
touchgfx::TypedText::fonts
                        0x2001'a94c      0x4  Data  Gb  TypedText.o [7]
touchgfx::TypedText::getAlignment() const
                         0x816'660d     0x20  Code  Gb  MainViewBase.o [1]
touchgfx::TypedText::getFont() const
                         0x816'65c9     0x24  Code  Gb  SingleZoneContainerBase.o [1]
touchgfx::TypedText::getText() const
                         0x815'f555     0x18  Code  Gb  SingleZoneContainerBase.o [1]
touchgfx::TypedText::getTextDirection() const
                         0x816'65ed     0x20  Code  Gb  SingleZoneContainerBase.o [1]
touchgfx::TypedText::numberOfTypedTexts
                        0x2001'a95a      0x2  Data  Gb  TypedText.o [7]
touchgfx::TypedText::texts
                        0x2001'a948      0x4  Data  Gb  TypedText.o [7]
touchgfx::TypedText::typedTexts
                        0x2001'a944      0x4  Data  Gb  TypedText.o [7]
touchgfx::UIEventListener::handleClickEvent(touchgfx::ClickEvent const &)
                         0x816'8051      0x2  Code  Gb  Application.o [7]
touchgfx::UIEventListener::handleDragEvent(touchgfx::DragEvent const &)
                         0x816'8053      0x2  Code  Gb  Application.o [7]
touchgfx::UIEventListener::handleGestureEvent(touchgfx::GestureEvent const &)
                         0x816'8055      0x2  Code  Gb  Application.o [7]
touchgfx::UIEventListener::handleKeyEvent(unsigned char)
                         0x816'8057      0x2  Code  Gb  Application.o [7]
touchgfx::UIEventListener::handleTickEvent()
                         0x816'8059      0x2  Code  Gb  Application.o [7]
touchgfx::Unicode::EMPTY
                         0x815'ae72      0x2  Data  Gb  Unicode.o [7]
touchgfx::Unicode::atoi(unsigned short const *)
                         0x815'edb5     0x20  Code  Gb  Unicode.o [7]
touchgfx::Unicode::composeString(unsigned short const *&, unsigned short, unsigned short const *, bool, bool, int, bool, int, bool, int &, unsigned short, unsigned short *)
                         0x815'f107    0x14c  Code  Gb  Unicode.o [7]
touchgfx::Unicode::itoa(int, unsigned short *, unsigned short, int)
                         0x815'ed0b     0x68  Code  Gb  Unicode.o [7]
touchgfx::Unicode::snprintf(unsigned short *, unsigned short, char const *, ...)
                         0x815'f0d5      0xe  Code  Gb  Unicode.o [7]
touchgfx::Unicode::strncpy(unsigned short *, char const *, unsigned short)
                         0x815'ece1     0x24  Code  Gb  Unicode.o [7]
touchgfx::Unicode::utoa(unsigned int, unsigned short *, unsigned short, int)
                         0x815'ed73     0x42  Code  Gb  Unicode.o [7]
touchgfx::Unicode::vsnprintf(unsigned short *, unsigned short, char const *, __va_list)
                         0x815'f0e3     0x24  Code  Gb  Unicode.o [7]
touchgfx::Unicode::vsnprintf(unsigned short *, unsigned short, unsigned short const *, __va_list)
                         0x815'edd5    0x2f4  Code  Gb  Unicode.o [7]
touchgfx::Vector<touchgfx::Rect, (unsigned short)8>::add(touchgfx::Rect)
                         0x815'6bf7     0x28  Code  Gb  Application.o [7]
touchgfx::Vector<touchgfx::Rect, (unsigned short)8>::quickRemoveAt(unsigned short)
                         0x815'6ad3     0x50  Code  Gb  Application.o [7]
touchgfx::View<MainPresenter>::~View()
                         0x816'7a83      0x2  Code  Gb  MainViewBase.o [1]
touchgfx::Widget::Widget() [subobject]
                         0x816'005f      0xc  Code  Gb  WindowSettingsContainerBase.o [1]
touchgfx::Widget::getLastChild(short, short, touchgfx::Drawable **)
                         0x815'471f     0x12  Code  Gb  SingleZoneContainerBase.o [1]
touchgfx::getHAL<STM32F4HAL>(touchgfx::DMA_Interface &, touchgfx::LCD &, touchgfx::TouchController &, int16_t, int16_t)::hal
                        0x2001'a578     0x68  Data  Lc  BoardConfiguration.o [1]
touchgfx::getHAL<STM32F4HAL>(touchgfx::DMA_Interface &, touchgfx::LCD &, touchgfx::TouchController &, int16_t, int16_t)::static guard for hal
                        0x2001'a574      0x1  Data  Lc  BoardConfiguration.o [1]
touchgfx::memset(void *, unsigned char, unsigned int)
                         0x815'ffa9      0xe  Code  Gb  Utils.o [7]
touchgfx::touchgfx_init()
                         0x816'28ff     0x60  Code  Gb  BoardConfiguration.o [1]
typedTextDatabaseArray   0x816'8028      0x4  Data  Lc  TypedTextDatabase.o [1]
typedText_database_DEFAULT
                         0x816'7744     0x2c  Data  Lc  TypedTextDatabase.o [1]
ucHeap                  0x2001'2320   0x8000  Data  Lc  heap_4.o [1]
ucMaxSysCallPriority    0x2000'0acc      0x1  Data  Lc  port.o [1]
uiTaskHandle            0x2001'a640      0x4  Data  Gb  main.o [1]
ulMaxPRIGROUPValue      0x2000'0ad4      0x4  Data  Lc  port.o [1]
ulStoppedTimerCompensation
                        0x2001'a900      0x4  Data  Lc  port.o [1]
ulTimerCountsForOneTick
                        0x2001'a8f8      0x4  Data  Lc  port.o [1]
unicodes_verdana_10_4bpp
                         0x815'db34    0x610  Data  Gb  Font_verdana_10_4bpp.o [1]
unicodes_verdana_20_4bpp
                         0x815'1780   0x13b8  Data  Gb  Font_verdana_20_4bpp.o [1]
unicodes_verdana_40_4bpp
                         0x812'af00   0x4f00  Data  Gb  Font_verdana_40_4bpp.o [1]
uwTick                  0x2000'0adc      0x4  Data  Gb  stm32f4xx_hal.o [1]
uwTickFreq              0x2000'0ad8      0x1  Data  Gb  stm32f4xx_hal.o [1]
uwTickPrio              0x2000'0ae0      0x4  Data  Gb  stm32f4xx_hal.o [1]
uxCriticalNesting       0x2000'0ad0      0x4  Data  Lc  port.o [1]
uxCurrentNumberOfTasks  0x2001'a414      0x4  Data  Lc  tasks.o [1]
uxDeletedTasksWaitingCleanUp
                        0x2001'a3fc      0x4  Data  Lc  tasks.o [1]
uxListRemove             0x815'8315     0x26  Code  Gb  list.o [1]
uxPendedTicks           0x2001'a424      0x4  Data  Lc  tasks.o [1]
uxSchedulerSuspended    0x2001'a438      0x4  Data  Lc  tasks.o [1]
uxTaskNumber            0x2001'a430      0x4  Data  Lc  tasks.o [1]
uxTopReadyPriority      0x2001'a41c      0x4  Data  Lc  tasks.o [1]
vApplicationIdleHook     0x815'86cd      0x8  Code  Gb  OSWrappers.o [1]
vApplicationMallocFailedHook
                         0x815'86cb      0x2  Code  Gb  OSWrappers.o [1]
vApplicationStackOverflowHook
                         0x815'86c9      0x2  Code  Gb  OSWrappers.o [1]
vListInitialise          0x815'82a9     0x1a  Code  Gb  list.o [1]
vListInitialiseItem      0x815'82c3      0x6  Code  Gb  list.o [1]
vListInsert              0x815'82e3     0x32  Code  Gb  list.o [1]
vListInsertEnd           0x815'82c9     0x1a  Code  Gb  list.o [1]
vPortEnableVFP           0x815'87c1           Code  Gb  portasm.o [1]
vPortEnterCritical       0x815'8429     0x32  Code  Gb  port.o [1]
vPortExitCritical        0x815'845b     0x22  Code  Gb  port.o [1]
vPortFree                0x815'8207     0x46  Code  Gb  heap_4.o [1]
vPortStartFirstTask      0x815'87a1           Code  Gb  portasm.o [1]
vPortSuppressTicksAndSleep
                         0x815'850d     0xe8  Code  Wk  port.o [1]
vPortValidateInterruptPriority
                         0x815'84a5     0x34  Code  Gb  port.o [1]
vTaskDelay               0x815'798b     0x2e  Code  Gb  tasks.o [1]
vTaskInternalSetTimeOutState
                         0x815'7d09      0xe  Code  Gb  tasks.o [1]
vTaskMissedYield         0x815'7d91      0xa  Code  Gb  tasks.o [1]
vTaskPlaceOnEventList    0x815'7c7f     0x26  Code  Gb  tasks.o [1]
vTaskPriorityDisinheritAfterTimeout
                         0x815'7f8b     0x80  Code  Gb  tasks.o [1]
vTaskSetApplicationTaskTag
                         0x815'7bd9     0x14  Code  Gb  tasks.o [1]
vTaskStartScheduler      0x815'79d1     0x54  Code  Gb  tasks.o [1]
vTaskStepTick            0x815'7af5     0x26  Code  Gb  tasks.o [1]
vTaskSuspendAll          0x815'7a25      0xc  Code  Gb  tasks.o [1]
vTaskSwitchContext       0x815'7bf5     0x76  Code  Gb  tasks.o [1]
vsync_q                 0x2000'0ac4      0x4  Data  Lc  OSWrappers.o [1]
xBlockAllocatedBit      0x2001'231c      0x4  Data  Lc  heap_4.o [1]
xDelayedTaskList1       0x2001'a43c     0x14  Data  Lc  tasks.o [1]
xDelayedTaskList2       0x2001'a450     0x14  Data  Lc  tasks.o [1]
xFreeBytesRemaining     0x2001'2314      0x4  Data  Lc  heap_4.o [1]
xIdleTaskHandle         0x2001'a464      0x4  Data  Lc  tasks.o [1]
xMaximumPossibleSuppressedTicks
                        0x2001'a8fc      0x4  Data  Lc  port.o [1]
xMinimumEverFreeBytesRemaining
                        0x2001'2318      0x4  Data  Lc  heap_4.o [1]
xNextTaskUnblockTime    0x2001'a434      0x4  Data  Lc  tasks.o [1]
xNumOfOverflows         0x2001'a42c      0x4  Data  Lc  tasks.o [1]
xPendingReadyList       0x2001'a3c8     0x14  Data  Lc  tasks.o [1]
xPortStartScheduler      0x815'8385     0xa4  Code  Gb  port.o [1]
xPortSysTickHandler      0x815'847d     0x26  Code  Gb  port.o [1]
xQueueGenericCreate      0x815'8859     0x38  Code  Gb  queue.o [1]
xQueueGenericReset       0x815'87e1     0x78  Code  Gb  queue.o [1]
xQueueGenericSend        0x815'88b7    0x128  Code  Gb  queue.o [1]
xQueueGenericSendFromISR
                         0x815'89e7     0x8a  Code  Gb  queue.o [1]
xQueueGiveFromISR        0x815'8a71     0x70  Code  Gb  queue.o [1]
xQueueReceive            0x815'8af5     0xfc  Code  Gb  queue.o [1]
xQueueReceiveFromISR     0x815'8d59     0x82  Code  Gb  queue.o [1]
xQueueSemaphoreTake      0x815'8bfb    0x128  Code  Gb  queue.o [1]
xSchedulerRunning       0x2001'a420      0x4  Data  Lc  tasks.o [1]
xStart                  0x2001'2308      0x8  Data  Lc  heap_4.o [1]
xSuspendedTaskList      0x2001'a400     0x14  Data  Lc  tasks.o [1]
xTaskCheckForTimeOut     0x815'7d17     0x66  Code  Gb  tasks.o [1]
xTaskCreate              0x815'780d     0x58  Code  Gb  tasks.o [1]
xTaskGetSchedulerState   0x815'7e61     0x18  Code  Gb  tasks.o [1]
xTaskIncrementTick       0x815'7b1b     0xbe  Code  Gb  tasks.o [1]
xTaskPriorityDisinherit
                         0x815'7efb     0x70  Code  Gb  tasks.o [1]
xTaskPriorityInherit     0x815'7e79     0x7c  Code  Gb  tasks.o [1]
xTaskRemoveFromEventList
                         0x815'7ca9     0x56  Code  Gb  tasks.o [1]
xTaskResumeAll           0x815'7a5d     0x90  Code  Gb  tasks.o [1]
xTasksWaitingTermination
                        0x2001'a3dc     0x14  Data  Lc  tasks.o [1]
xTickCount              0x2001'a418      0x4  Data  Lc  tasks.o [1]
xYieldPending           0x2001'a428      0x4  Data  Lc  tasks.o [1]


[1] = C:\projects\switchTouchGFX\switch_touchgfx\EWARM\switch_touchgfx\Obj
[2] = dl7M_tlf.a
[3] = dlpp7M_tl_fc.a
[4] = m7M_tls.a
[5] = rt7M_tl.a
[6] = shb_l.a
[7] = touchgfx_core_release.a

     63 715 bytes of readonly  code memory
  1 411 148 bytes of readonly  data memory
    110 430 bytes of readwrite data memory

Errors: none
Warnings: none
