###############################################################################
#
# IAR ELF Linker V8.32.3.193/W32 for ARM                  01/May/2019  19:36:34
# Copyright 2007-2019 IAR Systems AB.
#
#    Output file  =  
#        C:\Data\Work\Git\sage\stm32TouchGFX\switch_touchgfx\EWARM\switch_touchgfx\Exe\switch_touchgfx.out
#    Map file     =  
#        C:\Data\Work\Git\sage\stm32TouchGFX\switch_touchgfx\EWARM\switch_touchgfx\List\switch_touchgfx.map
#    Command line =  
#        -f C:\Users\User\AppData\Local\Temp\EW3056.tmp
#        (C:\Data\Work\Git\sage\stm32TouchGFX\switch_touchgfx\EWARM\switch_touchgfx\Obj\AllScenesContainer.o
#        C:\Data\Work\Git\sage\stm32TouchGFX\switch_touchgfx\EWARM\switch_touchgfx\Obj\AllScenesContainerBase.o
#        C:\Data\Work\Git\sage\stm32TouchGFX\switch_touchgfx\EWARM\switch_touchgfx\Obj\AllZonesContainer.o
#        C:\Data\Work\Git\sage\stm32TouchGFX\switch_touchgfx\EWARM\switch_touchgfx\Obj\AllZonesContainerBase.o
#        C:\Data\Work\Git\sage\stm32TouchGFX\switch_touchgfx\EWARM\switch_touchgfx\Obj\ApplicationFontProvider.o
#        C:\Data\Work\Git\sage\stm32TouchGFX\switch_touchgfx\EWARM\switch_touchgfx\Obj\background_image.o
#        C:\Data\Work\Git\sage\stm32TouchGFX\switch_touchgfx\EWARM\switch_touchgfx\Obj\BitmapDatabase.o
#        C:\Data\Work\Git\sage\stm32TouchGFX\switch_touchgfx\EWARM\switch_touchgfx\Obj\blue_buttons_round_edge_icon_button.o
#        C:\Data\Work\Git\sage\stm32TouchGFX\switch_touchgfx\EWARM\switch_touchgfx\Obj\blue_buttons_round_edge_icon_button_pressed.o
#        C:\Data\Work\Git\sage\stm32TouchGFX\switch_touchgfx\EWARM\switch_touchgfx\Obj\blue_buttons_round_edge_small.o
#        C:\Data\Work\Git\sage\stm32TouchGFX\switch_touchgfx\EWARM\switch_touchgfx\Obj\blue_buttons_round_edge_small_pressed.o
#        C:\Data\Work\Git\sage\stm32TouchGFX\switch_touchgfx\EWARM\switch_touchgfx\Obj\blue_buttons_round_medium.o
#        C:\Data\Work\Git\sage\stm32TouchGFX\switch_touchgfx\EWARM\switch_touchgfx\Obj\blue_buttons_round_medium_pressed.o
#        C:\Data\Work\Git\sage\stm32TouchGFX\switch_touchgfx\EWARM\switch_touchgfx\Obj\BoardConfiguration.o
#        C:\Data\Work\Git\sage\stm32TouchGFX\switch_touchgfx\EWARM\switch_touchgfx\Obj\cmsis_os.o
#        C:\Data\Work\Git\sage\stm32TouchGFX\switch_touchgfx\EWARM\switch_touchgfx\Obj\combinedGraphicNew.o
#        C:\Data\Work\Git\sage\stm32TouchGFX\switch_touchgfx\EWARM\switch_touchgfx\Obj\croutine.o
#        C:\Data\Work\Git\sage\stm32TouchGFX\switch_touchgfx\EWARM\switch_touchgfx\Obj\event_groups.o
#        C:\Data\Work\Git\sage\stm32TouchGFX\switch_touchgfx\EWARM\switch_touchgfx\Obj\exc7200.o
#        C:\Data\Work\Git\sage\stm32TouchGFX\switch_touchgfx\EWARM\switch_touchgfx\Obj\Font_verdana_10_4bpp.o
#        C:\Data\Work\Git\sage\stm32TouchGFX\switch_touchgfx\EWARM\switch_touchgfx\Obj\Font_verdana_20_4bpp.o
#        C:\Data\Work\Git\sage\stm32TouchGFX\switch_touchgfx\EWARM\switch_touchgfx\Obj\Font_verdana_40_4bpp.o
#        C:\Data\Work\Git\sage\stm32TouchGFX\switch_touchgfx\EWARM\switch_touchgfx\Obj\FontGetters.o
#        C:\Data\Work\Git\sage\stm32TouchGFX\switch_touchgfx\EWARM\switch_touchgfx\Obj\freertos.o
#        C:\Data\Work\Git\sage\stm32TouchGFX\switch_touchgfx\EWARM\switch_touchgfx\Obj\FrontendApplication.o
#        C:\Data\Work\Git\sage\stm32TouchGFX\switch_touchgfx\EWARM\switch_touchgfx\Obj\FrontendApplicationBase.o
#        C:\Data\Work\Git\sage\stm32TouchGFX\switch_touchgfx\EWARM\switch_touchgfx\Obj\ft5436.o
#        C:\Data\Work\Git\sage\stm32TouchGFX\switch_touchgfx\EWARM\switch_touchgfx\Obj\GPIO.o
#        C:\Data\Work\Git\sage\stm32TouchGFX\switch_touchgfx\EWARM\switch_touchgfx\Obj\heap_4.o
#        C:\Data\Work\Git\sage\stm32TouchGFX\switch_touchgfx\EWARM\switch_touchgfx\Obj\HW_Init.o
#        C:\Data\Work\Git\sage\stm32TouchGFX\switch_touchgfx\EWARM\switch_touchgfx\Obj\Kerning_verdana_10_4bpp.o
#        C:\Data\Work\Git\sage\stm32TouchGFX\switch_touchgfx\EWARM\switch_touchgfx\Obj\Kerning_verdana_20_4bpp.o
#        C:\Data\Work\Git\sage\stm32TouchGFX\switch_touchgfx\EWARM\switch_touchgfx\Obj\Kerning_verdana_40_4bpp.o
#        C:\Data\Work\Git\sage\stm32TouchGFX\switch_touchgfx\EWARM\switch_touchgfx\Obj\LanguageGb.o
#        C:\Data\Work\Git\sage\stm32TouchGFX\switch_touchgfx\EWARM\switch_touchgfx\Obj\list.o
#        C:\Data\Work\Git\sage\stm32TouchGFX\switch_touchgfx\EWARM\switch_touchgfx\Obj\main.o
#        C:\Data\Work\Git\sage\stm32TouchGFX\switch_touchgfx\EWARM\switch_touchgfx\Obj\MainPresenter.o
#        C:\Data\Work\Git\sage\stm32TouchGFX\switch_touchgfx\EWARM\switch_touchgfx\Obj\MainView.o
#        C:\Data\Work\Git\sage\stm32TouchGFX\switch_touchgfx\EWARM\switch_touchgfx\Obj\MainViewBase.o
#        C:\Data\Work\Git\sage\stm32TouchGFX\switch_touchgfx\EWARM\switch_touchgfx\Obj\Model.o
#        C:\Data\Work\Git\sage\stm32TouchGFX\switch_touchgfx\EWARM\switch_touchgfx\Obj\OSWrappers.o
#        C:\Data\Work\Git\sage\stm32TouchGFX\switch_touchgfx\EWARM\switch_touchgfx\Obj\PanelSettingsContainer.o
#        C:\Data\Work\Git\sage\stm32TouchGFX\switch_touchgfx\EWARM\switch_touchgfx\Obj\PanelSettingsContainerBase.o
#        C:\Data\Work\Git\sage\stm32TouchGFX\switch_touchgfx\EWARM\switch_touchgfx\Obj\port.o
#        C:\Data\Work\Git\sage\stm32TouchGFX\switch_touchgfx\EWARM\switch_touchgfx\Obj\portasm.o
#        C:\Data\Work\Git\sage\stm32TouchGFX\switch_touchgfx\EWARM\switch_touchgfx\Obj\queue.o
#        C:\Data\Work\Git\sage\stm32TouchGFX\switch_touchgfx\EWARM\switch_touchgfx\Obj\sdram.o
#        C:\Data\Work\Git\sage\stm32TouchGFX\switch_touchgfx\EWARM\switch_touchgfx\Obj\SingleZoneContainer.o
#        C:\Data\Work\Git\sage\stm32TouchGFX\switch_touchgfx\EWARM\switch_touchgfx\Obj\SingleZoneContainerBase.o
#        C:\Data\Work\Git\sage\stm32TouchGFX\switch_touchgfx\EWARM\switch_touchgfx\Obj\startup_stm32f429xx.o
#        C:\Data\Work\Git\sage\stm32TouchGFX\switch_touchgfx\EWARM\switch_touchgfx\Obj\STM32F4DMA.o
#        C:\Data\Work\Git\sage\stm32TouchGFX\switch_touchgfx\EWARM\switch_touchgfx\Obj\STM32F4HAL.o
#        C:\Data\Work\Git\sage\stm32TouchGFX\switch_touchgfx\EWARM\switch_touchgfx\Obj\STM32F4Instrumentation.o
#        C:\Data\Work\Git\sage\stm32TouchGFX\switch_touchgfx\EWARM\switch_touchgfx\Obj\STM32F4TouchController.o
#        C:\Data\Work\Git\sage\stm32TouchGFX\switch_touchgfx\EWARM\switch_touchgfx\Obj\stm32f4xx_hal.o
#        C:\Data\Work\Git\sage\stm32TouchGFX\switch_touchgfx\EWARM\switch_touchgfx\Obj\stm32f4xx_hal_cortex.o
#        C:\Data\Work\Git\sage\stm32TouchGFX\switch_touchgfx\EWARM\switch_touchgfx\Obj\stm32f4xx_hal_crc.o
#        C:\Data\Work\Git\sage\stm32TouchGFX\switch_touchgfx\EWARM\switch_touchgfx\Obj\stm32f4xx_hal_dma.o
#        C:\Data\Work\Git\sage\stm32TouchGFX\switch_touchgfx\EWARM\switch_touchgfx\Obj\stm32f4xx_hal_dma2d.o
#        C:\Data\Work\Git\sage\stm32TouchGFX\switch_touchgfx\EWARM\switch_touchgfx\Obj\stm32f4xx_hal_dma_ex.o
#        C:\Data\Work\Git\sage\stm32TouchGFX\switch_touchgfx\EWARM\switch_touchgfx\Obj\stm32f4xx_hal_dsi.o
#        C:\Data\Work\Git\sage\stm32TouchGFX\switch_touchgfx\EWARM\switch_touchgfx\Obj\stm32f4xx_hal_exti.o
#        C:\Data\Work\Git\sage\stm32TouchGFX\switch_touchgfx\EWARM\switch_touchgfx\Obj\stm32f4xx_hal_flash.o
#        C:\Data\Work\Git\sage\stm32TouchGFX\switch_touchgfx\EWARM\switch_touchgfx\Obj\stm32f4xx_hal_flash_ex.o
#        C:\Data\Work\Git\sage\stm32TouchGFX\switch_touchgfx\EWARM\switch_touchgfx\Obj\stm32f4xx_hal_flash_ramfunc.o
#        C:\Data\Work\Git\sage\stm32TouchGFX\switch_touchgfx\EWARM\switch_touchgfx\Obj\stm32f4xx_hal_gpio.o
#        C:\Data\Work\Git\sage\stm32TouchGFX\switch_touchgfx\EWARM\switch_touchgfx\Obj\stm32f4xx_hal_i2c.o
#        C:\Data\Work\Git\sage\stm32TouchGFX\switch_touchgfx\EWARM\switch_touchgfx\Obj\stm32f4xx_hal_i2c_ex.o
#        C:\Data\Work\Git\sage\stm32TouchGFX\switch_touchgfx\EWARM\switch_touchgfx\Obj\stm32f4xx_hal_ltdc.o
#        C:\Data\Work\Git\sage\stm32TouchGFX\switch_touchgfx\EWARM\switch_touchgfx\Obj\stm32f4xx_hal_ltdc_ex.o
#        C:\Data\Work\Git\sage\stm32TouchGFX\switch_touchgfx\EWARM\switch_touchgfx\Obj\stm32f4xx_hal_msp.o
#        C:\Data\Work\Git\sage\stm32TouchGFX\switch_touchgfx\EWARM\switch_touchgfx\Obj\stm32f4xx_hal_pwr.o
#        C:\Data\Work\Git\sage\stm32TouchGFX\switch_touchgfx\EWARM\switch_touchgfx\Obj\stm32f4xx_hal_pwr_ex.o
#        C:\Data\Work\Git\sage\stm32TouchGFX\switch_touchgfx\EWARM\switch_touchgfx\Obj\stm32f4xx_hal_rcc.o
#        C:\Data\Work\Git\sage\stm32TouchGFX\switch_touchgfx\EWARM\switch_touchgfx\Obj\stm32f4xx_hal_rcc_ex.o
#        C:\Data\Work\Git\sage\stm32TouchGFX\switch_touchgfx\EWARM\switch_touchgfx\Obj\stm32f4xx_hal_sdram.o
#        C:\Data\Work\Git\sage\stm32TouchGFX\switch_touchgfx\EWARM\switch_touchgfx\Obj\stm32f4xx_hal_tim.o
#        C:\Data\Work\Git\sage\stm32TouchGFX\switch_touchgfx\EWARM\switch_touchgfx\Obj\stm32f4xx_hal_tim_ex.o
#        C:\Data\Work\Git\sage\stm32TouchGFX\switch_touchgfx\EWARM\switch_touchgfx\Obj\stm32f4xx_hal_uart.o
#        C:\Data\Work\Git\sage\stm32TouchGFX\switch_touchgfx\EWARM\switch_touchgfx\Obj\stm32f4xx_it.o
#        C:\Data\Work\Git\sage\stm32TouchGFX\switch_touchgfx\EWARM\switch_touchgfx\Obj\stm32f4xx_ll_fmc.o
#        C:\Data\Work\Git\sage\stm32TouchGFX\switch_touchgfx\EWARM\switch_touchgfx\Obj\stmpe811.o
#        C:\Data\Work\Git\sage\stm32TouchGFX\switch_touchgfx\EWARM\switch_touchgfx\Obj\stream_buffer.o
#        C:\Data\Work\Git\sage\stm32TouchGFX\switch_touchgfx\EWARM\switch_touchgfx\Obj\sun-icon.o
#        C:\Data\Work\Git\sage\stm32TouchGFX\switch_touchgfx\EWARM\switch_touchgfx\Obj\system_stm32f4xx.o
#        C:\Data\Work\Git\sage\stm32TouchGFX\switch_touchgfx\EWARM\switch_touchgfx\Obj\Table_verdana_10_4bpp.o
#        C:\Data\Work\Git\sage\stm32TouchGFX\switch_touchgfx\EWARM\switch_touchgfx\Obj\Table_verdana_20_4bpp.o
#        C:\Data\Work\Git\sage\stm32TouchGFX\switch_touchgfx\EWARM\switch_touchgfx\Obj\Table_verdana_40_4bpp.o
#        C:\Data\Work\Git\sage\stm32TouchGFX\switch_touchgfx\EWARM\switch_touchgfx\Obj\tasks.o
#        C:\Data\Work\Git\sage\stm32TouchGFX\switch_touchgfx\EWARM\switch_touchgfx\Obj\Texts.o
#        C:\Data\Work\Git\sage\stm32TouchGFX\switch_touchgfx\EWARM\switch_touchgfx\Obj\timers.o
#        C:\Data\Work\Git\sage\stm32TouchGFX\switch_touchgfx\Middlewares\ST\TouchGFX\touchgfx\lib\core\cortex_m4f\IAR8.x\touchgfx_core_release.a
#        C:\Data\Work\Git\sage\stm32TouchGFX\switch_touchgfx\EWARM\switch_touchgfx\Obj\ts3510.o
#        C:\Data\Work\Git\sage\stm32TouchGFX\switch_touchgfx\EWARM\switch_touchgfx\Obj\TypedTextDatabase.o
#        C:\Data\Work\Git\sage\stm32TouchGFX\switch_touchgfx\EWARM\switch_touchgfx\Obj\window_grey.o
#        C:\Data\Work\Git\sage\stm32TouchGFX\switch_touchgfx\EWARM\switch_touchgfx\Obj\WindowSettingsContainer.o
#        C:\Data\Work\Git\sage\stm32TouchGFX\switch_touchgfx\EWARM\switch_touchgfx\Obj\WindowSettingsContainerBase.o
#        --redirect _Printf=_PrintfFull --redirect _Scanf=_ScanfFull
#        --no_out_extension -o
#        C:\Data\Work\Git\sage\stm32TouchGFX\switch_touchgfx\EWARM\switch_touchgfx\Exe\switch_touchgfx.out
#        --map
#        C:\Data\Work\Git\sage\stm32TouchGFX\switch_touchgfx\EWARM\switch_touchgfx\List\switch_touchgfx.map
#        --config
#        C:\Data\Work\Git\sage\stm32TouchGFX\switch_touchgfx\EWARM/stm32f429xx_flash.icf
#        --semihosting --entry __iar_program_start --vfe --text_out locale)
#
###############################################################################

*******************************************************************************
*** RUNTIME MODEL ATTRIBUTES
***

CppFlavor                     = *
__CPP_Exceptions              = Disabled
__CPP_Language                = C++14
__Heap_Handler                = Basic
__SystemLibrary               = DLib
__dlib_dynamic_initialization = normal
__dlib_version                = 6


*******************************************************************************
*** HEAP SELECTION
***

The basic heap was selected because no calls to memory allocation
functions were found in the application outside of system library
functions, and there are calls to deallocation functions in the
application.


*******************************************************************************
*** PLACEMENT SUMMARY
***

"A0":  place at 0x800'0000 { ro section .intvec };
"P1":  place in [from 0x800'0000 to 0x81f'ffff] { ro };
define block CSTACK with size = 1K, alignment = 8 { };
define block HEAP with size = 512, alignment = 8 { };
"P2":  place in [from 0x2000'0000 to 0x2002'ffff] {
          rw, block CSTACK, block HEAP };
initialize by copy { rw };

  Section                Kind         Address      Size  Object
  -------                ----         -------      ----  ------
"A0":                                             0x1ac
  .intvec                ro code   0x800'0000     0x1ac  startup_stm32f429xx.o [1]
                                 - 0x800'01ac     0x1ac

"P1":                                          0x106ded
  ExtFlashSection        const     0x800'01ac   0x5fa00  background_image.o [1]
  ExtFlashSection        const     0x805'fbac   0x42dd0  window_grey.o [1]
  ExtFlashSection        const     0x80a'297c   0x152c0  combinedGraphicNew.o [1]
  ExtFlashSection        const     0x80b'7c3c    0xd7a0  blue_buttons_round_medium.o [1]
  ExtFlashSection        const     0x80c'53dc    0xd7a0  blue_buttons_round_medium_pressed.o [1]
  ExtFlashSection        const     0x80d'2b7c    0x9f60  blue_buttons_round_edge_small.o [1]
  ExtFlashSection        const     0x80d'cadc    0x9f60  blue_buttons_round_edge_small_pressed.o [1]
  FontFlashSection       const     0x80e'6a3c    0x4f00  Font_verdana_40_4bpp.o [1]
  ExtFlashSection        const     0x80e'b93c    0x3840  blue_buttons_round_edge_icon_button.o [1]
  ExtFlashSection        const     0x80e'f17c    0x3840  blue_buttons_round_edge_icon_button_pressed.o [1]
  FontFlashSection       const     0x80f'29bc    0x13b8  Font_verdana_20_4bpp.o [1]
  .text                  ro code   0x80f'3d74     0xf46  xprintffull.o [2]
  .text                  ro code   0x80f'4cba      0x7a  lz77_init_single.o [5]
  .text                  ro code   0x80f'4d34      0x78  xlocale_c.o [2]
  .text                  ro code   0x80f'4dac      0x16  strchr.o [5]
  .text                  ro code   0x80f'4dc2      0x4a  ScrollableContainer.o [7]
  .text                  ro code   0x80f'4e0c      0x40  xfail_s.o [2]
  .text                  ro code   0x80f'4e4c      0x36  strlen.o [5]
  .text                  ro code   0x80f'4e82      0x3a  zero_init3.o [5]
  .text                  ro code   0x80f'4ebc      0x58  memchr.o [5]
  .text                  ro code   0x80f'4f14       0xa  xmbcurmax.o [2]
  .text                  ro code   0x80f'4f1e      0x1e  xencoding_8859_1.o [2]
  .text                  ro code   0x80f'4f3c      0xa6  ABImemcpy.o [5]
  .text                  ro code   0x80f'4fe2      0x1a  AllScenesContainerBase.o [1]
  .text                  ro code   0x80f'4ffc     0x106  I64DivMod_small.o [5]
  .text                  ro code   0x80f'5102      0x1a  AllZonesContainerBase.o [1]
  .text                  ro code   0x80f'511c     0x1a2  DblMul.o [4]
  .text                  ro code   0x80f'52be      0x1a  FrontendApplicationBase.o [1]
  .text                  ro code   0x80f'52d8      0x70  frexp.o [4]
  .text                  ro code   0x80f'5348      0x2e  DblCmpLe.o [4]
  .text                  ro code   0x80f'5376      0x1a  MainView.o [1]
  .text                  ro code   0x80f'5390      0x2e  DblCmpGe.o [4]
  .text                  ro code   0x80f'53be      0x1a  MainViewBase.o [1]
  .text                  ro code   0x80f'53d8     0x13a  ldexp.o [4]
  .text                  ro code   0x80f'5512      0x1a  PanelSettingsContainerBase.o [1]
  .text                  ro code   0x80f'552c      0x3a  DblToS32.o [4]
  .text                  ro code   0x80f'5566      0x1a  SingleZoneContainerBase.o [1]
  .text                  ro code   0x80f'5580      0x22  S32ToDbl.o [4]
  .text                  ro code   0x80f'55a2      0x1a  WindowSettingsContainerBase.o [1]
  .text                  ro code   0x80f'55bc      0xe2  DblSub.o [4]
  .text                  ro code   0x80f'569e      0x1a  ConstFont.o [7]
  .text                  ro code   0x80f'56b8     0x246  DblDiv.o [4]
  .text                  ro code   0x80f'58fe      0x12  SingleZoneContainerBase.o [1]
  .text                  ro code   0x80f'5910      0x28  DblToU32.o [4]
  .text                  ro code   0x80f'5938      0x1a  U32ToDbl.o [4]
  .text                  ro code   0x80f'5952       0x6  abort.o [2]
  .text                  ro code   0x80f'5958       0x2  I64DivZer.o [5]
  .text                  ro code   0x80f'595a      0x12  SingleZoneContainerBase.o [1]
  .text                  ro code   0x80f'596c     0x16a  DblAdd.o [4]
  .text                  ro code   0x80f'5ad6       0xa  BoardConfiguration.o [1]
  .text                  ro code   0x80f'5ae0      0x14  exit.o [6]
  .text                  ro code   0x80f'5af4     0xe7c  ScrollableContainer.o [7]
  .text                  ro code   0x80f'6970      0x34  WindowSettingsContainerBase.o [1]
  .text                  ro code   0x80f'69a4      0xb0  Color.o [7]
  .text                  ro code   0x80f'6a54     0x69c  Application.o [7]
  .text                  ro code   0x80f'70f0     0x1c8  Container.o [7]
  .text                  ro code   0x80f'72b8     0x174  Drawable.o [7]
  .text                  ro code   0x80f'742c      0x20  ScrollableContainer.o [7]
  .text                  ro code   0x80f'744c      0x28  WindowSettingsContainerBase.o [1]
  .text                  ro code   0x80f'7474      0xd0  EasingEquations.o [7]
  .text                  ro code   0x80f'7544      0x10  WindowSettingsContainerBase.o [1]
  .text                  ro code   0x80f'7554       0xc  WindowSettingsContainerBase.o [1]
  .text                  ro code   0x80f'7560      0x28  cxxabi.o [3]
  .text                  ro code   0x80f'7588      0x58  stm32_crc_lock.o [7]
  .text                  ro code   0x80f'75e0     0x664  Screen.o [7]
  .text                  ro code   0x80f'7c44      0x86  Screen.o [7]
  .text                  ro code   0x80f'7cca      0x44  Application.o [7]
  .text                  ro code   0x80f'7d0e      0x50  Application.o [7]
  .text                  ro code   0x80f'7d5e      0x44  Screen.o [7]
  .text                  ro code   0x80f'7da2      0x90  Application.o [7]
  .text                  ro code   0x80f'7e32      0x28  Application.o [7]
  .text                  ro code   0x80f'7e5a       0xa  STM32F4HAL.o [1]
  .text                  ro code   0x80f'7e64       0x6  ABImemclr4.o [5]
  .text                  ro code   0x80f'7e6a       0xa  ConstFont.o [7]
  .text                  ro code   0x80f'7e74      0x34  Screen.o [7]
  .text                  ro code   0x80f'7ea8      0x3e  Screen.o [7]
  .text                  ro code   0x80f'7ee6      0x28  Screen.o [7]
  .text                  ro code   0x80f'7f0e      0x28  Screen.o [7]
  .text                  ro code   0x80f'7f36       0x6  FrontendApplicationBase.o [1]
  .text                  ro code   0x80f'7f3c      0x20  Screen.o [7]
  .text                  ro code   0x80f'7f5c      0x1c  Screen.o [7]
  .text                  ro code   0x80f'7f78      0x3a  ABImemset48.o [5]
  .text                  ro code   0x80f'7fb2       0x6  STM32F4DMA.o [1]
  ExtFlashSection        const     0x80f'7fb8     0xa90  sun-icon.o [1]
  .text                  ro code   0x80f'8a48     0x8e4  tasks.o [1]
  .text                  ro code   0x80f'932c     0x1b8  heap_4.o [1]
  .text                  ro code   0x80f'94e4      0x92  list.o [1]
  .text                  ro code   0x80f'9576       0x6  STM32F4DMA.o [1]
  .text                  ro code   0x80f'957c     0x2b4  port.o [1]
  .text                  ro code   0x80f'9830      0xf0  OSWrappers.o [1]
  .text                  ro code   0x80f'9920      0x48  port.o [1]
  CODE                   ro code   0x80f'9968      0xb0  portasm.o [1]
  .text                  ro code   0x80f'9a18       0x2  freertos.o [1]
  .text                  ro code   0x80f'9a1a       0x2  freertos.o [1]
  .text                  ro code   0x80f'9a1c     0x708  queue.o [1]
  .text                  ro code   0x80f'a124     0x4e4  HAL.o [7]
  .text                  ro code   0x80f'a608       0x8  GPIO.o [1]
  .text                  ro code   0x80f'a610     0x15c  Gestures.o [7]
  .text                  ro code   0x80f'a76c     0x1fc  DMA.o [7]
  .text                  ro code   0x80f'a968      0x24  HAL.o [7]
  .text                  ro code   0x80f'a98c      0xfc  TouchCalibration.o [7]
  .text                  ro code   0x80f'aa88      0xb0  DisplayTransformation.o [7]
  .text                  ro code   0x80f'ab38       0xc  memcpy.o [5]
  .text                  ro code   0x80f'ab44     0x85c  LCD24bpp.o [7]
  .text                  ro code   0x80f'b3a0     0x308  Bitmap.o [7]
  .text                  ro code   0x80f'b6a8     0x846  LCD.o [7]
  .text                  ro code   0x80f'beee       0x6  STM32F4DMA.o [1]
  .text                  ro code   0x80f'bef4     0x134  TextProvider.o [7]
  .text                  ro code   0x80f'c028      0x86  LCD.o [7]
  .rodata                const     0x80f'c0ae       0x2  Unicode.o [7]
  .text                  ro code   0x80f'c0b0     0x828  stm32f4xx_hal_i2c.o [1]
  .text                  ro code   0x80f'c8d8     0x170  stm32f4xx_hal_msp.o [1]
  .text                  ro code   0x80f'ca48     0x1e4  stm32f4xx_hal_rcc.o [1]
  .text                  ro code   0x80f'cc2c       0xc  stm32f4xx_hal.o [1]
  .text                  ro code   0x80f'cc38      0xe8  stm32f4xx_hal_cortex.o [1]
  .text                  ro code   0x80f'cd20     0x308  stm32f4xx_hal_gpio.o [1]
  .text                  ro code   0x80f'd028      0x40  stm32f4xx_hal.o [1]
  FontFlashSection       const     0x80f'd068     0x610  Font_verdana_10_4bpp.o [1]
  .text                  ro code   0x80f'd678     0x5fc  MainView.o [1]
  .text                  ro code   0x80f'dc74     0x3a4  MainViewBase.o [1]
  .text                  ro code   0x80f'e018      0x14  MainView.o [1]
  .text                  ro code   0x80f'e02c      0x5a  MainView.o [1]
  .text                  ro code   0x80f'e086       0x2  AllScenesContainerBase.o [1]
  .text                  ro code   0x80f'e088      0x68  MainView.o [1]
  .text                  ro code   0x80f'e0f0      0x5e  MainViewBase.o [1]
  .text                  ro code   0x80f'e14e      0x16  WindowSettingsContainerBase.o [1]
  .text                  ro code   0x80f'e164      0x4a  MainView.o [1]
  .text                  ro code   0x80f'e1ae      0x5a  MainView.o [1]
  .text                  ro code   0x80f'e208     0x572  Unicode.o [7]
  .text                  ro code   0x80f'e77a      0x5e  MainView.o [1]
  .text                  ro code   0x80f'e7d8      0x2c  MainViewBase.o [1]
  .text                  ro code   0x80f'e804      0x2c  MainViewBase.o [1]
  .text                  ro code   0x80f'e830      0x1c  MainViewBase.o [1]
  .text                  ro code   0x80f'e84c      0x18  MainViewBase.o [1]
  .text                  ro code   0x80f'e864      0x30  WindowSettingsContainerBase.o [1]
  .text                  ro code   0x80f'e894      0x2c  MainViewBase.o [1]
  .text                  ro code   0x80f'e8c0      0x30  MainViewBase.o [1]
  .text                  ro code   0x80f'e8f0      0x28  MainViewBase.o [1]
  .text                  ro code   0x80f'e918      0x24  MainViewBase.o [1]
  .text                  ro code   0x80f'e93c      0x24  MainViewBase.o [1]
  .text                  ro code   0x80f'e960      0x14  MainViewBase.o [1]
  .text                  ro code   0x80f'e974      0x1a  WindowSettingsContainerBase.o [1]
  .text                  ro code   0x80f'e98e       0x2  AllScenesContainerBase.o [1]
  .text                  ro code   0x80f'e990      0xea  Image.o [7]
  .text                  ro code   0x80f'ea7a       0x2  AllScenesContainerBase.o [1]
  .text                  ro code   0x80f'ea7c      0x18  SingleZoneContainerBase.o [1]
  .text                  ro code   0x80f'ea94     0x1d4  TextArea.o [7]
  .text                  ro code   0x80f'ec68      0xe8  Button.o [7]
  .text                  ro code   0x80f'ed50       0x6  MainViewBase.o [1]
  .text                  ro code   0x80f'ed56       0x2  AllScenesContainerBase.o [1]
  .text                  ro code   0x80f'ed58     0x18c  AllZonesContainer.o [1]
  .text                  ro code   0x80f'eee4     0x19e  WindowSettingsContainer.o [1]
  .text                  ro code   0x80f'f082       0x2  AllScenesContainerBase.o [1]
  .text                  ro code   0x80f'f084     0x10a  AllScenesContainer.o [1]
  .text                  ro code   0x80f'f18e       0x2  AllScenesContainerBase.o [1]
  .text                  ro code   0x80f'f190      0x26  PanelSettingsContainer.o [1]
  .text                  ro code   0x80f'f1b6      0x9e  MainViewBase.o [1]
  .text                  ro code   0x80f'f254      0xb4  MainViewBase.o [1]
  .text                  ro code   0x80f'f308      0xac  MainViewBase.o [1]
  .text                  ro code   0x80f'f3b4      0x7e  MainViewBase.o [1]
  .text                  ro code   0x80f'f432      0x9e  MainViewBase.o [1]
  .text                  ro code   0x80f'f4d0       0xe  Utils.o [7]
  .text                  ro code   0x80f'f4de      0xa8  MainViewBase.o [1]
  .text                  ro code   0x80f'f586       0xc  WindowSettingsContainerBase.o [1]
  .text                  ro code   0x80f'f592       0x4  MainViewBase.o [1]
  .text                  ro code   0x80f'f596       0x2  AllScenesContainerBase.o [1]
  .text                  ro code   0x80f'f598      0x14  MainViewBase.o [1]
  .text                  ro code   0x80f'f5ac      0x48  SingleZoneContainerBase.o [1]
  .text                  ro code   0x80f'f5f4      0x36  SingleZoneContainerBase.o [1]
  .text                  ro code   0x80f'f62a       0x2  AllZonesContainerBase.o [1]
  .text                  ro code   0x80f'f62c     0x18c  AllZonesContainerBase.o [1]
  .text                  ro code   0x80f'f7b8     0x108  SingleZoneContainer.o [1]
  .text                  ro code   0x80f'f8c0     0x238  WindowSettingsContainerBase.o [1]
  .text                  ro code   0x80f'faf8      0x8a  ToggleButton.o [7]
  .text                  ro code   0x80f'fb82      0x10  WindowSettingsContainer.o [1]
  .text                  ro code   0x80f'fb92       0x2  AllZonesContainerBase.o [1]
  .text                  ro code   0x80f'fb94     0x388  AllScenesContainerBase.o [1]
  .text                  ro code   0x80f'ff1c      0xd4  PanelSettingsContainerBase.o [1]
  .text                  ro code   0x80f'fff0      0x66  ABImemset.o [5]
  .text                  ro code   0x810'0056       0x2  FrontendApplicationBase.o [1]
  .text                  ro code   0x810'0058      0x30  WindowSettingsContainerBase.o [1]
  .text                  ro code   0x810'0088      0x24  ABIassert.o [6]
  .text                  ro code   0x810'00ac      0x14  AllZonesContainerBase.o [1]
  .text                  ro code   0x810'00c0     0x2b4  SingleZoneContainerBase.o [1]
  .text                  ro code   0x810'0374      0x14  WindowSettingsContainerBase.o [1]
  .text                  ro code   0x810'0388       0x8  WindowSettingsContainerBase.o [1]
  .text                  ro code   0x810'0390      0x4e  AbstractButton.o [7]
  .text                  ro code   0x810'03de       0x2  FrontendApplicationBase.o [1]
  .text                  ro code   0x810'03e0      0x14  AllScenesContainerBase.o [1]
  .text                  ro code   0x810'03f4      0x14  PanelSettingsContainerBase.o [1]
  .text                  ro code   0x810'0408      0x14  SingleZoneContainerBase.o [1]
  .text                  ro code   0x810'041c     0x434  HW_Init.o [1]
  .text                  ro code   0x810'0850     0x400  stm32f4xx_hal_ltdc.o [1]
  .text                  ro code   0x810'0c50     0x390  main.o [1]
  .text                  ro code   0x810'0fe0      0xba  stm32f4xx_hal_sdram.o [1]
  .text                  ro code   0x810'109a       0x2  FrontendApplicationBase.o [1]
  .text                  ro code   0x810'109c     0x168  STM32F4HAL.o [1]
  .text                  ro code   0x810'1204       0x2  stm32f4xx_hal_ltdc.o [1]
  .text                  ro code   0x810'1206       0x2  stm32f4xx_hal_ltdc.o [1]
  .text                  ro code   0x810'1208     0x2c8  cmsis_os.o [1]
  .text                  ro code   0x810'14d0     0x318  stm32f4xx_hal_uart.o [1]
  .text                  ro code   0x810'17e8      0x34  stm32f4xx_hal.o [1]
  .text                  ro code   0x810'181c      0x24  stm32f4xx_hal_crc.o [1]
  .text                  ro code   0x810'1840      0x7a  stm32f4xx_hal_i2c_ex.o [1]
  .text                  ro code   0x810'18ba       0x2  FrontendApplicationBase.o [1]
  .text                  ro code   0x810'18bc      0x28  printf.o [2]
  .text                  ro code   0x810'18e4      0xa8  BoardConfiguration.o [1]
  .text                  ro code   0x810'198c     0x2f8  stm32f4xx_hal_rcc.o [1]
  .text                  ro code   0x810'1c84      0x78  stm32f4xx_hal_pwr_ex.o [1]
  .text                  ro code   0x810'1cfc     0x21c  stm32f4xx_hal_rcc_ex.o [1]
  .text                  ro code   0x810'1f18     0x14e  stm32f4xx_ll_fmc.o [1]
  .text                  ro code   0x810'2066       0x2  stm32f4xx_hal_sdram.o [1]
  .text                  ro code   0x810'2068     0x306  STM32F4DMA.o [1]
  .text                  ro code   0x810'236e       0x2  FrontendApplicationBase.o [1]
  .text                  ro code   0x810'2370      0x9c  sdram.o [1]
  .text                  ro code   0x810'240c      0x78  BoardConfiguration.o [1]
  .text                  ro code   0x810'2484      0xf0  STM32F4Instrumentation.o [1]
  .text                  ro code   0x810'2574     0x30e  stm32f4xx_hal_dma2d.o [1]
  .text                  ro code   0x810'2882       0x2  MainPresenter.o [1]
  .text                  ro code   0x810'2884      0x28  stm32f4xx_hal.o [1]
  .text                  ro code   0x810'28ac      0x2c  BoardConfiguration.o [1]
  .text                  ro code   0x810'28d8       0xc  BitmapDatabase.o [1]
  .text                  ro code   0x810'28e4      0x54  Texts.o [1]
  .text                  ro code   0x810'2938       0xc  FontManager.o [7]
  .text                  ro code   0x810'2944      0x64  BoardConfiguration.o [1]
  .text                  ro code   0x810'29a8     0x250  stm32f4xx_hal_tim.o [1]
  .text                  ro code   0x810'2bf8      0x3e  stm32f4xx_hal_tim_ex.o [1]
  .text                  ro code   0x810'2c36       0x2  stm32f4xx_hal_dma2d.o [1]
  .text                  ro code   0x810'2c38       0x2  stm32f4xx_hal_dma2d.o [1]
  .text                  ro code   0x810'2c3a       0x2  MainPresenter.o [1]
  .text                  ro code   0x810'2c3c      0x20  BoardConfiguration.o [1]
  .text                  ro code   0x810'2c5c      0x30  TypedTextDatabase.o [1]
  .text                  ro code   0x810'2c8c       0xc  BoardConfiguration.o [1]
  .text                  ro code   0x810'2c98      0x14  BoardConfiguration.o [1]
  .text                  ro code   0x810'2cac      0x14  BoardConfiguration.o [1]
  .text                  ro code   0x810'2cc0      0x14  BoardConfiguration.o [1]
  .text                  ro code   0x810'2cd4      0x18  FrontendApplication.o [1]
  .text                  ro code   0x810'2cec      0x68  Model.o [1]
  .text                  ro code   0x810'2d54      0xa8  FrontendApplicationBase.o [1]
  .text                  ro code   0x810'2dfc      0x10  BoardConfiguration.o [1]
  .text                  ro code   0x810'2e0c      0xdc  FontGetters.o [1]
  .text                  ro code   0x810'2ee8      0x1c  BoardConfiguration.o [1]
  .text                  ro code   0x810'2f04       0x8  AbstractPartition.o [7]
  .text                  ro code   0x810'2f0c      0x20  FrontendApplicationBase.o [1]
  .text                  ro code   0x810'2f2c      0x14  FrontendApplicationBase.o [1]
  .text                  ro code   0x810'2f40     0x14c  FrontendApplicationBase.o [1]
  .text                  ro code   0x810'308c      0x8c  BoardConfiguration.o [1]
  .text                  ro code   0x810'3118      0x96  InternalFlashFont.o [7]
  .text                  ro code   0x810'31ae       0xc  BoardConfiguration.o [1]
  .text                  ro code   0x810'31ba       0x2  MainPresenter.o [1]
  .text                  ro code   0x810'31bc      0x18  FrontendApplicationBase.o [1]
  .text                  ro code   0x810'31d4      0x44  MainPresenter.o [1]
  .text                  ro code   0x810'3218      0x12  BoardConfiguration.o [1]
  .text                  ro code   0x810'322a      0xbe  ConstFont.o [7]
  .text                  ro code   0x810'32e8      0x18  BoardConfiguration.o [1]
  .text                  ro code   0x810'3300      0x14  BoardConfiguration.o [1]
  FontFlashSection       const     0x810'3314     0x390  Table_verdana_20_4bpp.o [1]
  FontFlashSection       const     0x810'36a4     0x380  Table_verdana_40_4bpp.o [1]
  FontFlashSection       const     0x810'3a24     0x374  Table_verdana_10_4bpp.o [1]
  FontFlashSection       const     0x810'3d98     0x1ac  Kerning_verdana_40_4bpp.o [1]
  .text                  ro code   0x810'3f44     0x140  heap0.o [2]
  .text                  ro code   0x810'4084      0x2c  xgetmemchunk.o [2]
  FontFlashSection       const     0x810'40b0      0xe0  Kerning_verdana_20_4bpp.o [1]
  .text                  ro code   0x810'4190      0xd8  xfspos.o [2]
  .text                  ro code   0x810'4268      0xac  fflush.o [2]
  .text                  ro code   0x810'4314       0xc  xfgpos.o [2]
  .text                  ro code   0x810'4320      0x4a  lseek.o [6]
  .text                  ro code   0x810'436a       0x2  MainPresenter.o [1]
  .text                  ro code   0x810'436c      0xcc  XShHandles.o [2]
  .rodata                const     0x810'4438      0xc8  BitmapDatabase.o [1]
  .rodata                const     0x810'4500      0xc0  MainViewBase.o [1]
  .rodata                const     0x810'45c0      0xb4  MainViewBase.o [1]
  .rodata                const     0x810'4674      0xb4  SingleZoneContainer.o [1]
  .rodata                const     0x810'4728      0xb4  SingleZoneContainerBase.o [1]
  .text                  ro code   0x810'47dc      0xb4  xfwprep.o [2]
  .text                  ro code   0x810'4890      0x24  fseek.o [2]
  .rodata                const     0x810'48b4      0xb0  AllScenesContainer.o [1]
  .rodata                const     0x810'4964      0xb0  AllScenesContainerBase.o [1]
  .rodata                const     0x810'4a14      0xb0  MainViewBase.o [1]
  .rodata                const     0x810'4ac4      0xa8  MainViewBase.o [1]
  .rodata                const     0x810'4b6c      0xa8  STM32F4HAL.o [1]
  .text                  ro code   0x810'4c14      0xa8  Font.o [7]
  .rodata                const     0x810'4cbc      0xa4  FrontendApplicationBase.o [1]
  .rodata                const     0x810'4d60      0xa4  FrontendApplicationBase.o [1]
  .rodata                const     0x810'4e04      0xa4  WindowSettingsContainer.o [1]
  .rodata                const     0x810'4ea8      0xa4  WindowSettingsContainerBase.o [1]
  .rodata                const     0x810'4f4c      0xa0  AllZonesContainer.o [1]
  .rodata                const     0x810'4fec      0x9c  AllZonesContainerBase.o [1]
  .text                  ro code   0x810'5088      0x9c  STM32F4HAL.o [1]
  .rodata                const     0x810'5124      0x98  PanelSettingsContainer.o [1]
  .rodata                const     0x810'51bc      0x98  PanelSettingsContainerBase.o [1]
  .rodata                const     0x810'5254      0x98  ScrollableContainer.o [7]
  .text                  ro code   0x810'52ec      0x94  ft5436.o [1]
  .text                  ro code   0x810'5380      0x94  MainViewBase.o [1]
  .text                  ro code   0x810'5414      0x24  SingleZoneContainerBase.o [1]
  .text                  ro code   0x810'5438      0x20  SingleZoneContainerBase.o [1]
  .text                  ro code   0x810'5458      0x20  MainViewBase.o [1]
  .rodata                const     0x810'5478      0x90  FrontendApplicationBase.o [1]
  .rodata                const     0x810'5508      0x90  Container.o [7]
  .text                  ro code   0x810'5598      0x90  TextAreaWithWildcard.o [7]
  .text                  ro code   0x810'5628      0x8c  MainViewBase.o [1]
  .text                  ro code   0x810'56b4      0x8c  xfofind.o [2]
  .text                  ro code   0x810'5740       0x4  heaptramp0.o [2]
  .rodata                const     0x810'5744      0x88  FrontendApplicationBase.o [1]
  .rodata                const     0x810'57cc      0x88  SingleZoneContainerBase.o [1]
  .rodata                const     0x810'5854      0x88  STM32F4HAL.o [1]
  .rodata                const     0x810'58dc      0x80  MainViewBase.o [1]
  .rodata                const     0x810'595c      0x80  MainViewBase.o [1]
  .text                  ro code   0x810'59dc      0x7e  fclose.o [2]
  .text                  ro code   0x810'5a5a      0x18  close.o [6]
  .text                  ro code   0x810'5a72      0x14  remove.o [6]
  .text                  ro code   0x810'5a86       0x2  MainPresenter.o [1]
  .rodata                const     0x810'5a88      0x7c  MainViewBase.o [1]
  .rodata                const     0x810'5b04      0x7c  SingleZoneContainerBase.o [1]
  .rodata                const     0x810'5b80      0x7c  SingleZoneContainerBase.o [1]
  .rodata                const     0x810'5bfc      0x7c  TextArea.o [7]
  .rodata                const     0x810'5c78      0x74  ToggleButton.o [7]
  .rodata                const     0x810'5cec      0x74  Button.o [7]
  .rodata                const     0x810'5d60      0x70  Image.o [7]
  .rodata                const     0x810'5dd0      0x6c  Box.o [7]
  .text                  ro code   0x810'5e3c      0x64  Box.o [7]
  .rodata                const     0x810'5ea0      0x60  main.o [1]
  .text                  ro code   0x810'5f00      0x60  system_stm32f4xx.o [1]
  .text                  ro code   0x810'5f60      0x58  STM32F4HAL.o [1]
  .rodata                const     0x810'5fb8      0x54  SingleZoneContainerBase.o [1]
  .text                  ro code   0x810'600c      0x54  fputc.o [2]
  TextFlashSection       const     0x810'6060      0x54  LanguageGb.o [1]
  .rodata                const     0x810'60b4      0x4c  STM32F4DMA.o [1]
  .rodata                const     0x810'6100      0x4c  InternalFlashFont.o [7]
  .rodata                const     0x810'614c      0x44  SingleZoneContainerBase.o [1]
  .text                  ro code   0x810'6190      0x42  MainViewBase.o [1]
  .text                  ro code   0x810'61d2       0x2  MainView.o [1]
  .text                  ro code   0x810'61d4      0x40  stm32f4xx_it.o [1]
  .text                  ro code   0x810'6214      0x10  stm32f4xx_hal.o [1]
  .text                  ro code   0x810'6224      0x3e  SingleZoneContainerBase.o [1]
  .text                  ro code   0x810'6262       0x2  MainViewBase.o [1]
  .rodata                const     0x810'6264      0x3c  FrontendApplication.o [1]
  .rodata                const     0x810'62a0      0x3c  FrontendApplicationBase.o [1]
  .rodata                const     0x810'62dc      0x3c  FrontendApplicationBase.o [1]
  .rodata                const     0x810'6318      0x3c  MainView.o [1]
  .rodata                const     0x810'6354      0x3c  MainViewBase.o [1]
  .rodata                const     0x810'6390      0x3c  Application.o [7]
  .text                  ro code   0x810'63cc      0x3c  STM32F4TouchController.o [1]
  .text                  ro code   0x810'6408      0x3c  xcloseall.o [2]
  .rodata                const     0x810'6444      0x34  BoardConfiguration.o [1]
  .rodata                const     0x810'6478      0x34  BoardConfiguration.o [1]
  .rodata                const     0x810'64ac      0x34  BoardConfiguration.o [1]
  .rodata                const     0x810'64e0      0x34  MainViewBase.o [1]
  .rodata                const     0x810'6514      0x34  LCD24bpp.o [7]
  .rodata                const     0x810'6548      0x34  Screen.o [7]
  .rodata                const     0x810'657c      0x30  MainPresenter.o [1]
  TextFlashSection       const     0x810'65ac      0x2c  TypedTextDatabase.o [1]
  .text                  ro code   0x810'65d8      0x2a  MainViewBase.o [1]
  .text                  ro code   0x810'6602       0x2  MainViewBase.o [1]
  .rodata                const     0x810'6604      0x28  STM32F4Instrumentation.o [1]
  .rodata                const     0x810'662c      0x28  Application.o [7]
  .text                  ro code   0x810'6654      0x28  SingleZoneContainerBase.o [1]
  .text                  ro code   0x810'667c      0x28  data_init.o [5]
  .rodata                const     0x810'66a4      0x24  DMA.o [7]
  .text                  ro code   0x810'66c8      0x24  FrontendApplicationBase.o [1]
  TextFlashSection       const     0x810'66ec      0x24  LanguageGb.o [1]
  .text                  ro code   0x810'6710      0x22  fpinit_M.o [4]
  .iar.init_table        const     0x810'6734      0x24  - Linker created -
  .text                  ro code   0x810'6758       0x2  MainViewBase.o [1]
  .rodata                const     0x810'675c      0x20  FrontendApplicationBase.o [1]
  .rodata                const     0x810'677c      0x20  FrontendApplicationBase.o [1]
  .rodata                const     0x810'679c      0x20  STM32F4HAL.o [1]
  .text                  ro code   0x810'67bc      0x20  SingleZoneContainerBase.o [1]
  .text                  ro code   0x810'67dc      0x20  cmain_call_ctors.o [5]
  .text                  ro code   0x810'67fc      0x18  cppinit.o [2]
  TextFlashSection       const     0x810'6814      0x20  LanguageGb.o [1]
  TextFlashSection       const     0x810'6834      0x20  LanguageGb.o [1]
  TextFlashSection       const     0x810'6854      0x20  LanguageGb.o [1]
  TextFlashSection       const     0x810'6874      0x20  LanguageGb.o [1]
  .text                  ro code   0x810'6894      0x1e  ScrollableContainer.o [7]
  .text                  ro code   0x810'68b2       0x2  MainViewBase.o [1]
  .text                  ro code   0x810'68b4      0x1e  cmain.o [5]
  .text                  ro code   0x810'68d2       0x4  low_level_init.o [2]
  .text                  ro code   0x810'68d6       0x4  exit.o [2]
  .text                  ro code   0x810'68da       0x2  MainViewBase.o [1]
  .text                  ro code   0x810'68dc       0xe  cexit.o [5]
  .text                  ro code   0x810'68ea       0x2  MainViewBase.o [1]
  TextFlashSection       const     0x810'68ec      0x1c  LanguageGb.o [1]
  TextFlashSection       const     0x810'6908      0x1c  LanguageGb.o [1]
  .rodata                const     0x810'6924      0x18  AllScenesContainerBase.o [1]
  .rodata                const     0x810'693c      0x18  AllZonesContainerBase.o [1]
  .rodata                const     0x810'6954      0x18  FrontendApplicationBase.o [1]
  .rodata                const     0x810'696c      0x18  MainPresenter.o [1]
  .rodata                const     0x810'6984      0x18  MainView.o [1]
  .rodata                const     0x810'699c      0x18  MainViewBase.o [1]
  .rodata                const     0x810'69b4      0x18  PanelSettingsContainerBase.o [1]
  .rodata                const     0x810'69cc      0x18  SingleZoneContainerBase.o [1]
  .rodata                const     0x810'69e4      0x18  STM32F4TouchController.o [1]
  .rodata                const     0x810'69fc      0x18  WindowSettingsContainerBase.o [1]
  .text                  ro code   0x810'6a14      0x18  AllScenesContainerBase.o [1]
  .text                  ro code   0x810'6a2c      0x18  AllZonesContainerBase.o [1]
  .text                  ro code   0x810'6a44      0x18  FrontendApplicationBase.o [1]
  .text                  ro code   0x810'6a5c      0x18  MainView.o [1]
  .text                  ro code   0x810'6a74      0x18  MainViewBase.o [1]
  .text                  ro code   0x810'6a8c      0x18  PanelSettingsContainerBase.o [1]
  .text                  ro code   0x810'6aa4      0x18  SingleZoneContainerBase.o [1]
  .text                  ro code   0x810'6abc      0x18  WindowSettingsContainerBase.o [1]
  TextFlashSection       const     0x810'6ad4      0x18  LanguageGb.o [1]
  .text                  ro code   0x810'6aec      0x16  FrontendApplication.o [1]
  .text                  ro code   0x810'6b02      0x16  STM32F4HAL.o [1]
  .text                  ro code   0x810'6b18      0x16  xprout.o [2]
  .text                  ro code   0x810'6b2e       0x2  MainViewBase.o [1]
  .text                  ro code   0x810'6b30       0xc  putchar.o [2]
  .rodata                const     0x810'6b3c      0x14  ApplicationFontProvider.o [1]
  .rodata                const     0x810'6b50      0x14  BoardConfiguration.o [1]
  .rodata                const     0x810'6b64      0x14  BoardConfiguration.o [1]
  .rodata                const     0x810'6b78      0x14  main.o [1]
  .rodata                const     0x810'6b8c      0x14  MainPresenter.o [1]
  .rodata                const     0x810'6ba0      0x14  Gestures.o [7]
  .rodata                const     0x810'6bb4      0x14  Gestures.o [7]
  .rodata                const     0x810'6bc8      0x14  Gestures.o [7]
  TextFlashSection       const     0x810'6bdc      0x14  LanguageGb.o [1]
  TextFlashSection       const     0x810'6bf0      0x14  LanguageGb.o [1]
  TextFlashSection       const     0x810'6c04      0x14  LanguageGb.o [1]
  TextFlashSection       const     0x810'6c18      0x14  LanguageGb.o [1]
  .rodata                const     0x810'6c2c      0x10  BoardConfiguration.o [1]
  .text                  ro code   0x810'6c3c      0x10  BoardConfiguration.o [1]
  .text                  ro code   0x810'6c4c      0x10  startup_stm32f429xx.o [1]
  .text                  ro code   0x810'6c5c       0xc  AllZonesContainer.o [1]
  .text                  ro code   0x810'6c68       0xc  STM32F4HAL.o [1]
  .text                  ro code   0x810'6c74       0xc  cstartup_M.o [5]
  TextFlashSection       const     0x810'6c80       0xc  LanguageGb.o [1]
  SHT$$PREINIT_ARRAY               0x810'6c8c       0x0  <Block>
  SHT$$INIT_ARRAY                  0x810'6c8c       0xc  <Block>
    .init_array          const     0x810'6c8c       0x4  BoardConfiguration.o [1]
    .init_array          const     0x810'6c90       0x4  Texts.o [1]
    .init_array          const     0x810'6c94       0x4  TypedTextDatabase.o [1]
  __iar_tls$$INIT_ARRAY            0x810'6c98       0x0  <Block>
  .rodata                const     0x810'6c98       0x8  FrontendApplicationBase.o [1]
  .rodata                const     0x810'6ca0       0x8  system_stm32f4xx.o [1]
  .text                  ro code   0x810'6ca8       0x8  BoardConfiguration.o [1]
  .text                  ro code   0x810'6cb0       0x8  BoardConfiguration.o [1]
  .text                  ro code   0x810'6cb8       0x8  STM32F4HAL.o [1]
  TextFlashSection       const     0x810'6cc0       0x8  LanguageGb.o [1]
  TextFlashSection       const     0x810'6cc8       0x8  LanguageGb.o [1]
  TextFlashSection       const     0x810'6cd0       0x8  LanguageGb.o [1]
  .rodata                const     0x810'6cd8       0x6  xlocale_c.o [2]
  .text                  ro code   0x810'6cde       0x4  BoardConfiguration.o [1]
  .text                  ro code   0x810'6ce2       0x4  BoardConfiguration.o [1]
  .text                  ro code   0x810'6ce6       0x4  FrontendApplicationBase.o [1]
  .text                  ro code   0x810'6cea       0x4  MainViewBase.o [1]
  .text                  ro code   0x810'6cee       0x4  MainViewBase.o [1]
  .text                  ro code   0x810'6cf2       0x4  MainViewBase.o [1]
  .text                  ro code   0x810'6cf6       0x4  MainViewBase.o [1]
  .text                  ro code   0x810'6cfa       0x4  MainViewBase.o [1]
  .text                  ro code   0x810'6cfe       0x4  MainViewBase.o [1]
  .text                  ro code   0x810'6d02       0x4  startup_stm32f429xx.o [1]
  .text                  ro code   0x810'6d06       0x4  startup_stm32f429xx.o [1]
  .text                  ro code   0x810'6d0a       0x4  startup_stm32f429xx.o [1]
  .text                  ro code   0x810'6d0e       0x4  startup_stm32f429xx.o [1]
  .text                  ro code   0x810'6d12       0x4  startup_stm32f429xx.o [1]
  .text                  ro code   0x810'6d16       0x4  startup_stm32f429xx.o [1]
  .text                  ro code   0x810'6d1a       0x4  startup_stm32f429xx.o [1]
  .text                  ro code   0x810'6d1e       0x4  startup_stm32f429xx.o [1]
  .text                  ro code   0x810'6d22       0x4  startup_stm32f429xx.o [1]
  .text                  ro code   0x810'6d26       0x4  startup_stm32f429xx.o [1]
  .text                  ro code   0x810'6d2a       0x4  startup_stm32f429xx.o [1]
  .text                  ro code   0x810'6d2e       0x4  startup_stm32f429xx.o [1]
  .text                  ro code   0x810'6d32       0x4  startup_stm32f429xx.o [1]
  .text                  ro code   0x810'6d36       0x4  startup_stm32f429xx.o [1]
  .text                  ro code   0x810'6d3a       0x4  startup_stm32f429xx.o [1]
  .text                  ro code   0x810'6d3e       0x4  startup_stm32f429xx.o [1]
  .text                  ro code   0x810'6d42       0x4  startup_stm32f429xx.o [1]
  .text                  ro code   0x810'6d46       0x4  startup_stm32f429xx.o [1]
  .text                  ro code   0x810'6d4a       0x4  startup_stm32f429xx.o [1]
  .text                  ro code   0x810'6d4e       0x4  startup_stm32f429xx.o [1]
  .text                  ro code   0x810'6d52       0x4  startup_stm32f429xx.o [1]
  .text                  ro code   0x810'6d56       0x4  startup_stm32f429xx.o [1]
  .text                  ro code   0x810'6d5a       0x4  startup_stm32f429xx.o [1]
  .text                  ro code   0x810'6d5e       0x4  startup_stm32f429xx.o [1]
  .text                  ro code   0x810'6d62       0x4  startup_stm32f429xx.o [1]
  .text                  ro code   0x810'6d66       0x4  startup_stm32f429xx.o [1]
  .text                  ro code   0x810'6d6a       0x4  startup_stm32f429xx.o [1]
  .text                  ro code   0x810'6d6e       0x4  startup_stm32f429xx.o [1]
  .text                  ro code   0x810'6d72       0x4  startup_stm32f429xx.o [1]
  .text                  ro code   0x810'6d76       0x4  startup_stm32f429xx.o [1]
  .text                  ro code   0x810'6d7a       0x4  startup_stm32f429xx.o [1]
  .text                  ro code   0x810'6d7e       0x4  startup_stm32f429xx.o [1]
  .text                  ro code   0x810'6d82       0x4  startup_stm32f429xx.o [1]
  .text                  ro code   0x810'6d86       0x4  startup_stm32f429xx.o [1]
  .text                  ro code   0x810'6d8a       0x4  startup_stm32f429xx.o [1]
  .text                  ro code   0x810'6d8e       0x4  startup_stm32f429xx.o [1]
  .text                  ro code   0x810'6d92       0x4  startup_stm32f429xx.o [1]
  .text                  ro code   0x810'6d96       0x4  startup_stm32f429xx.o [1]
  .text                  ro code   0x810'6d9a       0x4  startup_stm32f429xx.o [1]
  .text                  ro code   0x810'6d9e       0x4  startup_stm32f429xx.o [1]
  .text                  ro code   0x810'6da2       0x4  startup_stm32f429xx.o [1]
  .text                  ro code   0x810'6da6       0x4  startup_stm32f429xx.o [1]
  .text                  ro code   0x810'6daa       0x4  startup_stm32f429xx.o [1]
  .text                  ro code   0x810'6dae       0x4  startup_stm32f429xx.o [1]
  .text                  ro code   0x810'6db2       0x4  startup_stm32f429xx.o [1]
  .text                  ro code   0x810'6db6       0x4  startup_stm32f429xx.o [1]
  .text                  ro code   0x810'6dba       0x4  startup_stm32f429xx.o [1]
  .text                  ro code   0x810'6dbe       0x4  startup_stm32f429xx.o [1]
  .text                  ro code   0x810'6dc2       0x4  startup_stm32f429xx.o [1]
  .text                  ro code   0x810'6dc6       0x4  startup_stm32f429xx.o [1]
  .text                  ro code   0x810'6dca       0x4  startup_stm32f429xx.o [1]
  .text                  ro code   0x810'6dce       0x4  startup_stm32f429xx.o [1]
  .text                  ro code   0x810'6dd2       0x4  startup_stm32f429xx.o [1]
  .text                  ro code   0x810'6dd6       0x4  startup_stm32f429xx.o [1]
  .text                  ro code   0x810'6dda       0x4  startup_stm32f429xx.o [1]
  .text                  ro code   0x810'6dde       0x4  startup_stm32f429xx.o [1]
  .text                  ro code   0x810'6de2       0x4  startup_stm32f429xx.o [1]
  .text                  ro code   0x810'6de6       0x4  startup_stm32f429xx.o [1]
  .text                  ro code   0x810'6dea       0x4  startup_stm32f429xx.o [1]
  .text                  ro code   0x810'6dee       0x4  startup_stm32f429xx.o [1]
  .text                  ro code   0x810'6df2       0x4  startup_stm32f429xx.o [1]
  .text                  ro code   0x810'6df6       0x4  startup_stm32f429xx.o [1]
  .text                  ro code   0x810'6dfa       0x4  startup_stm32f429xx.o [1]
  .text                  ro code   0x810'6dfe       0x4  startup_stm32f429xx.o [1]
  .text                  ro code   0x810'6e02       0x4  startup_stm32f429xx.o [1]
  .text                  ro code   0x810'6e06       0x4  startup_stm32f429xx.o [1]
  .text                  ro code   0x810'6e0a       0x4  startup_stm32f429xx.o [1]
  .text                  ro code   0x810'6e0e       0x4  startup_stm32f429xx.o [1]
  .text                  ro code   0x810'6e12       0x4  startup_stm32f429xx.o [1]
  .text                  ro code   0x810'6e16       0x4  startup_stm32f429xx.o [1]
  .text                  ro code   0x810'6e1a       0x4  startup_stm32f429xx.o [1]
  .text                  ro code   0x810'6e1e       0x4  startup_stm32f429xx.o [1]
  .text                  ro code   0x810'6e22       0x4  startup_stm32f429xx.o [1]
  .text                  ro code   0x810'6e26       0x4  startup_stm32f429xx.o [1]
  .text                  ro code   0x810'6e2a       0x4  startup_stm32f429xx.o [1]
  .text                  ro code   0x810'6e2e       0x4  startup_stm32f429xx.o [1]
  .text                  ro code   0x810'6e32       0x4  startup_stm32f429xx.o [1]
  .text                  ro code   0x810'6e36       0x4  startup_stm32f429xx.o [1]
  .text                  ro code   0x810'6e3a       0x4  startup_stm32f429xx.o [1]
  .text                  ro code   0x810'6e3e       0x4  startup_stm32f429xx.o [1]
  .text                  ro code   0x810'6e42       0x4  startup_stm32f429xx.o [1]
  .text                  ro code   0x810'6e46       0x4  startup_stm32f429xx.o [1]
  .text                  ro code   0x810'6e4a       0x4  startup_stm32f429xx.o [1]
  .text                  ro code   0x810'6e4e       0x4  startup_stm32f429xx.o [1]
  .text                  ro code   0x810'6e52       0x4  startup_stm32f429xx.o [1]
  .text                  ro code   0x810'6e56       0x4  startup_stm32f429xx.o [1]
  .text                  ro code   0x810'6e5a       0x4  STM32F4Instrumentation.o [1]
  .text                  ro code   0x810'6e5e       0x4  STM32F4Instrumentation.o [1]
  .text                  ro code   0x810'6e62       0x4  WindowSettingsContainerBase.o [1]
  .text                  ro code   0x810'6e66       0x4  WindowSettingsContainerBase.o [1]
  .text                  ro code   0x810'6e6a       0x4  WindowSettingsContainerBase.o [1]
  .text                  ro code   0x810'6e6e       0x4  WindowSettingsContainerBase.o [1]
  .text                  ro code   0x810'6e72       0x4  LCD24bpp.o [7]
  .text                  ro code   0x810'6e76       0x4  ConstFont.o [7]
  .text                  ro code   0x810'6e7a       0x4  ConstFont.o [7]
  .text                  ro code   0x810'6e7e       0x4  ConstFont.o [7]
  .text                  ro code   0x810'6e82       0x4  ConstFont.o [7]
  .text                  ro code   0x810'6e86       0x2  MainViewBase.o [1]
  FontFlashSection       const     0x810'6e88       0x4  Kerning_verdana_10_4bpp.o [1]
  TextFlashSection       const     0x810'6e8c       0x4  Texts.o [1]
  TextFlashSection       const     0x810'6e90       0x4  TypedTextDatabase.o [1]
  .text                  ro code   0x810'6e94       0x2  MainViewBase.o [1]
  .text                  ro code   0x810'6e96       0x2  PanelSettingsContainerBase.o [1]
  .text                  ro code   0x810'6e98       0x2  SingleZoneContainerBase.o [1]
  .text                  ro code   0x810'6e9a       0x2  SingleZoneContainerBase.o [1]
  .text                  ro code   0x810'6e9c       0x2  SingleZoneContainerBase.o [1]
  .text                  ro code   0x810'6e9e       0x2  SingleZoneContainerBase.o [1]
  .text                  ro code   0x810'6ea0       0x2  SingleZoneContainerBase.o [1]
  .text                  ro code   0x810'6ea2       0x2  SingleZoneContainerBase.o [1]
  .text                  ro code   0x810'6ea4       0x2  SingleZoneContainerBase.o [1]
  .text                  ro code   0x810'6ea6       0x2  SingleZoneContainerBase.o [1]
  .text                  ro code   0x810'6ea8       0x2  WindowSettingsContainerBase.o [1]
  .text                  ro code   0x810'6eaa       0x2  WindowSettingsContainerBase.o [1]
  .text                  ro code   0x810'6eac       0x2  WindowSettingsContainerBase.o [1]
  .text                  ro code   0x810'6eae       0x2  WindowSettingsContainerBase.o [1]
  .text                  ro code   0x810'6eb0       0x2  WindowSettingsContainerBase.o [1]
  .text                  ro code   0x810'6eb2       0x2  WindowSettingsContainerBase.o [1]
  .text                  ro code   0x810'6eb4       0x2  WindowSettingsContainerBase.o [1]
  .text                  ro code   0x810'6eb6       0x2  WindowSettingsContainerBase.o [1]
  .text                  ro code   0x810'6eb8       0x2  Application.o [7]
  .text                  ro code   0x810'6eba       0x2  Application.o [7]
  .text                  ro code   0x810'6ebc       0x2  Application.o [7]
  .text                  ro code   0x810'6ebe       0x2  Application.o [7]
  .text                  ro code   0x810'6ec0       0x2  Application.o [7]
  .text                  ro code   0x810'6ec2       0x2  Screen.o [7]
  .rodata                const     0x810'6ec4       0x1  unwind_debug.o [6]
  .text                  ro code   0x810'6ec8       0x0  cstart_closeall.o [5]
  .rodata                const     0x810'6ec8       0x0  zero_init3.o [5]
  .rodata                const     0x810'6ec8       0x0  lz77_init_single.o [5]
  Initializer bytes      const     0x810'6ec8      0xd1  <for P2-1>
                                 - 0x810'6f99  0x106ded

"P2", part 1 of 3:                                0xc80
  P2-1                            0x2000'0000     0xc80  <Init block>
    .data                inited   0x2000'0000       0x8  BoardConfiguration.o [1]
    .data                inited   0x2000'0008     0xab8  BoardConfiguration.o [1]
    .data                inited   0x2000'0ac0       0x9  OSWrappers.o [1]
    .data                inited   0x2000'0acc       0xc  port.o [1]
    .data                inited   0x2000'0ad8       0xc  stm32f4xx_hal.o [1]
    .data                inited   0x2000'0ae4       0x4  system_stm32f4xx.o [1]
    .data                inited   0x2000'0ae8       0x8  Texts.o [1]
    .data                inited   0x2000'0af0       0x8  Texts.o [1]
    .data                inited   0x2000'0af8      0x10  Application.o [7]
    .data                inited   0x2000'0b08      0x38  xlocale_c.o [2]
    .data                inited   0x2000'0b40      0x48  xlocale_c.o [2]
    .data                inited   0x2000'0b88      0x48  xfiles.o [2]
    .data                inited   0x2000'0bd0      0x48  xfiles.o [2]
    .data                inited   0x2000'0c18      0x48  xfiles.o [2]
    .data                inited   0x2000'0c60      0x20  xfiles.o [2]
                                - 0x2000'0c80     0xc80

"P2", part 2 of 3:                              0x19c88
  .bss                   zero     0x2000'0c80   0x11630  BoardConfiguration.o [1]
  .bss                   zero     0x2001'22b0    0x8018  heap_4.o [1]
  .bss                   zero     0x2001'a2c8      0xa8  HW_Init.o [1]
  .bss                   zero     0x2001'a370      0xa0  tasks.o [1]
  .bss                   zero     0x2001'a410      0x8c  tasks.o [1]
  .bss                   zero     0x2001'a49c      0x80  XShHandles.o [2]
  .bss                   zero     0x2001'a51c      0x6c  BoardConfiguration.o [1]
  .bss                   zero     0x2001'a588      0x64  main.o [1]
  .bss                   zero     0x2001'a5ec      0x50  xfiles.o [2]
  .bss                   zero     0x2001'a63c      0x50  xfiles.o [2]
  .bss                   zero     0x2001'a68c      0x4c  TouchCalibration.o [7]
  .bss                   zero     0x2001'a6d8      0x44  HW_Init.o [1]
  .bss                   zero     0x2001'a71c      0x40  HW_Init.o [1]
  .bss                   zero     0x2001'a75c      0x40  main.o [1]
  .bss                   zero     0x2001'a79c      0x40  STM32F4Instrumentation.o [1]
  .bss                   zero     0x2001'a7dc      0x24  FontGetters.o [1]
  .bss                   zero     0x2001'a800      0x24  FontGetters.o [1]
  .bss                   zero     0x2001'a824      0x24  FontGetters.o [1]
  .bss                   zero     0x2001'a848      0x24  Bitmap.o [7]
  .bss                   zero     0x2001'a86c      0x14  Model.o [1]
  .bss                   zero     0x2001'a880      0x10  sdram.o [1]
  .bss                   zero     0x2001'a890      0x10  HAL.o [7]
  .bss                   zero     0x2001'a8a0       0xc  port.o [1]
  .bss                   zero     0x2001'a8ac       0xc  TypedTextDatabase.o [1]
  .bss                   zero     0x2001'a8b8       0x8  Texts.o [1]
  .bss                   zero     0x2001'a8c0       0x8  Texts.o [1]
  .bss                   zero     0x2001'a8c8       0x8  Texts.o [1]
  .bss                   zero     0x2001'a8d0       0x8  heap0.o [2]
  .bss                   zero     0x2001'a8d8       0x4  HW_Init.o [1]
  .bss                   zero     0x2001'a8dc       0x4  main.o [1]
  .bss                   zero     0x2001'a8e0       0x4  main.o [1]
  .bss                   zero     0x2001'a8e4       0x4  STM32F4HAL.o [1]
  .bss                   zero     0x2001'a8e8       0x4  FontManager.o [7]
  .bss                   zero     0x2001'a8ec       0x4  TypedText.o [7]
  .bss                   zero     0x2001'a8f0       0x4  TypedText.o [7]
  .bss                   zero     0x2001'a8f4       0x4  TypedText.o [7]
  .bss                   zero     0x2001'a8f8       0x4  xfail_s.o [2]
  .bss                   zero     0x2001'a8fc       0x4  xgetmemchunk.o [2]
  .bss                   zero     0x2001'a900       0x2  HAL.o [7]
  .bss                   zero     0x2001'a902       0x2  TypedText.o [7]
  .bss                   zero     0x2001'a904       0x1  BoardConfiguration.o [1]
  .bss                   zero     0x2001'a905       0x1  STM32F4DMA.o [1]
                                - 0x2001'a906   0x19c86

"P2", part 3 of 3:                                0x600
  CSTACK                          0x2001'a908     0x400  <Block>
    CSTACK               uninit   0x2001'a908     0x400  <Block tail>
  HEAP                            0x2001'ad08     0x200  <Block>
    HEAP                 uninit   0x2001'ad08     0x200  <Block tail>
                                - 0x2001'af08     0x600

Unused ranges:

         From           To      Size
         ----           --      ----
   0x810'6f99   0x81f'ffff  0xf'9067
  0x2001'af08  0x2002'ffff  0x1'50f8


*******************************************************************************
*** INIT TABLE
***

          Address      Size
          -------      ----
Zero (__iar_zero_init3)
    1 destination range, total size 0x19c86:
          0x2000'0c80  0x19c86

Copy/lz77 (__iar_lz77_init_single3)
    1 source range, total size 0xd1 (6% of destination):
           0x810'6ec8     0xd1
    1 destination range, total size 0xc80:
          0x2000'0000    0xc80

Extra (__iar_cstart_call_ctors)



*******************************************************************************
*** MODULE SUMMARY
***

    Module                                         ro code    ro data  rw data
    ------                                         -------    -------  -------
command line/config:
    --------------------------------------------------------------------------
    Total:

C:\Data\Work\Git\sage\stm32TouchGFX\switch_touchgfx\EWARM\switch_touchgfx\Obj: [1]
    AllScenesContainer.o                               266        176
    AllScenesContainerBase.o                           988        200
    AllZonesContainer.o                                408        160
    AllZonesContainerBase.o                            470        180
    ApplicationFontProvider.o                                      20
    BitmapDatabase.o                                    12        200
    BoardConfiguration.o                               844        395   74 077
    FontGetters.o                                      220                 108
    Font_verdana_10_4bpp.o                                      1 552
    Font_verdana_20_4bpp.o                                      5 048
    Font_verdana_40_4bpp.o                                     20 224
    FrontendApplication.o                               46         60
    FrontendApplicationBase.o                          682        824
    GPIO.o                                               8
    HW_Init.o                                        1 076                 304
    Kerning_verdana_10_4bpp.o                                       4
    Kerning_verdana_20_4bpp.o                                     224
    Kerning_verdana_40_4bpp.o                                     428
    LanguageGb.o                                                  444
    MainPresenter.o                                     78         92
    MainView.o                                       2 056         84
    MainViewBase.o                                   2 902      1 232
    Model.o                                            104                  20
    OSWrappers.o                                       240          1        9
    PanelSettingsContainer.o                            38        152
    PanelSettingsContainerBase.o                       284        176
    STM32F4DMA.o                                       792         76        1
    STM32F4HAL.o                                       656        336        4
    STM32F4Instrumentation.o                           248         40       64
    STM32F4TouchController.o                            60         24
    SingleZoneContainer.o                              264        180
    SingleZoneContainerBase.o                        1 166        740
    Table_verdana_10_4bpp.o                                       884
    Table_verdana_20_4bpp.o                                       912
    Table_verdana_40_4bpp.o                                       896
    Texts.o                                             84          9       40
    TypedTextDatabase.o                                 48         52       12
    WindowSettingsContainer.o                          430        164
    WindowSettingsContainerBase.o                      954        188
    background_image.o                                        391 680
    blue_buttons_round_edge_icon_button.o                      14 400
    blue_buttons_round_edge_icon_button_pressed.o              14 400
    blue_buttons_round_edge_small.o                            40 800
    blue_buttons_round_edge_small_pressed.o                    40 800
    blue_buttons_round_medium.o                                55 200
    blue_buttons_round_medium_pressed.o                        55 200
    cmsis_os.o                                         712
    combinedGraphicNew.o                                       86 720
    freertos.o                                           4
    ft5436.o                                           148
    heap_4.o                                           440              32 792
    list.o                                             146
    main.o                                             912        116      172
    port.o                                             764          1       24
    portasm.o                                          176
    queue.o                                          1 800
    sdram.o                                            156                  16
    startup_stm32f429xx.o                              788
    stm32f4xx_hal.o                                    184          1       12
    stm32f4xx_hal_cortex.o                             232
    stm32f4xx_hal_crc.o                                 36
    stm32f4xx_hal_dma2d.o                              786
    stm32f4xx_hal_gpio.o                               776
    stm32f4xx_hal_i2c.o                              2 088
    stm32f4xx_hal_i2c_ex.o                             122
    stm32f4xx_hal_ltdc.o                             1 028
    stm32f4xx_hal_msp.o                                368
    stm32f4xx_hal_pwr_ex.o                             120
    stm32f4xx_hal_rcc.o                              1 244
    stm32f4xx_hal_rcc_ex.o                             540
    stm32f4xx_hal_sdram.o                              188
    stm32f4xx_hal_tim.o                                592
    stm32f4xx_hal_tim_ex.o                              62
    stm32f4xx_hal_uart.o                               792
    stm32f4xx_it.o                                      64
    stm32f4xx_ll_fmc.o                                 334
    sun-icon.o                                                  2 704
    system_stm32f4xx.o                                  96          8        4
    tasks.o                                          2 276                 300
    window_grey.o                                             273 872
    --------------------------------------------------------------------------
    Total:                                          33 398  1 012 279  107 959

dl7M_tlf.a: [2]
    XShHandles.o                                       204                 128
    abort.o                                              6
    cppinit.o                                           24
    exit.o                                               4
    fclose.o                                           126
    fflush.o                                           172
    fputc.o                                             84
    fseek.o                                             36
    heap0.o                                            320                   8
    heaptramp0.o                                         4
    low_level_init.o                                     4
    printf.o                                            40
    putchar.o                                           12
    xcloseall.o                                         60
    xencoding_8859_1.o                                  30
    xfail_s.o                                           64                   4
    xfgpos.o                                            12
    xfiles.o                                                       17      408
    xfofind.o                                          140
    xfspos.o                                           216
    xfwprep.o                                          180
    xgetmemchunk.o                                      44                   4
    xlocale_c.o                                        120         14      128
    xmbcurmax.o                                         10
    xprintffull.o                                    3 910
    xprout.o                                            22
    --------------------------------------------------------------------------
    Total:                                           5 844         31      680

dlpp7M_tl_fc.a: [3]
    cxxabi.o                                            40
    --------------------------------------------------------------------------
    Total:                                              40

m7M_tls.a: [4]
    DblAdd.o                                           362
    DblCmpGe.o                                          46
    DblCmpLe.o                                          46
    DblDiv.o                                           582
    DblMul.o                                           418
    DblSub.o                                           226
    DblToS32.o                                          58
    DblToU32.o                                          40
    S32ToDbl.o                                          34
    U32ToDbl.o                                          26
    fpinit_M.o                                          34
    frexp.o                                            112
    ldexp.o                                            314
    --------------------------------------------------------------------------
    Total:                                           2 298

rt7M_tl.a: [5]
    ABImemclr4.o                                         6
    ABImemcpy.o                                        166
    ABImemset.o                                        102
    ABImemset48.o                                       58
    I64DivMod_small.o                                  262
    I64DivZer.o                                          2
    cexit.o                                             14
    cmain.o                                             30
    cmain_call_ctors.o                                  32
    cstart_closeall.o
    cstartup_M.o                                        12
    data_init.o                                         40
    lz77_init_single.o                                 122
    memchr.o                                            88
    memcpy.o                                            12
    strchr.o                                            22
    strlen.o                                            54
    zero_init3.o                                        58
    --------------------------------------------------------------------------
    Total:                                           1 080

shb_l.a: [6]
    ABIassert.o                                         36
    close.o                                             24
    exit.o                                              20
    lseek.o                                             74
    remove.o                                            20
    unwind_debug.o                                                  1
    --------------------------------------------------------------------------
    Total:                                             174          1

touchgfx_core_release.a: [7]
    AbstractButton.o                                    78
    AbstractPartition.o                                  8
    Application.o                                    2 034        101       16
    Bitmap.o                                           776                  36
    Box.o                                              100        108
    Button.o                                           232        116
    Color.o                                            176
    ConstFont.o                                        242
    Container.o                                        456        144
    DMA.o                                              508         36
    DisplayTransformation.o                            176
    Drawable.o                                         372
    EasingEquations.o                                  208
    Font.o                                             168
    FontManager.o                                       12                   4
    Gestures.o                                         348         60
    HAL.o                                            1 288                  18
    Image.o                                            234        112
    InternalFlashFont.o                                150         76
    LCD.o                                            2 252
    LCD24bpp.o                                       2 144         52
    Screen.o                                         2 094         52
    ScrollableContainer.o                            3 844        152
    TextArea.o                                         468        124
    TextAreaWithWildcard.o                             144
    TextProvider.o                                     308
    ToggleButton.o                                     138        116
    TouchCalibration.o                                 252                  76
    TypedText.o                                                             14
    Unicode.o                                        1 394          2
    Utils.o                                             14
    stm32_crc_lock.o                                    88
    --------------------------------------------------------------------------
    Total:                                          20 706      1 251      164

    Gaps                                                 3          4        3
    Linker created                                                 36    1 536
------------------------------------------------------------------------------
    Grand Total:                                    63 543  1 013 602  110 342


*******************************************************************************
*** ENTRY LIST
***

Entry                       Address     Size  Type      Object
-----                       -------     ----  ----      ------
.iar.init_table$$Base    0x810'6734            --   Gb  - Linker created -
.iar.init_table$$Limit   0x810'6758            --   Gb  - Linker created -
?main                    0x810'68b5           Code  Gb  cmain.o [5]
AHBPrescTable            0x810'5f50     0x10  Data  Gb  system_stm32f4xx.o [1]
APBPrescTable            0x810'6ca0      0x8  Data  Gb  system_stm32f4xx.o [1]
Aldata                  0x2001'a8d0      0x8  Data  Lc  heap0.o [2]
AllScenesContainer::AllScenesContainer()
                         0x80f'f087     0x5e  Code  Gb  AllScenesContainer.o [1]
AllScenesContainer::AllScenesContainer() [subobject]
[...]
touchgfx::ScrollableContainer::childGeometryChanged()
                         0x80f'6629     0xba  Code  Gb  ScrollableContainer.o [7]
touchgfx::ScrollableContainer::doScroll(short, short)
                         0x80f'655d     0xcc  Code  Gb  ScrollableContainer.o [7]
touchgfx::ScrollableContainer::getContainedArea() const
                         0x80f'671f     0xe6  Code  Gb  ScrollableContainer.o [7]
touchgfx::ScrollableContainer::getLastChild(short, short, touchgfx::Drawable **)
                         0x810'6895     0x1e  Code  Gb  ScrollableContainer.o [7]
touchgfx::ScrollableContainer::getXBorder(touchgfx::Rect const &, touchgfx::Rect const &) const
                         0x80f'6395     0x5e  Code  Gb  ScrollableContainer.o [7]
touchgfx::ScrollableContainer::getXScrollbar() const
                         0x80f'6219     0xba  Code  Gb  ScrollableContainer.o [7]
touchgfx::ScrollableContainer::getYBorder(touchgfx::Rect const &, touchgfx::Rect const &) const
                         0x80f'63f3     0x5e  Code  Gb  ScrollableContainer.o [7]
touchgfx::ScrollableContainer::getYScrollbar() const
                         0x80f'62d3     0xb4  Code  Gb  ScrollableContainer.o [7]
touchgfx::ScrollableContainer::handleClickEvent(touchgfx::ClickEvent const &)
                         0x80f'5bcf    0x302  Code  Gb  ScrollableContainer.o [7]
touchgfx::ScrollableContainer::handleClickEvent(touchgfx::ClickEvent const &){1}{3}{7}{8}::samplePoints
                         0x80f'6920     0x50  Data  Lc  ScrollableContainer.o [7]
touchgfx::ScrollableContainer::handleDragEvent(touchgfx::DragEvent const &)
                         0x80f'5ed1    0x236  Code  Gb  ScrollableContainer.o [7]
touchgfx::ScrollableContainer::handleGestureEvent(touchgfx::GestureEvent const &)
                         0x80f'610d     0xec  Code  Gb  ScrollableContainer.o [7]
touchgfx::ScrollableContainer::handleTickEvent()
                         0x80f'6865     0xac  Code  Gb  ScrollableContainer.o [7]
touchgfx::ScrollableContainer::invalidateScrollbars()
                         0x80f'645d    0x100  Code  Gb  ScrollableContainer.o [7]
touchgfx::ScrollableContainer::isScrollableXY(bool &, bool &)
                         0x80f'4dc3     0x4a  Code  Gb  ScrollableContainer.o [7]
touchgfx::ScrollableContainer::moveChildrenRelative(short, short)
                         0x80f'6833     0x32  Code  Gb  ScrollableContainer.o [7]
touchgfx::ScrollableContainer::reset()
                         0x80f'6805     0x2e  Code  Gb  ScrollableContainer.o [7]
touchgfx::ScrollableContainer::setScrollbarsColor(touchgfx::colortype)
                         0x80f'6911      0xa  Code  Gb  ScrollableContainer.o [7]
touchgfx::ScrollableContainer::setScrollbarsVisible(bool)
                         0x80f'691b      0x6  Code  Gb  ScrollableContainer.o [7]
touchgfx::TextArea::TextArea()
                         0x810'0059     0x30  Code  Gb  WindowSettingsContainerBase.o [1]
touchgfx::TextArea::draw(touchgfx::Rect const &) const
                         0x80f'eae7     0x84  Code  Gb  TextArea.o [7]
touchgfx::TextArea::getSolidRect() const
                         0x810'67bd     0x20  Code  Gb  SingleZoneContainerBase.o [1]
touchgfx::TextArea::getTextHeight()
                         0x80f'ea95     0x18  Code  Gb  TextArea.o [7]
touchgfx::TextArea::getTextHeightInternal(unsigned short const *, ...) const
                         0x80f'ebe3     0x72  Code  Gb  TextArea.o [7]
touchgfx::TextArea::getTextWidth() const
                         0x80f'eaad     0x3a  Code  Gb  TextArea.o [7]
touchgfx::TextArea::resizeToCurrentText()
                         0x80f'eb8d     0x56  Code  Gb  TextArea.o [7]
touchgfx::TextArea::setTypedText(touchgfx::TypedText)
                         0x80f'eb6b     0x22  Code  Gb  TextArea.o [7]
touchgfx::TextAreaWithOneWildcard::TextAreaWithOneWildcard()
                         0x80f'e84d     0x18  Code  Gb  MainViewBase.o [1]
touchgfx::TextAreaWithOneWildcard::draw(touchgfx::Rect const &) const
                         0x810'5629     0x8c  Code  Gb  MainViewBase.o [1]
touchgfx::TextAreaWithOneWildcard::getTextHeight()
                         0x810'6655     0x28  Code  Gb  SingleZoneContainerBase.o [1]
touchgfx::TextAreaWithOneWildcard::getTextWidth() const
                         0x810'6225     0x3e  Code  Gb  SingleZoneContainerBase.o [1]
touchgfx::TextAreaWithTwoWildcards::TextAreaWithTwoWildcards()
                         0x80f'e831     0x1c  Code  Gb  MainViewBase.o [1]
touchgfx::TextAreaWithTwoWildcards::draw(touchgfx::Rect const &) const
                         0x810'5381     0x94  Code  Gb  MainViewBase.o [1]
touchgfx::TextAreaWithTwoWildcards::getTextHeight()
                         0x810'65d9     0x2a  Code  Gb  MainViewBase.o [1]
touchgfx::TextAreaWithTwoWildcards::getTextWidth() const
                         0x810'6191     0x42  Code  Gb  MainViewBase.o [1]
touchgfx::TextAreaWithWildcardBase::TextAreaWithWildcardBase() [subobject]
                         0x80f'f599     0x14  Code  Gb  MainViewBase.o [1]
touchgfx::TextAreaWithWildcardBase::calculateTextHeight(unsigned short const *, ...) const
                         0x810'5599     0x90  Code  Gb  TextAreaWithWildcard.o [7]
touchgfx::TextProvider::TextProvider()
                         0x80f'bef5      0x2  Code  Gb  TextProvider.o [7]
touchgfx::TextProvider::getNextChar()
                         0x80f'bf09     0x16  Code  Gb  TextProvider.o [7]
touchgfx::TextProvider::getNextCharInternal()
                         0x80f'bf53     0x84  Code  Gb  TextProvider.o [7]
touchgfx::TextProvider::getNextLigature(unsigned char)
                         0x80f'bf1f     0x34  Code  Gb  TextProvider.o [7]
touchgfx::TextProvider::initialize(unsigned short const *, __va_list)
                         0x80f'bfd7      0x4  Code  Gb  TextProvider.o [7]
touchgfx::TextProvider::initializeInternal()
                         0x80f'bfdb     0x42  Code  Gb  TextProvider.o [7]
touchgfx::TextProvider::unicodeConverterFunction
                        0x2001'a8c0      0x8  Data  Gb  Texts.o [1]
touchgfx::TextProvider::unicodeConverterInitFunction
                        0x2001'a8b8      0x8  Data  Gb  Texts.o [1]
touchgfx::Texts::currentLanguage
                        0x2001'a8c8      0x2  Data  Gb  Texts.o [1]
touchgfx::Texts::currentLanguagePtr
                        0x2001'a8cc      0x4  Data  Gb  Texts.o [1]
touchgfx::Texts::setLanguage(unsigned short)
                         0x810'28f3     0x30  Code  Gb  Texts.o [1]
touchgfx::ToggleButton::ToggleButton()
                         0x80f'faf9     0x46  Code  Gb  ToggleButton.o [7]
touchgfx::ToggleButton::forceState(bool)
                         0x80f'fb49     0x1c  Code  Gb  ToggleButton.o [7]
touchgfx::ToggleButton::getState() const
                         0x80f'fb83     0x10  Code  Gb  WindowSettingsContainer.o [1]
touchgfx::ToggleButton::handleClickEvent(touchgfx::ClickEvent const &)
                         0x80f'fb65     0x1e  Code  Gb  ToggleButton.o [7]
touchgfx::ToggleButton::setBitmaps(touchgfx::Bitmap const &, touchgfx::Bitmap const &)
                         0x810'0389      0x8  Code  Gb  WindowSettingsContainerBase.o [1]
touchgfx::TouchCalibration::matrix
                        0x2001'a68c     0x4c  Data  Gb  TouchCalibration.o [7]
touchgfx::TouchCalibration::muldiv(int, int, int, int, int, int, int &)
                         0x80f'a98d     0x60  Code  Gb  TouchCalibration.o [7]
touchgfx::TouchCalibration::translatePoint(touchgfx::Point &)
                         0x80f'a9ed     0x98  Code  Gb  TouchCalibration.o [7]
touchgfx::Transition::handleTickEvent()
                         0x810'03df      0x2  Code  Gb  FrontendApplicationBase.o [1]
touchgfx::Transition::init()
                         0x810'18bb      0x2  Code  Gb  FrontendApplicationBase.o [1]
touchgfx::Transition::setScreenContainer(touchgfx::Container &)
                         0x810'6ce7      0x4  Code  Gb  FrontendApplicationBase.o [1]
touchgfx::Transition::tearDown()
                         0x810'109b      0x2  Code  Gb  FrontendApplicationBase.o [1]
touchgfx::Transition::~Transition()
                         0x810'0057      0x2  Code  Gb  FrontendApplicationBase.o [1]
touchgfx::TypedText::assertValid() const
                         0x80f'f5ad     0x48  Code  Gb  SingleZoneContainerBase.o [1]
touchgfx::TypedText::assertValid() const::string (instance 2)
                         0x810'614c     0x44  Data  Gb  SingleZoneContainerBase.o [1]
touchgfx::TypedText::assertValid() const::string (instance 3)
                         0x810'57cc     0x88  Data  Gb  SingleZoneContainerBase.o [1]
touchgfx::TypedText::assertValid() const::string (instance 5)
                         0x810'5fb8     0x54  Data  Gb  SingleZoneContainerBase.o [1]
touchgfx::TypedText::fonts
                        0x2001'a8f4      0x4  Data  Gb  TypedText.o [7]
touchgfx::TypedText::getAlignment() const
                         0x810'5459     0x20  Code  Gb  MainViewBase.o [1]
touchgfx::TypedText::getFont() const
                         0x810'5415     0x24  Code  Gb  SingleZoneContainerBase.o [1]
touchgfx::TypedText::getText() const
                         0x80f'ea7d     0x18  Code  Gb  SingleZoneContainerBase.o [1]
touchgfx::TypedText::getTextDirection() const
                         0x810'5439     0x20  Code  Gb  SingleZoneContainerBase.o [1]
touchgfx::TypedText::numberOfTypedTexts
                        0x2001'a902      0x2  Data  Gb  TypedText.o [7]
touchgfx::TypedText::texts
                        0x2001'a8f0      0x4  Data  Gb  TypedText.o [7]
touchgfx::TypedText::typedTexts
                        0x2001'a8ec      0x4  Data  Gb  TypedText.o [7]
touchgfx::UIEventListener::handleClickEvent(touchgfx::ClickEvent const &)
                         0x810'6eb9      0x2  Code  Gb  Application.o [7]
touchgfx::UIEventListener::handleDragEvent(touchgfx::DragEvent const &)
                         0x810'6ebb      0x2  Code  Gb  Application.o [7]
touchgfx::UIEventListener::handleGestureEvent(touchgfx::GestureEvent const &)
                         0x810'6ebd      0x2  Code  Gb  Application.o [7]
touchgfx::UIEventListener::handleKeyEvent(unsigned char)
                         0x810'6ebf      0x2  Code  Gb  Application.o [7]
touchgfx::UIEventListener::handleTickEvent()
                         0x810'6ec1      0x2  Code  Gb  Application.o [7]
touchgfx::Unicode::EMPTY
                         0x80f'c0ae      0x2  Data  Gb  Unicode.o [7]
touchgfx::Unicode::atoi(unsigned short const *)
                         0x80f'e2dd     0x20  Code  Gb  Unicode.o [7]
touchgfx::Unicode::composeString(unsigned short const *&, unsigned short, unsigned short const *, bool, bool, int, bool, int, bool, int &, unsigned short, unsigned short *)
                         0x80f'e62f    0x14c  Code  Gb  Unicode.o [7]
touchgfx::Unicode::itoa(int, unsigned short *, unsigned short, int)
                         0x80f'e233     0x68  Code  Gb  Unicode.o [7]
touchgfx::Unicode::snprintf(unsigned short *, unsigned short, char const *, ...)
                         0x80f'e5fd      0xe  Code  Gb  Unicode.o [7]
touchgfx::Unicode::strncpy(unsigned short *, char const *, unsigned short)
                         0x80f'e209     0x24  Code  Gb  Unicode.o [7]
touchgfx::Unicode::utoa(unsigned int, unsigned short *, unsigned short, int)
                         0x80f'e29b     0x42  Code  Gb  Unicode.o [7]
touchgfx::Unicode::vsnprintf(unsigned short *, unsigned short, char const *, __va_list)
                         0x80f'e60b     0x24  Code  Gb  Unicode.o [7]
touchgfx::Unicode::vsnprintf(unsigned short *, unsigned short, unsigned short const *, __va_list)
                         0x80f'e2fd    0x2f4  Code  Gb  Unicode.o [7]
touchgfx::Vector<touchgfx::Rect, (unsigned short)8>::add(touchgfx::Rect)
                         0x80f'7e33     0x28  Code  Gb  Application.o [7]
touchgfx::Vector<touchgfx::Rect, (unsigned short)8>::quickRemoveAt(unsigned short)
                         0x80f'7d0f     0x50  Code  Gb  Application.o [7]
touchgfx::View<MainPresenter>::~View()
                         0x810'68eb      0x2  Code  Gb  MainViewBase.o [1]
touchgfx::Widget::Widget() [subobject]
                         0x80f'f587      0xc  Code  Gb  WindowSettingsContainerBase.o [1]
touchgfx::Widget::getLastChild(short, short, touchgfx::Drawable **)
                         0x80f'595b     0x12  Code  Gb  SingleZoneContainerBase.o [1]
touchgfx::getHAL<STM32F4HAL>(touchgfx::DMA_Interface &, touchgfx::LCD &, touchgfx::TouchController &, int16_t, int16_t)::hal
                        0x2001'a520     0x68  Data  Lc  BoardConfiguration.o [1]
touchgfx::getHAL<STM32F4HAL>(touchgfx::DMA_Interface &, touchgfx::LCD &, touchgfx::TouchController &, int16_t, int16_t)::static guard for hal
                        0x2001'a51c      0x1  Data  Lc  BoardConfiguration.o [1]
touchgfx::memset(void *, unsigned char, unsigned int)
                         0x80f'f4d1      0xe  Code  Gb  Utils.o [7]
touchgfx::touchgfx_init()
                         0x810'1903     0x60  Code  Gb  BoardConfiguration.o [1]
typedTextDatabaseArray   0x810'6e90      0x4  Data  Lc  TypedTextDatabase.o [1]
typedText_database_DEFAULT
                         0x810'65ac     0x2c  Data  Lc  TypedTextDatabase.o [1]
ucHeap                  0x2001'22c8   0x8000  Data  Lc  heap_4.o [1]
ucMaxSysCallPriority    0x2000'0acc      0x1  Data  Lc  port.o [1]
uiTaskHandle            0x2001'a5e8      0x4  Data  Gb  main.o [1]
ulMaxPRIGROUPValue      0x2000'0ad4      0x4  Data  Lc  port.o [1]
ulStoppedTimerCompensation
                        0x2001'a8a8      0x4  Data  Lc  port.o [1]
ulTimerCountsForOneTick
                        0x2001'a8a0      0x4  Data  Lc  port.o [1]
unicodes_verdana_10_4bpp
                         0x80f'd068    0x610  Data  Gb  Font_verdana_10_4bpp.o [1]
unicodes_verdana_20_4bpp
                         0x80f'29bc   0x13b8  Data  Gb  Font_verdana_20_4bpp.o [1]
unicodes_verdana_40_4bpp
                         0x80e'6a3c   0x4f00  Data  Gb  Font_verdana_40_4bpp.o [1]
uwTick                  0x2000'0adc      0x4  Data  Gb  stm32f4xx_hal.o [1]
uwTickFreq              0x2000'0ad8      0x1  Data  Gb  stm32f4xx_hal.o [1]
uwTickPrio              0x2000'0ae0      0x4  Data  Gb  stm32f4xx_hal.o [1]
uxCriticalNesting       0x2000'0ad0      0x4  Data  Lc  port.o [1]
uxCurrentNumberOfTasks  0x2001'a3bc      0x4  Data  Lc  tasks.o [1]
uxDeletedTasksWaitingCleanUp
                        0x2001'a3a4      0x4  Data  Lc  tasks.o [1]
uxListRemove             0x80f'9551     0x26  Code  Gb  list.o [1]
uxPendedTicks           0x2001'a3cc      0x4  Data  Lc  tasks.o [1]
uxSchedulerSuspended    0x2001'a3e0      0x4  Data  Lc  tasks.o [1]
uxTaskNumber            0x2001'a3d8      0x4  Data  Lc  tasks.o [1]
uxTopReadyPriority      0x2001'a3c4      0x4  Data  Lc  tasks.o [1]
vApplicationIdleHook     0x80f'9909      0x8  Code  Gb  OSWrappers.o [1]
vApplicationMallocFailedHook
                         0x80f'9907      0x2  Code  Gb  OSWrappers.o [1]
vApplicationStackOverflowHook
                         0x80f'9905      0x2  Code  Gb  OSWrappers.o [1]
vListInitialise          0x80f'94e5     0x1a  Code  Gb  list.o [1]
vListInitialiseItem      0x80f'94ff      0x6  Code  Gb  list.o [1]
vListInsert              0x80f'951f     0x32  Code  Gb  list.o [1]
vListInsertEnd           0x80f'9505     0x1a  Code  Gb  list.o [1]
vPortEnableVFP           0x80f'99fd           Code  Gb  portasm.o [1]
vPortEnterCritical       0x80f'9665     0x32  Code  Gb  port.o [1]
vPortExitCritical        0x80f'9697     0x22  Code  Gb  port.o [1]
vPortFree                0x80f'9443     0x46  Code  Gb  heap_4.o [1]
vPortStartFirstTask      0x80f'99dd           Code  Gb  portasm.o [1]
vPortSuppressTicksAndSleep
                         0x80f'9749     0xe8  Code  Wk  port.o [1]
vPortValidateInterruptPriority
                         0x80f'96e1     0x34  Code  Gb  port.o [1]
vTaskDelay               0x80f'8bc7     0x2e  Code  Gb  tasks.o [1]
vTaskInternalSetTimeOutState
                         0x80f'8f45      0xe  Code  Gb  tasks.o [1]
vTaskMissedYield         0x80f'8fcd      0xa  Code  Gb  tasks.o [1]
vTaskPlaceOnEventList    0x80f'8ebb     0x26  Code  Gb  tasks.o [1]
vTaskPriorityDisinheritAfterTimeout
                         0x80f'91c7     0x80  Code  Gb  tasks.o [1]
vTaskSetApplicationTaskTag
                         0x80f'8e15     0x14  Code  Gb  tasks.o [1]
vTaskStartScheduler      0x80f'8c0d     0x54  Code  Gb  tasks.o [1]
vTaskStepTick            0x80f'8d31     0x26  Code  Gb  tasks.o [1]
vTaskSuspendAll          0x80f'8c61      0xc  Code  Gb  tasks.o [1]
vTaskSwitchContext       0x80f'8e31     0x76  Code  Gb  tasks.o [1]
vsync_q                 0x2000'0ac4      0x4  Data  Lc  OSWrappers.o [1]
xBlockAllocatedBit      0x2001'22c4      0x4  Data  Lc  heap_4.o [1]
xDelayedTaskList1       0x2001'a3e4     0x14  Data  Lc  tasks.o [1]
xDelayedTaskList2       0x2001'a3f8     0x14  Data  Lc  tasks.o [1]
xFreeBytesRemaining     0x2001'22bc      0x4  Data  Lc  heap_4.o [1]
xIdleTaskHandle         0x2001'a40c      0x4  Data  Lc  tasks.o [1]
xMaximumPossibleSuppressedTicks
                        0x2001'a8a4      0x4  Data  Lc  port.o [1]
xMinimumEverFreeBytesRemaining
                        0x2001'22c0      0x4  Data  Lc  heap_4.o [1]
xNextTaskUnblockTime    0x2001'a3dc      0x4  Data  Lc  tasks.o [1]
xNumOfOverflows         0x2001'a3d4      0x4  Data  Lc  tasks.o [1]
xPendingReadyList       0x2001'a370     0x14  Data  Lc  tasks.o [1]
xPortStartScheduler      0x80f'95c1     0xa4  Code  Gb  port.o [1]
xPortSysTickHandler      0x80f'96b9     0x26  Code  Gb  port.o [1]
xQueueGenericCreate      0x80f'9a95     0x38  Code  Gb  queue.o [1]
xQueueGenericReset       0x80f'9a1d     0x78  Code  Gb  queue.o [1]
xQueueGenericSend        0x80f'9af3    0x128  Code  Gb  queue.o [1]
xQueueGenericSendFromISR
                         0x80f'9c23     0x8a  Code  Gb  queue.o [1]
xQueueGiveFromISR        0x80f'9cad     0x70  Code  Gb  queue.o [1]
xQueueReceive            0x80f'9d31     0xfc  Code  Gb  queue.o [1]
xQueueReceiveFromISR     0x80f'9f95     0x82  Code  Gb  queue.o [1]
xQueueSemaphoreTake      0x80f'9e37    0x128  Code  Gb  queue.o [1]
xSchedulerRunning       0x2001'a3c8      0x4  Data  Lc  tasks.o [1]
xStart                  0x2001'22b0      0x8  Data  Lc  heap_4.o [1]
xSuspendedTaskList      0x2001'a3a8     0x14  Data  Lc  tasks.o [1]
xTaskCheckForTimeOut     0x80f'8f53     0x66  Code  Gb  tasks.o [1]
xTaskCreate              0x80f'8a49     0x58  Code  Gb  tasks.o [1]
xTaskGetSchedulerState   0x80f'909d     0x18  Code  Gb  tasks.o [1]
xTaskIncrementTick       0x80f'8d57     0xbe  Code  Gb  tasks.o [1]
xTaskPriorityDisinherit
                         0x80f'9137     0x70  Code  Gb  tasks.o [1]
xTaskPriorityInherit     0x80f'90b5     0x7c  Code  Gb  tasks.o [1]
xTaskRemoveFromEventList
                         0x80f'8ee5     0x56  Code  Gb  tasks.o [1]
xTaskResumeAll           0x80f'8c99     0x90  Code  Gb  tasks.o [1]
xTasksWaitingTermination
                        0x2001'a384     0x14  Data  Lc  tasks.o [1]
xTickCount              0x2001'a3c0      0x4  Data  Lc  tasks.o [1]
xYieldPending           0x2001'a3d0      0x4  Data  Lc  tasks.o [1]


[1] = C:\Data\Work\Git\sage\stm32TouchGFX\switch_touchgfx\EWARM\switch_touchgfx\Obj
[2] = dl7M_tlf.a
[3] = dlpp7M_tl_fc.a
[4] = m7M_tls.a
[5] = rt7M_tl.a
[6] = shb_l.a
[7] = touchgfx_core_release.a

     63 543 bytes of readonly  code memory
  1 013 602 bytes of readonly  data memory
    110 342 bytes of readwrite data memory

Errors: none
Warnings: none
